Time	Cycle	PC	Insn	Decoded instruction	Register and memory contents
         229000	        14	80000080	00000013	addi	x0,x0,0	  x0:0x00000000  x0=0x00000000
         251000	        25	80000084	4081	c.li	x1,0	  x1=0x00000000
         253000	        26	80000086	5296a137	lui	x2,0x5296a	  x2=0x5296a000
         275000	        37	8000008a	ec010113	addi	x2,x2,-320	  x2:0x5296a000  x2=0x52969ec0
         277000	        38	8000008e	4181	c.li	x3,0	  x3=0x00000000
         295000	        47	80000090	4201	c.li	x4,0	  x4=0x00000000
         297000	        48	80000092	f08252b7	lui	x5,0xf0825	  x5=0xf0825000
         319000	        59	80000096	d1028293	addi	x5,x5,-752	  x5:0xf0825000  x5=0xf0824d10
         321000	        60	8000009a	4301	c.li	x6,0	  x6=0x00000000
         323000	        61	8000009c	ffe243b7	lui	x7,0xffe24	  x7=0xffe24000
         325000	        62	800000a0	19038393	addi	x7,x7,400	  x7:0xffe24000  x7=0xffe24190
         359000	        79	800000a4	9e6b0437	lui	x8,0x9e6b0	  x8=0x9e6b0000
         377000	        88	800000a8	9cd40413	addi	x8,x8,-1587	  x8:0x9e6b0000  x8=0x9e6af9cd
         411000	       105	800000ac	800004b7	lui	x9,0x80000	  x9=0x80000000
         413000	       106	800000b0	ff24d537	lui	x10,0xff24d	 x10=0xff24d000
         429000	       114	800000b4	9b450513	addi	x10,x10,-1612	 x10:0xff24d000 x10=0xff24c9b4
         447000	       123	800000b8	221c65b7	lui	x11,0x221c6	 x11=0x221c6000
         463000	       131	800000bc	e0758593	addi	x11,x11,-505	 x11:0x221c6000 x11=0x221c5e07
         497000	       148	800000c0	fcb0e637	lui	x12,0xfcb0e	 x12=0xfcb0e000
         499000	       149	800000c4	e0560613	addi	x12,x12,-507	 x12:0xfcb0e000 x12=0xfcb0de05
         543000	       171	800000c8	800006b7	lui	x13,0x80000	 x13=0x80000000
         545000	       172	800000cc	4701	c.li	x14,0	 x14=0x00000000
         583000	       191	800000ce	fa1187b7	lui	x15,0xfa118	 x15=0xfa118000
         585000	       192	800000d2	12e78793	addi	x15,x15,302	 x15:0xfa118000 x15=0xfa11812e
         609000	       204	800000d6	19fae837	lui	x16,0x19fae	 x16=0x19fae000
         631000	       215	800000da	0a780813	addi	x16,x16,167	 x16:0x19fae000 x16=0x19fae0a7
         641000	       220	800000de	800008b7	lui	x17,0x80000	 x17=0x80000000
         691000	       245	800000e2	46486937	lui	x18,0x46486	 x18=0x46486000
         733000	       266	800000e6	95690913	addi	x18,x18,-1706	 x18:0x46486000 x18=0x46485956
         735000	       267	800000ea	499d	c.li	x19,7	 x19=0x00000007
         741000	       270	800000ec	f4b95a37	lui	x20,0xf4b95	 x20=0xf4b95000
         749000	       274	800000f0	f69a0a13	addi	x20,x20,-151	 x20:0xf4b95000 x20=0xf4b94f69
         765000	       282	800000f4	49648ab7	lui	x21,0x49648	 x21=0x49648000
         801000	       300	800000f8	224a8a93	addi	x21,x21,548	 x21:0x49648000 x21=0x49648224
         803000	       301	800000fc	4b15	c.li	x22,5	 x22=0x00000005
         805000	       302	800000fe	38026bb7	lui	x23,0x38026	 x23=0x38026000
         831000	       315	80000102	492b8b93	addi	x23,x23,1170	 x23:0x38026000 x23=0x38026492
         833000	       316	80000106	4c21	c.li	x24,8	 x24=0x00000008
         865000	       332	80000108	4c81	c.li	x25,0	 x25=0x00000000
         875000	       337	8000010a	80000d37	lui	x26,0x80000	 x26=0x80000000
         915000	       357	8000010e	80000db7	lui	x27,0x80000	 x27=0x80000000
         917000	       358	80000112	4e01	c.li	x28,0	 x28=0x00000000
         957000	       378	80000114	4e81	c.li	x29,0	 x29=0x00000000
         959000	       379	80000116	4f15	c.li	x30,5	 x30=0x00000005
         977000	       388	80000118	80000fb7	lui	x31,0x80000	 x31=0x80000000
         979000	       389	8000011c	40001b37	lui	x22,0x40001	 x22=0x40001000
        1001000	       400	80000120	104b0b13	addi	x22,x22,260	 x22:0x40001000 x22=0x40001104
        1027000	       413	80000124	301b1073	csrrw	x0,misa,x22	 x22:0x40001104  x0=0x00000000
        1043000	       421	80000128	00027997	auipc	x19,0x27	 x19=0x80027128
        1055000	       427	8000012c	d5498993	addi	x19,x19,-684	 x19:0x80027128 x19=0x80026e7c
        1057000	       428	80000130	00012b17	auipc	x22,0x12	 x22=0x80012130
        1097000	       448	80000134	ed0b0b13	addi	x22,x22,-304	 x22:0x80012130 x22=0x80012000
        1099000	       449	80000138	001b6b13	ori	x22,x22,1	 x22:0x80012000 x22=0x80012001
        1121000	       460	8000013c	305b1073	csrrw	x0,mtvec,x22	 x22:0x80012001  x0=0x00000000
        1143000	       471	80000140	00000b17	auipc	x22,0x0	 x22=0x80000140
        1165000	       482	80000144	010b0b13	addi	x22,x22,16	 x22:0x80000140 x22=0x80000150
        1187000	       493	80000148	341b1073	csrrw	x0,mepc,x22	 x22:0x80000150  x0=0x00000000
        1203000	       501	8000014c	7aa0f06f	jal	x0,8000f8f6	  x0=0x00000000
        1271000	       535	8000f8f6	5e000b37	lui	x22,0x5e000	 x22=0x5e000000
        1313000	       556	8000f8fa	2fab0b13	addi	x22,x22,762	 x22:0x5e000000 x22=0x5e0002fa
        1355000	       577	8000f8fe	300b1073	csrrw	x0,mstatus,x22	 x22:0x5e0002fa  x0=0x00000000
        1361000	       580	8000f902	c0bfcb37	lui	x22,0xc0bfc	 x22=0xc0bfc000
        1363000	       581	8000f906	f4fb0b13	addi	x22,x22,-177	 x22:0xc0bfc000 x22=0xc0bfbf4f
        1367000	       583	8000f90a	304b1073	csrrw	x0,mie,x22	 x22:0xc0bfbf4f  x0=0x00000000
        1429000	       614	8000f90e	90000437	lui	x8,0x90000	  x8=0x90000000
        1447000	       623	8000f912	ffc40413	addi	x8,x8,-4	  x8:0x90000000  x8=0x8ffffffc
        1489000	       644	8000f916	90000437	lui	x8,0x90000	  x8=0x90000000
        1491000	       645	8000f91a	ffc40413	addi	x8,x8,-4	  x8:0x90000000  x8=0x8ffffffc
        1531000	       665	8000f91e	90000437	lui	x8,0x90000	  x8=0x90000000
        1545000	       672	8000f922	ffc40413	addi	x8,x8,-4	  x8:0x90000000  x8=0x8ffffffc
        1563000	       681	8000f926	30000b13	addi	x22,x0,768	  x0:0x00000000 x22=0x00000300
        1565000	       682	8000f92a	0b22	c.slli	x22,0x8	 x22:0x00000300 x22=0x00030000
        1567000	       683	8000f92c	0b0d	c.addi	x22,3	 x22:0x00030000 x22=0x00030003
        1625000	       712	8000f92e	01642023	sw	x22,0(x8)	  x8:0x8ffffffc x22:0x00030003 PA:0x8ffffffc store:0x00030003 load:0x00030003
        1627000	       713	8000f932	30002b73	csrrs	x22,mstatus,x0	  x0:0x00000000 x22=0x00000088
        1631000	       715	8000f936	01642023	sw	x22,0(x8)	  x8:0x8ffffffc x22:0x00000088 PA:0x8ffffffc store:0x00000088 load:0x00000088
        1633000	       716	8000f93a	90000437	lui	x8,0x90000	  x8=0x90000000
        1675000	       737	8000f93e	ffc40413	addi	x8,x8,-4	  x8:0x90000000  x8=0x8ffffffc
        1689000	       744	8000f942	30400b13	addi	x22,x0,772	  x0:0x00000000 x22=0x00000304
        1691000	       745	8000f946	0b22	c.slli	x22,0x8	 x22:0x00000304 x22=0x00030400
        1711000	       755	8000f948	0b0d	c.addi	x22,3	 x22:0x00030400 x22=0x00030403
        1727000	       763	8000f94a	01642023	sw	x22,0(x8)	  x8:0x8ffffffc x22:0x00030403 PA:0x8ffffffc store:0x00030403 load:0x00030403
        1735000	       767	8000f94e	30402b73	csrrs	x22,mie,x0	  x0:0x00000000 x22=0x40bf0808
        1769000	       784	8000f952	01642023	sw	x22,0(x8)	  x8:0x8ffffffc x22:0x40bf0808 PA:0x8ffffffc store:0x40bf0808 load:0x40bf0808
        1771000	       785	8000f956	30200073	mret	
        1815000	       807	80000150	00023297	auipc	x5,0x23	  x5=0x80023150
        1823000	       811	80000154	ccc28293	addi	x5,x5,-820	  x5:0x80023150  x5=0x80022e1c
        1861000	       830	80000158	90000437	lui	x8,0x90000	  x8=0x90000000
        1903000	       851	8000015c	ffc40413	addi	x8,x8,-4	  x8:0x90000000  x8=0x8ffffffc
        1911000	       855	80000160	4b01	c.li	x22,0	 x22=0x00000000
        1913000	       856	80000162	0b22	c.slli	x22,0x8	 x22:0x00000000 x22=0x00000000
        1933000	       866	80000164	000b0b13	addi	x22,x22,0	 x22:0x00000000 x22=0x00000000
        1977000	       888	80000168	01642023	sw	x22,0(x8)	  x8:0x8ffffffc x22:0x00000000 PA:0x8ffffffc store:0x00000000 load:0x00000000
        1979000	       889	8000016c	ff700513	addi	x10,x0,-9	  x0:0x00000000 x10=0xfffffff7
        1987000	       893	80000170	02d5ab33	mulhsu	x22,x11,x13	 x11:0x221c5e07 x13:0x80000000 x22=0x110e2f03
        1989000	       894	80000174	0001	c.addi	x0,0	  x0:0x00000000  x0=0x00000000
        2023000	       911	80000176	fe82ed93	ori	x27,x5,-24	  x5:0x80022e1c x27=0xfffffffc
        2025000	       912	8000017a	0001	c.addi	x0,0	  x0:0x00000000  x0=0x00000000
        2045000	       922	8000017c	03f82a33	mulhsu	x20,x16,x31	 x16:0x19fae0a7 x31:0x80000000 x20=0x0cfd7053
        2047000	       923	80000180	e2c2ab93	slti	x23,x5,-468	  x5:0x80022e1c x23=0x00000001
        2063000	       931	80000184	00189c33	sll	x24,x17,x1	 x17:0x80000000  x1:0x00000000 x24=0x80000000
        2065000	       932	80000188	1b7d	c.addi	x22,-1	 x22:0x110e2f03 x22=0x110e2f02
        2067000	       933	8000018a	5a7d	c.li	x20,-1	 x20=0xffffffff
        2073000	       936	8000018c	007184b3	add	x9,x3,x7	  x3:0x00000000  x7:0xffe24190  x9=0xffe24190
        2075000	       937	80000190	0525	c.addi	x10,9	 x10:0xfffffff7 x10=0x00000000
        2095000	       947	80000192	ffa00e93	addi	x29,x0,-6	  x0:0x00000000 x29=0xfffffffa
        2097000	       948	80000196	0001	c.addi	x0,0	  x0:0x00000000  x0=0x00000000
        2109000	       954	80000198	00e00f13	addi	x30,x0,14	  x0:0x00000000 x30=0x0000000e
        2151000	       975	8000019c	8b12	c.mv	x22,x4	  x0:0x00000000  x4:0x00000000 x22=0x00000000
        2153000	       976	8000019e	01886433	or	x8,x16,x24	 x16:0x19fae0a7 x24:0x80000000  x8=0x99fae0a7
        2191000	       995	800001a2	0181dc33	srl	x24,x3,x24	  x3:0x00000000 x24:0x80000000 x24=0x00000000
        2207000	      1003	800001a6	86f7d217	auipc	x4,0x86f7d	  x4=0x06f7d1a6
        2209000	      1004	800001aa	01bf6733	or	x14,x30,x27	 x30:0x0000000e x27:0xfffffffc x14=0xfffffffe
        2211000	      1005	800001ae	0e99	c.addi	x29,6	 x29:0xfffffffa x29=0x00000000
        2291000	      1045	800001b0	035c5733	divu	x14,x24,x21	 x24:0x00000000 x21:0x49648224 x14=0x00000000
        2295000	      1047	800001b4	ffeec5e3	blt	x29,x30,8000019e	 x29:0x00000000 x30:0x0000000e  x0=0x00000000
        2377000	      1088	8000019e	01886433	or	x8,x16,x24	 x16:0x19fae0a7 x24:0x00000000  x8=0x19fae0a7
        2393000	      1096	800001a2	0181dc33	srl	x24,x3,x24	  x3:0x00000000 x24:0x00000000 x24=0x00000000
        2405000	      1102	800001a6	86f7d217	auipc	x4,0x86f7d	  x4=0x06f7d1a6
        2421000	      1110	800001aa	01bf6733	or	x14,x30,x27	 x30:0x0000000e x27:0xfffffffc x14=0xfffffffe
        2423000	      1111	800001ae	0e99	c.addi	x29,6	 x29:0x00000000 x29=0x00000006
        2497000	      1148	800001b0	035c5733	divu	x14,x24,x21	 x24:0x00000000 x21:0x49648224 x14=0x00000000
        2535000	      1167	8001207c	9b7ff06f	jal	x0,80011a32	  x0=0x00000000
        2567000	      1183	80011a32	f8428293	addi	x5,x5,-124	  x5:0x80022e1c  x5=0x80022da0
        2593000	      1196	80011a36	0012a223	sw	x1,4(x5)	  x5:0x80022da0  x1:0x00000000 PA:0x80022da4 store:0x00000000 load:0x00000000
        2645000	      1222	80011a3a	0022a423	sw	x2,8(x5)	  x5:0x80022da0  x2:0x52969ec0 PA:0x80022da8 store:0x52969ec0 load:0x52969ec0
        2731000	      1265	80011a3e	0032a623	sw	x3,12(x5)	  x5:0x80022da0  x3:0x00000000 PA:0x80022dac store:0x00000000 load:0x00000000
        2735000	      1267	80011a42	0042a823	sw	x4,16(x5)	  x5:0x80022da0  x4:0x06f7d1a6 PA:0x80022db0 store:0x06f7d1a6 load:0x06f7d1a6
        2771000	      1285	80011a46	0052aa23	sw	x5,20(x5)	  x5:0x80022da0  x5:0x80022da0 PA:0x80022db4 store:0x80022da0 load:0x80022da0
        2805000	      1302	80011a4a	0062ac23	sw	x6,24(x5)	  x5:0x80022da0  x6:0x00000000 PA:0x80022db8 store:0x00000000 load:0x00000000
        2847000	      1323	80011a4e	0072ae23	sw	x7,28(x5)	  x5:0x80022da0  x7:0xffe24190 PA:0x80022dbc store:0xffe24190 load:0xffe24190
        2865000	      1332	80011a52	0282a023	sw	x8,32(x5)	  x5:0x80022da0  x8:0x19fae0a7 PA:0x80022dc0 store:0x19fae0a7 load:0x19fae0a7
        2889000	      1344	80011a56	0292a223	sw	x9,36(x5)	  x5:0x80022da0  x9:0xffe24190 PA:0x80022dc4 store:0xffe24190 load:0xffe24190
        2949000	      1374	80011a5a	02a2a423	sw	x10,40(x5)	  x5:0x80022da0 x10:0x00000000 PA:0x80022dc8 store:0x00000000 load:0x00000000
        2993000	      1396	80011a5e	02b2a623	sw	x11,44(x5)	  x5:0x80022da0 x11:0x221c5e07 PA:0x80022dcc store:0x221c5e07 load:0x221c5e07
        2997000	      1398	80011a62	02c2a823	sw	x12,48(x5)	  x5:0x80022da0 x12:0xfcb0de05 PA:0x80022dd0 store:0xfcb0de05 load:0xfcb0de05
        3005000	      1402	80011a66	02d2aa23	sw	x13,52(x5)	  x5:0x80022da0 x13:0x80000000 PA:0x80022dd4 store:0x80000000 load:0x80000000
        3039000	      1419	80011a6a	02e2ac23	sw	x14,56(x5)	  x5:0x80022da0 x14:0x00000000 PA:0x80022dd8 store:0x00000000 load:0x00000000
        3063000	      1431	80011a6e	02f2ae23	sw	x15,60(x5)	  x5:0x80022da0 x15:0xfa11812e PA:0x80022ddc store:0xfa11812e load:0xfa11812e
        3121000	      1460	80011a72	0502a023	sw	x16,64(x5)	  x5:0x80022da0 x16:0x19fae0a7 PA:0x80022de0 store:0x19fae0a7 load:0x19fae0a7
        3125000	      1462	80011a76	0512a223	sw	x17,68(x5)	  x5:0x80022da0 x17:0x80000000 PA:0x80022de4 store:0x80000000 load:0x80000000
        3145000	      1472	80011a7a	0522a423	sw	x18,72(x5)	  x5:0x80022da0 x18:0x46485956 PA:0x80022de8 store:0x46485956 load:0x46485956
        3149000	      1474	80011a7e	0532a623	sw	x19,76(x5)	  x5:0x80022da0 x19:0x80026e7c PA:0x80022dec store:0x80026e7c load:0x80026e7c
        3159000	      1479	80011a82	0542a823	sw	x20,80(x5)	  x5:0x80022da0 x20:0xffffffff PA:0x80022df0 store:0xffffffff load:0xffffffff
        3207000	      1503	80011a86	0552aa23	sw	x21,84(x5)	  x5:0x80022da0 x21:0x49648224 PA:0x80022df4 store:0x49648224 load:0x49648224
        3215000	      1507	80011a8a	0562ac23	sw	x22,88(x5)	  x5:0x80022da0 x22:0x00000000 PA:0x80022df8 store:0x00000000 load:0x00000000
        3221000	      1510	80011a8e	0572ae23	sw	x23,92(x5)	  x5:0x80022da0 x23:0x00000001 PA:0x80022dfc store:0x00000001 load:0x00000001
        3257000	      1528	80011a92	0782a023	sw	x24,96(x5)	  x5:0x80022da0 x24:0x00000000 PA:0x80022e00 store:0x00000000 load:0x00000000
        3267000	      1533	80011a96	0792a223	sw	x25,100(x5)	  x5:0x80022da0 x25:0x00000000 PA:0x80022e04 store:0x00000000 load:0x00000000
        3291000	      1545	80011a9a	07a2a423	sw	x26,104(x5)	  x5:0x80022da0 x26:0x80000000 PA:0x80022e08 store:0x80000000 load:0x80000000
        3311000	      1555	80011a9e	07b2a623	sw	x27,108(x5)	  x5:0x80022da0 x27:0xfffffffc PA:0x80022e0c store:0xfffffffc load:0xfffffffc
        3357000	      1578	80011aa2	07c2a823	sw	x28,112(x5)	  x5:0x80022da0 x28:0x00000000 PA:0x80022e10 store:0x00000000 load:0x00000000
        3401000	      1600	80011aa6	07d2aa23	sw	x29,116(x5)	  x5:0x80022da0 x29:0x00000006 PA:0x80022e14 store:0x00000006 load:0x00000006
        3425000	      1612	80011aaa	07e2ac23	sw	x30,120(x5)	  x5:0x80022da0 x30:0x0000000e PA:0x80022e18 store:0x0000000e load:0x0000000e
        3455000	      1627	80011aae	07f2ae23	sw	x31,124(x5)	  x5:0x80022da0 x31:0x80000000 PA:0x80022e1c store:0x80000000 load:0x80000000
        3457000	      1628	80011ab2	90000437	lui	x8,0x90000	  x8=0x90000000
        3459000	      1629	80011ab6	ffc40413	addi	x8,x8,-4	  x8:0x90000000  x8=0x8ffffffc
        3461000	      1630	80011aba	4b19	c.li	x22,6	 x22=0x00000006
        3471000	      1635	80011abc	0b22	c.slli	x22,0x8	 x22:0x00000006 x22=0x00000600
        3493000	      1646	80011abe	000b0b13	addi	x22,x22,0	 x22:0x00000600 x22=0x00000600
        3535000	      1667	80011ac2	01642023	sw	x22,0(x8)	  x8:0x8ffffffc x22:0x00000600 PA:0x8ffffffc store:0x00000600 load:0x00000600
        3537000	      1668	80011ac6	34202b73	csrrs	x22,mcause,x0	  x0:0x00000000 x22=0x8000001f
        3545000	      1672	80011aca	01fb5b13	srli	x22,x22,0x1f	 x22:0x8000001f x22=0x00000001
        3571000	      1685	80011ace	060b0c63	beq	x22,x0,80011b46	 x22:0x00000001  x0:0x00000000  x0=0x00000000
        3573000	      1686	80011ad2	90000437	lui	x8,0x90000	  x8=0x90000000
        3595000	      1697	80011ad6	ffc40413	addi	x8,x8,-4	  x8:0x90000000  x8=0x8ffffffc
        3617000	      1708	80011ada	30000b13	addi	x22,x0,768	  x0:0x00000000 x22=0x00000300
        3619000	      1709	80011ade	0b22	c.slli	x22,0x8	 x22:0x00000300 x22=0x00030000
        3639000	      1719	80011ae0	0b0d	c.addi	x22,3	 x22:0x00030000 x22=0x00030003
        3703000	      1751	80011ae2	01642023	sw	x22,0(x8)	  x8:0x8ffffffc x22:0x00030003 PA:0x8ffffffc store:0x00030003 load:0x00030003
        3705000	      1752	80011ae6	30002b73	csrrs	x22,mstatus,x0	  x0:0x00000000 x22=0x00000080
        3715000	      1757	80011aea	01642023	sw	x22,0(x8)	  x8:0x8ffffffc x22:0x00000080 PA:0x8ffffffc store:0x00000080 load:0x00000080
        3755000	      1777	80011aee	90000437	lui	x8,0x90000	  x8=0x90000000
        3757000	      1778	80011af2	ffc40413	addi	x8,x8,-4	  x8:0x90000000  x8=0x8ffffffc
        3775000	      1787	80011af6	34200b13	addi	x22,x0,834	  x0:0x00000000 x22=0x00000342
        3777000	      1788	80011afa	0b22	c.slli	x22,0x8	 x22:0x00000342 x22=0x00034200
        3779000	      1789	80011afc	0b0d	c.addi	x22,3	 x22:0x00034200 x22=0x00034203
        3845000	      1822	80011afe	01642023	sw	x22,0(x8)	  x8:0x8ffffffc x22:0x00034203 PA:0x8ffffffc store:0x00034203 load:0x00034203
        3859000	      1829	80011b02	34202b73	csrrs	x22,mcause,x0	  x0:0x00000000 x22=0x8000001f
        3865000	      1832	80011b06	01642023	sw	x22,0(x8)	  x8:0x8ffffffc x22:0x8000001f PA:0x8ffffffc store:0x8000001f load:0x8000001f
        3867000	      1833	80011b0a	90000437	lui	x8,0x90000	  x8=0x90000000
        3889000	      1844	80011b0e	ffc40413	addi	x8,x8,-4	  x8:0x90000000  x8=0x8ffffffc
        3891000	      1845	80011b12	30400b13	addi	x22,x0,772	  x0:0x00000000 x22=0x00000304
        3893000	      1846	80011b16	0b22	c.slli	x22,0x8	 x22:0x00000304 x22=0x00030400
        3907000	      1853	80011b18	0b0d	c.addi	x22,3	 x22:0x00030400 x22=0x00030403
        3963000	      1881	80011b1a	01642023	sw	x22,0(x8)	  x8:0x8ffffffc x22:0x00030403 PA:0x8ffffffc store:0x00030403 load:0x00030403
        3965000	      1882	80011b1e	30402b73	csrrs	x22,mie,x0	  x0:0x00000000 x22=0x40bf0808
        4027000	      1913	80011b22	01642023	sw	x22,0(x8)	  x8:0x8ffffffc x22:0x40bf0808 PA:0x8ffffffc store:0x40bf0808 load:0x40bf0808
        4029000	      1914	80011b26	90000437	lui	x8,0x90000	  x8=0x90000000
        4031000	      1915	80011b2a	ffc40413	addi	x8,x8,-4	  x8:0x90000000  x8=0x8ffffffc
        4069000	      1934	80011b2e	34400b13	addi	x22,x0,836	  x0:0x00000000 x22=0x00000344
        4071000	      1935	80011b32	0b22	c.slli	x22,0x8	 x22:0x00000344 x22=0x00034400
        4081000	      1940	80011b34	0b0d	c.addi	x22,3	 x22:0x00034400 x22=0x00034403
        4095000	      1947	80011b36	01642023	sw	x22,0(x8)	  x8:0x8ffffffc x22:0x00034403 PA:0x8ffffffc store:0x00034403 load:0x00034403
        4097000	      1948	80011b3a	34402b73	csrrs	x22,mip,x0	  x0:0x00000000 x22=0xXxxx0008
        4117000	      1958	80011b3e	01642023	sw	x22,0(x8)	  x8:0x8ffffffc x22:0xXxxx0008 PA:0x8ffffffc store:0xXxxx0008 load:0x00000008
        4123000	      1961	80011b42	4be0106f	jal	x0,80013000	  x0=0x00000000
        4137000	      1968	80013000	30002b73	csrrs	x22,mstatus,x0	  x0:0x00000000 x22=0x00000080
        4143000	      1971	80013004	30402b73	csrrs	x22,mie,x0	  x0:0x00000000 x22=0x40bf0808
        4165000	      1982	80013008	34402b73	csrrs	x22,mip,x0	  x0:0x00000000 x22=0xXxxx0008
        4167000	      1983	8001300c	344b3b73	csrrc	x22,mip,x22	 x22:0xXxxx0008 x22=0xXxxx0008
        4189000	      1994	80013010	90000437	lui	x8,0x90000	  x8=0x90000000
        4207000	      2003	80013014	ffc40413	addi	x8,x8,-4	  x8:0x90000000  x8=0x8ffffffc
        4209000	      2004	80013018	4b1d	c.li	x22,7	 x22=0x00000007
        4211000	      2005	8001301a	0b22	c.slli	x22,0x8	 x22:0x00000007 x22=0x00000700
        4247000	      2023	8001301c	000b0b13	addi	x22,x22,0	 x22:0x00000700 x22=0x00000700
        4267000	      2033	80013020	01642023	sw	x22,0(x8)	  x8:0x8ffffffc x22:0x00000700 PA:0x8ffffffc store:0x00000700 load:0x00000700
        4317000	      2058	80013024	0042a083	lw	x1,4(x5)	  x5:0x80022da0  x1=0x00000000 PA:0x80022da4 store:0x06f7d1a6
        4349000	      2074	80013028	0082a103	lw	x2,8(x5)	  x5:0x80022da0  x2=0x52969ec0 PA:0x80022da8 store:0x8ffffffc
        4409000	      2104	8001302c	00c2a183	lw	x3,12(x5)	  x5:0x80022da0  x3=0x00000000 PA:0x80022dac store:0xfcb0de05
        4443000	      2121	80013030	0102a203	lw	x4,16(x5)	  x5:0x80022da0  x4=0x06f7d1a6 PA:0x80022db0 store:0x19fae0a7
        4487000	      2143	80013034	0142a283	lw	x5,20(x5)	  x5:0x80022da0  x5=0x80022da0 PA:0x80022db4 store:0xffffffff
        4517000	      2158	80013038	0182a303	lw	x6,24(x5)	  x5:0x80022da0  x6=0x00000000 PA:0x80022db8 store:0x00000000
        4561000	      2180	8001303c	01c2a383	lw	x7,28(x5)	  x5:0x80022da0  x7=0xffe24190 PA:0x80022dbc store:0x00000000
        4585000	      2192	80013040	0202a403	lw	x8,32(x5)	  x5:0x80022da0  x8=0x19fae0a7 PA:0x80022dc0 store:0x00000000
        4627000	      2213	80013044	0242a483	lw	x9,36(x5)	  x5:0x80022da0  x9=0xffe24190 PA:0x80022dc4 store:0x06f7d1a6
        4631000	      2215	80013048	0282a503	lw	x10,40(x5)	  x5:0x80022da0 x10=0x00000000 PA:0x80022dc8 store:0x19fae0a7
        4675000	      2237	8001304c	02c2a583	lw	x11,44(x5)	  x5:0x80022da0 x11=0x221c5e07 PA:0x80022dcc store:0xfcb0de05
        4679000	      2239	80013050	0302a603	lw	x12,48(x5)	  x5:0x80022da0 x12=0xfcb0de05 PA:0x80022dd0 store:0x19fae0a7
        4725000	      2262	80013054	0342a683	lw	x13,52(x5)	  x5:0x80022da0 x13=0x80000000 PA:0x80022dd4 store:0xffffffff
        4729000	      2264	80013058	0382a703	lw	x14,56(x5)	  x5:0x80022da0 x14=0x00000000 PA:0x80022dd8 store:0x00000000
        4737000	      2268	8001305c	03c2a783	lw	x15,60(x5)	  x5:0x80022da0 x15=0xfa11812e PA:0x80022ddc store:0x00000000
        4781000	      2290	80013060	0402a803	lw	x16,64(x5)	  x5:0x80022da0 x16=0x19fae0a7 PA:0x80022de0 store:0x00000000
        4813000	      2306	80013064	0442a883	lw	x17,68(x5)	  x5:0x80022da0 x17=0x80000000 PA:0x80022de4 store:0x06f7d1a6
        4829000	      2314	80013068	0482a903	lw	x18,72(x5)	  x5:0x80022da0 x18=0x46485956 PA:0x80022de8 store:0x19fae0a7
        4853000	      2326	8001306c	04c2a983	lw	x19,76(x5)	  x5:0x80022da0 x19=0x80026e7c PA:0x80022dec store:0xfcb0de05
        4901000	      2350	80013070	0502aa03	lw	x20,80(x5)	  x5:0x80022da0 x20=0xffffffff PA:0x80022df0 store:0x19fae0a7
        4963000	      2381	80013074	0542aa83	lw	x21,84(x5)	  x5:0x80022da0 x21=0x49648224 PA:0x80022df4 store:0xffffffff
        4967000	      2383	80013078	0582ab03	lw	x22,88(x5)	  x5:0x80022da0 x22=0x00000000 PA:0x80022df8 store:0x00000000
        4971000	      2385	8001307c	05c2ab83	lw	x23,92(x5)	  x5:0x80022da0 x23=0x00000001 PA:0x80022dfc store:0x00000000
        5021000	      2410	80013080	0602ac03	lw	x24,96(x5)	  x5:0x80022da0 x24=0x00000000 PA:0x80022e00 store:0x00000000
        5063000	      2431	80013084	0642ac83	lw	x25,100(x5)	  x5:0x80022da0 x25=0x00000000 PA:0x80022e04 store:0x06f7d1a6
        5067000	      2433	80013088	0682ad03	lw	x26,104(x5)	  x5:0x80022da0 x26=0x80000000 PA:0x80022e08 store:0x19fae0a7
        5093000	      2446	8001308c	06c2ad83	lw	x27,108(x5)	  x5:0x80022da0 x27=0xfffffffc PA:0x80022e0c store:0xfcb0de05
        5125000	      2462	80013090	0702ae03	lw	x28,112(x5)	  x5:0x80022da0 x28=0x00000000 PA:0x80022e10 store:0x19fae0a7
        5155000	      2477	80013094	0742ae83	lw	x29,116(x5)	  x5:0x80022da0 x29=0x00000006 PA:0x80022e14 store:0xffffffff
        5183000	      2491	80013098	0782af03	lw	x30,120(x5)	  x5:0x80022da0 x30=0x0000000e PA:0x80022e18 store:0x00000000
        5207000	      2503	8001309c	07c2af83	lw	x31,124(x5)	  x5:0x80022da0 x31=0x80000000 PA:0x80022e1c store:0x00000000
        5209000	      2504	800130a0	07c28293	addi	x5,x5,124	  x5:0x80022da0  x5=0x80022e1c
        5211000	      2505	800130a4	30200073	mret	
        5281000	      2540	800001b4	ffeec5e3	blt	x29,x30,8000019e	 x29:0x00000006 x30:0x0000000e  x0=0x00000000
        5327000	      2563	8000019e	01886433	or	x8,x16,x24	 x16:0x19fae0a7 x24:0x00000000  x8=0x19fae0a7
        5329000	      2564	800001a2	0181dc33	srl	x24,x3,x24	  x3:0x00000000 x24:0x00000000 x24=0x00000000
        5339000	      2569	800001a6	86f7d217	auipc	x4,0x86f7d	  x4=0x06f7d1a6
        5361000	      2580	800001aa	01bf6733	or	x14,x30,x27	 x30:0x0000000e x27:0xfffffffc x14=0xfffffffe
        5363000	      2581	800001ae	0e99	c.addi	x29,6	 x29:0x00000006 x29=0x0000000c
        5437000	      2618	800001b0	035c5733	divu	x14,x24,x21	 x24:0x00000000 x21:0x49648224 x14=0x00000000
        5441000	      2620	800001b4	ffeec5e3	blt	x29,x30,8000019e	 x29:0x0000000c x30:0x0000000e  x0=0x00000000
        5517000	      2658	8000019e	01886433	or	x8,x16,x24	 x16:0x19fae0a7 x24:0x00000000  x8=0x19fae0a7
        5529000	      2664	800001a2	0181dc33	srl	x24,x3,x24	  x3:0x00000000 x24:0x00000000 x24=0x00000000
        5541000	      2670	800001a6	86f7d217	auipc	x4,0x86f7d	  x4=0x06f7d1a6
        5547000	      2673	800001aa	01bf6733	or	x14,x30,x27	 x30:0x0000000e x27:0xfffffffc x14=0xfffffffe
        5549000	      2674	800001ae	0e99	c.addi	x29,6	 x29:0x0000000c x29=0x00000012
        5623000	      2711	800001b0	035c5733	divu	x14,x24,x21	 x24:0x00000000 x21:0x49648224 x14=0x00000000
        5625000	      2712	800001b4	ffeec5e3	blt	x29,x30,8000019e	 x29:0x00000012 x30:0x0000000e  x0=0x00000000
        5627000	      2713	800001b8	415e0fb3	sub	x31,x28,x21	 x28:0x00000000 x21:0x49648224 x31=0xb69b7ddc
        5629000	      2714	800001bc	004e0733	add	x14,x28,x4	 x28:0x00000000  x4:0x06f7d1a6 x14=0x06f7d1a6
        5633000	      2716	800001c0	0001	c.addi	x0,0	  x0:0x00000000  x0=0x00000000
        5635000	      2717	800001c2	01bd	c.addi	x3,15	  x3:0x00000000  x3=0x0000000f
        5657000	      2728	800001c4	03667fb3	remu	x31,x12,x22	 x12:0xfcb0de05 x22:0x00000000 x31=0xfcb0de05
        5681000	      2740	800001c8	d169	c.beqz	x10,8000018a	 x10:0x00000000
        5723000	      2761	8000018a	5a7d	c.li	x20,-1	 x20=0xffffffff
        5729000	      2764	8000018c	007184b3	add	x9,x3,x7	  x3:0x0000000f  x7:0xffe24190  x9=0xffe2419f
        5737000	      2768	80000190	0525	c.addi	x10,9	 x10:0x00000000 x10=0x00000009
        5753000	      2776	80000192	ffa00e93	addi	x29,x0,-6	  x0:0x00000000 x29=0xfffffffa
        5755000	      2777	80000196	0001	c.addi	x0,0	  x0:0x00000000  x0=0x00000000
        5759000	      2779	80000198	00e00f13	addi	x30,x0,14	  x0:0x00000000 x30=0x0000000e
        5795000	      2797	8001207c	9b7ff06f	jal	x0,80011a32	  x0=0x00000000
        5857000	      2828	80011a32	f8428293	addi	x5,x5,-124	  x5:0x80022e1c  x5=0x80022da0
        5959000	      2879	80011a36	0012a223	sw	x1,4(x5)	  x5:0x80022da0  x1:0x00000000 PA:0x80022da4 store:0x00000000 load:0x00000000
        5989000	      2894	80011a3a	0022a423	sw	x2,8(x5)	  x5:0x80022da0  x2:0x52969ec0 PA:0x80022da8 store:0x52969ec0 load:0x52969ec0
        6025000	      2912	80011a3e	0032a623	sw	x3,12(x5)	  x5:0x80022da0  x3:0x0000000f PA:0x80022dac store:0x0000000f load:0x0000000f
        6049000	      2924	80011a42	0042a823	sw	x4,16(x5)	  x5:0x80022da0  x4:0x06f7d1a6 PA:0x80022db0 store:0x06f7d1a6 load:0x06f7d1a6
        6053000	      2926	80011a46	0052aa23	sw	x5,20(x5)	  x5:0x80022da0  x5:0x80022da0 PA:0x80022db4 store:0x80022da0 load:0x80022da0
        6069000	      2934	80011a4a	0062ac23	sw	x6,24(x5)	  x5:0x80022da0  x6:0x00000000 PA:0x80022db8 store:0x00000000 load:0x00000000
        6095000	      2947	80011a4e	0072ae23	sw	x7,28(x5)	  x5:0x80022da0  x7:0xffe24190 PA:0x80022dbc store:0xffe24190 load:0xffe24190
        6125000	      2962	80011a52	0282a023	sw	x8,32(x5)	  x5:0x80022da0  x8:0x19fae0a7 PA:0x80022dc0 store:0x19fae0a7 load:0x19fae0a7
        6163000	      2981	80011a56	0292a223	sw	x9,36(x5)	  x5:0x80022da0  x9:0xffe2419f PA:0x80022dc4 store:0xffe2419f load:0xffe2419f
        6171000	      2985	80011a5a	02a2a423	sw	x10,40(x5)	  x5:0x80022da0 x10:0x00000009 PA:0x80022dc8 store:0x00000009 load:0x00000009
        6195000	      2997	80011a5e	02b2a623	sw	x11,44(x5)	  x5:0x80022da0 x11:0x221c5e07 PA:0x80022dcc store:0x221c5e07 load:0x221c5e07
        6201000	      3000	80011a62	02c2a823	sw	x12,48(x5)	  x5:0x80022da0 x12:0xfcb0de05 PA:0x80022dd0 store:0xfcb0de05 load:0xfcb0de05
        6233000	      3016	80011a66	02d2aa23	sw	x13,52(x5)	  x5:0x80022da0 x13:0x80000000 PA:0x80022dd4 store:0x80000000 load:0x80000000
        6241000	      3020	80011a6a	02e2ac23	sw	x14,56(x5)	  x5:0x80022da0 x14:0x06f7d1a6 PA:0x80022dd8 store:0x06f7d1a6 load:0x06f7d1a6
        6245000	      3022	80011a6e	02f2ae23	sw	x15,60(x5)	  x5:0x80022da0 x15:0xfa11812e PA:0x80022ddc store:0xfa11812e load:0xfa11812e
        6287000	      3043	80011a72	0502a023	sw	x16,64(x5)	  x5:0x80022da0 x16:0x19fae0a7 PA:0x80022de0 store:0x19fae0a7 load:0x19fae0a7
        6329000	      3064	80011a76	0512a223	sw	x17,68(x5)	  x5:0x80022da0 x17:0x80000000 PA:0x80022de4 store:0x80000000 load:0x80000000
        6353000	      3076	80011a7a	0522a423	sw	x18,72(x5)	  x5:0x80022da0 x18:0x46485956 PA:0x80022de8 store:0x46485956 load:0x46485956
        6357000	      3078	80011a7e	0532a623	sw	x19,76(x5)	  x5:0x80022da0 x19:0x80026e7c PA:0x80022dec store:0x80026e7c load:0x80026e7c
        6473000	      3136	80011a82	0542a823	sw	x20,80(x5)	  x5:0x80022da0 x20:0xffffffff PA:0x80022df0 store:0xffffffff load:0xffffffff
        6497000	      3148	80011a86	0552aa23	sw	x21,84(x5)	  x5:0x80022da0 x21:0x49648224 PA:0x80022df4 store:0x49648224 load:0x49648224
        6519000	      3159	80011a8a	0562ac23	sw	x22,88(x5)	  x5:0x80022da0 x22:0x00000000 PA:0x80022df8 store:0x00000000 load:0x00000000
        6591000	      3195	80011a8e	0572ae23	sw	x23,92(x5)	  x5:0x80022da0 x23:0x00000001 PA:0x80022dfc store:0x00000001 load:0x00000001
        6641000	      3220	80011a92	0782a023	sw	x24,96(x5)	  x5:0x80022da0 x24:0x00000000 PA:0x80022e00 store:0x00000000 load:0x00000000
        6679000	      3239	80011a96	0792a223	sw	x25,100(x5)	  x5:0x80022da0 x25:0x00000000 PA:0x80022e04 store:0x00000000 load:0x00000000
        6737000	      3268	80011a9a	07a2a423	sw	x26,104(x5)	  x5:0x80022da0 x26:0x80000000 PA:0x80022e08 store:0x80000000 load:0x80000000
        6749000	      3274	80011a9e	07b2a623	sw	x27,108(x5)	  x5:0x80022da0 x27:0xfffffffc PA:0x80022e0c store:0xfffffffc load:0xfffffffc
        6753000	      3276	80011aa2	07c2a823	sw	x28,112(x5)	  x5:0x80022da0 x28:0x00000000 PA:0x80022e10 store:0x00000000 load:0x00000000
        6759000	      3279	80011aa6	07d2aa23	sw	x29,116(x5)	  x5:0x80022da0 x29:0xfffffffa PA:0x80022e14 store:0xfffffffa load:0xfffffffa
        6821000	      3310	80011aaa	07e2ac23	sw	x30,120(x5)	  x5:0x80022da0 x30:0x0000000e PA:0x80022e18 store:0x0000000e load:0x0000000e
        6839000	      3319	80011aae	07f2ae23	sw	x31,124(x5)	  x5:0x80022da0 x31:0xfcb0de05 PA:0x80022e1c store:0xfcb0de05 load:0xfcb0de05
        6841000	      3320	80011ab2	90000437	lui	x8,0x90000	  x8=0x90000000
        6865000	      3332	80011ab6	ffc40413	addi	x8,x8,-4	  x8:0x90000000  x8=0x8ffffffc
        6867000	      3333	80011aba	4b19	c.li	x22,6	 x22=0x00000006
        6873000	      3336	80011abc	0b22	c.slli	x22,0x8	 x22:0x00000006 x22=0x00000600
        6889000	      3344	80011abe	000b0b13	addi	x22,x22,0	 x22:0x00000600 x22=0x00000600
        6907000	      3353	80011ac2	01642023	sw	x22,0(x8)	  x8:0x8ffffffc x22:0x00000600 PA:0x8ffffffc store:0x00000600 load:0x00000600
        6909000	      3354	80011ac6	34202b73	csrrs	x22,mcause,x0	  x0:0x00000000 x22=0x8000001f
        6933000	      3366	80011aca	01fb5b13	srli	x22,x22,0x1f	 x22:0x8000001f x22=0x00000001
        6951000	      3375	80011ace	060b0c63	beq	x22,x0,80011b46	 x22:0x00000001  x0:0x00000000  x0=0x00000000
        6957000	      3378	80011ad2	90000437	lui	x8,0x90000	  x8=0x90000000
        6959000	      3379	80011ad6	ffc40413	addi	x8,x8,-4	  x8:0x90000000  x8=0x8ffffffc
        7005000	      3402	80011ada	30000b13	addi	x22,x0,768	  x0:0x00000000 x22=0x00000300
        7007000	      3403	80011ade	0b22	c.slli	x22,0x8	 x22:0x00000300 x22=0x00030000
        7033000	      3416	80011ae0	0b0d	c.addi	x22,3	 x22:0x00030000 x22=0x00030003
        7097000	      3448	80011ae2	01642023	sw	x22,0(x8)	  x8:0x8ffffffc x22:0x00030003 PA:0x8ffffffc store:0x00030003 load:0x00030003
        7099000	      3449	80011ae6	30002b73	csrrs	x22,mstatus,x0	  x0:0x00000000 x22=0x00000080
        7133000	      3466	80011aea	01642023	sw	x22,0(x8)	  x8:0x8ffffffc x22:0x00000080 PA:0x8ffffffc store:0x00000080 load:0x00000080
        7135000	      3467	80011aee	90000437	lui	x8,0x90000	  x8=0x90000000
        7137000	      3468	80011af2	ffc40413	addi	x8,x8,-4	  x8:0x90000000  x8=0x8ffffffc
        7201000	      3500	80011af6	34200b13	addi	x22,x0,834	  x0:0x00000000 x22=0x00000342
        7203000	      3501	80011afa	0b22	c.slli	x22,0x8	 x22:0x00000342 x22=0x00034200
        7213000	      3506	80011afc	0b0d	c.addi	x22,3	 x22:0x00034200 x22=0x00034203
        7253000	      3526	80011afe	01642023	sw	x22,0(x8)	  x8:0x8ffffffc x22:0x00034203 PA:0x8ffffffc store:0x00034203 load:0x00034203
        7255000	      3527	80011b02	34202b73	csrrs	x22,mcause,x0	  x0:0x00000000 x22=0x8000001f
        7335000	      3567	80011b06	01642023	sw	x22,0(x8)	  x8:0x8ffffffc x22:0x8000001f PA:0x8ffffffc store:0x8000001f load:0x8000001f
        7337000	      3568	80011b0a	90000437	lui	x8,0x90000	  x8=0x90000000
        7339000	      3569	80011b0e	ffc40413	addi	x8,x8,-4	  x8:0x90000000  x8=0x8ffffffc
        7363000	      3581	80011b12	30400b13	addi	x22,x0,772	  x0:0x00000000 x22=0x00000304
        7365000	      3582	80011b16	0b22	c.slli	x22,0x8	 x22:0x00000304 x22=0x00030400
        7421000	      3610	80011b18	0b0d	c.addi	x22,3	 x22:0x00030400 x22=0x00030403
        7479000	      3639	80011b1a	01642023	sw	x22,0(x8)	  x8:0x8ffffffc x22:0x00030403 PA:0x8ffffffc store:0x00030403 load:0x00030403
        7499000	      3649	80011b1e	30402b73	csrrs	x22,mie,x0	  x0:0x00000000 x22=0x40bf0808
        7513000	      3656	80011b22	01642023	sw	x22,0(x8)	  x8:0x8ffffffc x22:0x40bf0808 PA:0x8ffffffc store:0x40bf0808 load:0x40bf0808
        7515000	      3657	80011b26	90000437	lui	x8,0x90000	  x8=0x90000000
        7571000	      3685	80011b2a	ffc40413	addi	x8,x8,-4	  x8:0x90000000  x8=0x8ffffffc
        7613000	      3706	80011b2e	34400b13	addi	x22,x0,836	  x0:0x00000000 x22=0x00000344
        7615000	      3707	80011b32	0b22	c.slli	x22,0x8	 x22:0x00000344 x22=0x00034400
        7617000	      3708	80011b34	0b0d	c.addi	x22,3	 x22:0x00034400 x22=0x00034403
        7659000	      3729	80011b36	01642023	sw	x22,0(x8)	  x8:0x8ffffffc x22:0x00034403 PA:0x8ffffffc store:0x00034403 load:0x00034403
        7699000	      3749	80011b3a	34402b73	csrrs	x22,mip,x0	  x0:0x00000000 x22=0xXxxx0808
        7755000	      3777	80011b3e	01642023	sw	x22,0(x8)	  x8:0x8ffffffc x22:0xXxxx0808 PA:0x8ffffffc store:0xXxxx0808 load:0x00000808
        7759000	      3779	80011b42	4be0106f	jal	x0,80013000	  x0=0x00000000
        7793000	      3796	80013000	30002b73	csrrs	x22,mstatus,x0	  x0:0x00000000 x22=0x00000080
        7809000	      3804	80013004	30402b73	csrrs	x22,mie,x0	  x0:0x00000000 x22=0x40bf0808
        7817000	      3808	80013008	34402b73	csrrs	x22,mip,x0	  x0:0x00000000 x22=0xXxxx0808
        7829000	      3814	8001300c	344b3b73	csrrc	x22,mip,x22	 x22:0xXxxx0808 x22=0xXxxx0808
        7837000	      3818	80013010	90000437	lui	x8,0x90000	  x8=0x90000000
        7887000	      3843	80013014	ffc40413	addi	x8,x8,-4	  x8:0x90000000  x8=0x8ffffffc
        7889000	      3844	80013018	4b1d	c.li	x22,7	 x22=0x00000007
        7891000	      3845	8001301a	0b22	c.slli	x22,0x8	 x22:0x00000007 x22=0x00000700
        7919000	      3859	8001301c	000b0b13	addi	x22,x22,0	 x22:0x00000700 x22=0x00000700
        7953000	      3876	80013020	01642023	sw	x22,0(x8)	  x8:0x8ffffffc x22:0x00000700 PA:0x8ffffffc store:0x00000700 load:0x00000700
        7975000	      3887	80013024	0042a083	lw	x1,4(x5)	  x5:0x80022da0  x1=0x00000000 PA:0x80022da4 store:0x06f7d1a6
        7997000	      3898	80013028	0082a103	lw	x2,8(x5)	  x5:0x80022da0  x2=0x52969ec0 PA:0x80022da8 store:0x8ffffffc
        8013000	      3906	8001302c	00c2a183	lw	x3,12(x5)	  x5:0x80022da0  x3=0x0000000f PA:0x80022dac store:0xfcb0de05
        8027000	      3913	80013030	0102a203	lw	x4,16(x5)	  x5:0x80022da0  x4=0x06f7d1a6 PA:0x80022db0 store:0x19fae0a7
        8059000	      3929	80013034	0142a283	lw	x5,20(x5)	  x5:0x80022da0  x5=0x80022da0 PA:0x80022db4 store:0xffffffff
        8081000	      3940	80013038	0182a303	lw	x6,24(x5)	  x5:0x80022da0  x6=0x00000000 PA:0x80022db8 store:0x00000000
        8107000	      3953	8001303c	01c2a383	lw	x7,28(x5)	  x5:0x80022da0  x7=0xffe24190 PA:0x80022dbc store:0x00000000
        8111000	      3955	80013040	0202a403	lw	x8,32(x5)	  x5:0x80022da0  x8=0x19fae0a7 PA:0x80022dc0 store:0x00000000
        8141000	      3970	80013044	0242a483	lw	x9,36(x5)	  x5:0x80022da0  x9=0xffe2419f PA:0x80022dc4 store:0x06f7d1a6
        8169000	      3984	80013048	0282a503	lw	x10,40(x5)	  x5:0x80022da0 x10=0x00000009 PA:0x80022dc8 store:0x19fae0a7
        8197000	      3998	8001304c	02c2a583	lw	x11,44(x5)	  x5:0x80022da0 x11=0x221c5e07 PA:0x80022dcc store:0xfcb0de05
        8235000	      4017	80013050	0302a603	lw	x12,48(x5)	  x5:0x80022da0 x12=0xfcb0de05 PA:0x80022dd0 store:0x19fae0a7
        8273000	      4036	80013054	0342a683	lw	x13,52(x5)	  x5:0x80022da0 x13=0x80000000 PA:0x80022dd4 store:0xffffffff
        8305000	      4052	80013058	0382a703	lw	x14,56(x5)	  x5:0x80022da0 x14=0x06f7d1a6 PA:0x80022dd8 store:0x00000000
        8319000	      4059	8001305c	03c2a783	lw	x15,60(x5)	  x5:0x80022da0 x15=0xfa11812e PA:0x80022ddc store:0x00000000
        8323000	      4061	80013060	0402a803	lw	x16,64(x5)	  x5:0x80022da0 x16=0x19fae0a7 PA:0x80022de0 store:0x00000000
        8335000	      4067	80013064	0442a883	lw	x17,68(x5)	  x5:0x80022da0 x17=0x80000000 PA:0x80022de4 store:0x06f7d1a6
        8363000	      4081	80013068	0482a903	lw	x18,72(x5)	  x5:0x80022da0 x18=0x46485956 PA:0x80022de8 store:0x19fae0a7
        8421000	      4110	8001306c	04c2a983	lw	x19,76(x5)	  x5:0x80022da0 x19=0x80026e7c PA:0x80022dec store:0xfcb0de05
        8457000	      4128	80013070	0502aa03	lw	x20,80(x5)	  x5:0x80022da0 x20=0xffffffff PA:0x80022df0 store:0x19fae0a7
        8473000	      4136	80013074	0542aa83	lw	x21,84(x5)	  x5:0x80022da0 x21=0x49648224 PA:0x80022df4 store:0xffffffff
        8505000	      4152	80013078	0582ab03	lw	x22,88(x5)	  x5:0x80022da0 x22=0x00000000 PA:0x80022df8 store:0x00000000
        8529000	      4164	8001307c	05c2ab83	lw	x23,92(x5)	  x5:0x80022da0 x23=0x00000001 PA:0x80022dfc store:0x00000000
        8533000	      4166	80013080	0602ac03	lw	x24,96(x5)	  x5:0x80022da0 x24=0x00000000 PA:0x80022e00 store:0x00000000
        8597000	      4198	80013084	0642ac83	lw	x25,100(x5)	  x5:0x80022da0 x25=0x00000000 PA:0x80022e04 store:0x06f7d1a6
        8605000	      4202	80013088	0682ad03	lw	x26,104(x5)	  x5:0x80022da0 x26=0x80000000 PA:0x80022e08 store:0x19fae0a7
        8641000	      4220	8001308c	06c2ad83	lw	x27,108(x5)	  x5:0x80022da0 x27=0xfffffffc PA:0x80022e0c store:0xfcb0de05
        8665000	      4232	80013090	0702ae03	lw	x28,112(x5)	  x5:0x80022da0 x28=0x00000000 PA:0x80022e10 store:0x19fae0a7
        8691000	      4245	80013094	0742ae83	lw	x29,116(x5)	  x5:0x80022da0 x29=0xfffffffa PA:0x80022e14 store:0xffffffff
        8719000	      4259	80013098	0782af03	lw	x30,120(x5)	  x5:0x80022da0 x30=0x0000000e PA:0x80022e18 store:0x00000000
        8729000	      4264	8001309c	07c2af83	lw	x31,124(x5)	  x5:0x80022da0 x31=0xfcb0de05 PA:0x80022e1c store:0x00000000
        8731000	      4265	800130a0	07c28293	addi	x5,x5,124	  x5:0x80022da0  x5=0x80022e1c
        8733000	      4266	800130a4	30200073	mret	
        8757000	      4278	8000019c	8b12	c.mv	x22,x4	  x0:0x00000000  x4:0x06f7d1a6 x22=0x06f7d1a6
        8763000	      4281	8000019e	01886433	or	x8,x16,x24	 x16:0x19fae0a7 x24:0x00000000  x8=0x19fae0a7
        8765000	      4282	800001a2	0181dc33	srl	x24,x3,x24	  x3:0x0000000f x24:0x00000000 x24=0x0000000f
        8795000	      4297	800001a6	86f7d217	auipc	x4,0x86f7d	  x4=0x06f7d1a6
        8813000	      4306	800001aa	01bf6733	or	x14,x30,x27	 x30:0x0000000e x27:0xfffffffc x14=0xfffffffe
        8815000	      4307	800001ae	0e99	c.addi	x29,6	 x29:0xfffffffa x29=0x00000000
        8907000	      4353	800001b0	035c5733	divu	x14,x24,x21	 x24:0x0000000f x21:0x49648224 x14=0x00000000
        8911000	      4355	800001b4	ffeec5e3	blt	x29,x30,8000019e	 x29:0x00000000 x30:0x0000000e  x0=0x00000000
        8925000	      4362	8000019e	01886433	or	x8,x16,x24	 x16:0x19fae0a7 x24:0x0000000f  x8=0x19fae0af
        8987000	      4393	800001a2	0181dc33	srl	x24,x3,x24	  x3:0x0000000f x24:0x0000000f x24=0x00000000
        8989000	      4394	800001a6	86f7d217	auipc	x4,0x86f7d	  x4=0x06f7d1a6
        8997000	      4398	800001aa	01bf6733	or	x14,x30,x27	 x30:0x0000000e x27:0xfffffffc x14=0xfffffffe
        8999000	      4399	800001ae	0e99	c.addi	x29,6	 x29:0x00000000 x29=0x00000006
        9079000	      4439	800001b0	035c5733	divu	x14,x24,x21	 x24:0x00000000 x21:0x49648224 x14=0x00000000
        9083000	      4441	800001b4	ffeec5e3	blt	x29,x30,8000019e	 x29:0x00000006 x30:0x0000000e  x0=0x00000000
        9123000	      4461	8000019e	01886433	or	x8,x16,x24	 x16:0x19fae0a7 x24:0x00000000  x8=0x19fae0a7
        9145000	      4472	800001a2	0181dc33	srl	x24,x3,x24	  x3:0x0000000f x24:0x00000000 x24=0x0000000f
        9179000	      4489	800001a6	86f7d217	auipc	x4,0x86f7d	  x4=0x06f7d1a6
        9199000	      4499	800001aa	01bf6733	or	x14,x30,x27	 x30:0x0000000e x27:0xfffffffc x14=0xfffffffe
        9201000	      4500	800001ae	0e99	c.addi	x29,6	 x29:0x00000006 x29=0x0000000c
        9303000	      4551	800001b0	035c5733	divu	x14,x24,x21	 x24:0x0000000f x21:0x49648224 x14=0x00000000
        9307000	      4553	800001b4	ffeec5e3	blt	x29,x30,8000019e	 x29:0x0000000c x30:0x0000000e  x0=0x00000000
        9353000	      4576	8000019e	01886433	or	x8,x16,x24	 x16:0x19fae0a7 x24:0x0000000f  x8=0x19fae0af
        9419000	      4609	8001202c	c26fe06f	jal	x0,80010452	  x0=0x00000000
        9459000	      4629	80010452	f8428293	addi	x5,x5,-124	  x5:0x80022e1c  x5=0x80022da0
        9473000	      4636	80010456	0012a223	sw	x1,4(x5)	  x5:0x80022da0  x1:0x00000000 PA:0x80022da4 store:0x00000000 load:0x00000000
        9513000	      4656	8001045a	0022a423	sw	x2,8(x5)	  x5:0x80022da0  x2:0x52969ec0 PA:0x80022da8 store:0x52969ec0 load:0x52969ec0
        9543000	      4671	8001045e	0032a623	sw	x3,12(x5)	  x5:0x80022da0  x3:0x0000000f PA:0x80022dac store:0x0000000f load:0x0000000f
        9557000	      4678	80010462	0042a823	sw	x4,16(x5)	  x5:0x80022da0  x4:0x06f7d1a6 PA:0x80022db0 store:0x06f7d1a6 load:0x06f7d1a6
        9597000	      4698	80010466	0052aa23	sw	x5,20(x5)	  x5:0x80022da0  x5:0x80022da0 PA:0x80022db4 store:0x80022da0 load:0x80022da0
        9617000	      4708	8001046a	0062ac23	sw	x6,24(x5)	  x5:0x80022da0  x6:0x00000000 PA:0x80022db8 store:0x00000000 load:0x00000000
        9641000	      4720	8001046e	0072ae23	sw	x7,28(x5)	  x5:0x80022da0  x7:0xffe24190 PA:0x80022dbc store:0xffe24190 load:0xffe24190
        9713000	      4756	80010472	0282a023	sw	x8,32(x5)	  x5:0x80022da0  x8:0x19fae0af PA:0x80022dc0 store:0x19fae0af load:0x19fae0af
        9753000	      4776	80010476	0292a223	sw	x9,36(x5)	  x5:0x80022da0  x9:0xffe2419f PA:0x80022dc4 store:0xffe2419f load:0xffe2419f
        9763000	      4781	8001047a	02a2a423	sw	x10,40(x5)	  x5:0x80022da0 x10:0x00000009 PA:0x80022dc8 store:0x00000009 load:0x00000009
        9803000	      4801	8001047e	02b2a623	sw	x11,44(x5)	  x5:0x80022da0 x11:0x221c5e07 PA:0x80022dcc store:0x221c5e07 load:0x221c5e07
        9827000	      4813	80010482	02c2a823	sw	x12,48(x5)	  x5:0x80022da0 x12:0xfcb0de05 PA:0x80022dd0 store:0xfcb0de05 load:0xfcb0de05
        9843000	      4821	80010486	02d2aa23	sw	x13,52(x5)	  x5:0x80022da0 x13:0x80000000 PA:0x80022dd4 store:0x80000000 load:0x80000000
        9861000	      4830	8001048a	02e2ac23	sw	x14,56(x5)	  x5:0x80022da0 x14:0x00000000 PA:0x80022dd8 store:0x00000000 load:0x00000000
        9881000	      4840	8001048e	02f2ae23	sw	x15,60(x5)	  x5:0x80022da0 x15:0xfa11812e PA:0x80022ddc store:0xfa11812e load:0xfa11812e
        9957000	      4878	80010492	0502a023	sw	x16,64(x5)	  x5:0x80022da0 x16:0x19fae0a7 PA:0x80022de0 store:0x19fae0a7 load:0x19fae0a7
        9961000	      4880	80010496	0512a223	sw	x17,68(x5)	  x5:0x80022da0 x17:0x80000000 PA:0x80022de4 store:0x80000000 load:0x80000000
       10005000	      4902	8001049a	0522a423	sw	x18,72(x5)	  x5:0x80022da0 x18:0x46485956 PA:0x80022de8 store:0x46485956 load:0x46485956
       10051000	      4925	8001049e	0532a623	sw	x19,76(x5)	  x5:0x80022da0 x19:0x80026e7c PA:0x80022dec store:0x80026e7c load:0x80026e7c
       10071000	      4935	800104a2	0542a823	sw	x20,80(x5)	  x5:0x80022da0 x20:0xffffffff PA:0x80022df0 store:0xffffffff load:0xffffffff
       10091000	      4945	800104a6	0552aa23	sw	x21,84(x5)	  x5:0x80022da0 x21:0x49648224 PA:0x80022df4 store:0x49648224 load:0x49648224
       10107000	      4953	800104aa	0562ac23	sw	x22,88(x5)	  x5:0x80022da0 x22:0x06f7d1a6 PA:0x80022df8 store:0x06f7d1a6 load:0x06f7d1a6
       10115000	      4957	800104ae	0572ae23	sw	x23,92(x5)	  x5:0x80022da0 x23:0x00000001 PA:0x80022dfc store:0x00000001 load:0x00000001
       10185000	      4992	800104b2	0782a023	sw	x24,96(x5)	  x5:0x80022da0 x24:0x0000000f PA:0x80022e00 store:0x0000000f load:0x0000000f
       10209000	      5004	800104b6	0792a223	sw	x25,100(x5)	  x5:0x80022da0 x25:0x00000000 PA:0x80022e04 store:0x00000000 load:0x00000000
       10213000	      5006	800104ba	07a2a423	sw	x26,104(x5)	  x5:0x80022da0 x26:0x80000000 PA:0x80022e08 store:0x80000000 load:0x80000000
       10263000	      5031	800104be	07b2a623	sw	x27,108(x5)	  x5:0x80022da0 x27:0xfffffffc PA:0x80022e0c store:0xfffffffc load:0xfffffffc
       10311000	      5055	800104c2	07c2a823	sw	x28,112(x5)	  x5:0x80022da0 x28:0x00000000 PA:0x80022e10 store:0x00000000 load:0x00000000
       10315000	      5057	800104c6	07d2aa23	sw	x29,116(x5)	  x5:0x80022da0 x29:0x0000000c PA:0x80022e14 store:0x0000000c load:0x0000000c
       10359000	      5079	800104ca	07e2ac23	sw	x30,120(x5)	  x5:0x80022da0 x30:0x0000000e PA:0x80022e18 store:0x0000000e load:0x0000000e
       10369000	      5084	800104ce	07f2ae23	sw	x31,124(x5)	  x5:0x80022da0 x31:0xfcb0de05 PA:0x80022e1c store:0xfcb0de05 load:0xfcb0de05
       10379000	      5089	800104d2	90000437	lui	x8,0x90000	  x8=0x90000000
       10383000	      5091	800104d6	ffc40413	addi	x8,x8,-4	  x8:0x90000000  x8=0x8ffffffc
       10385000	      5092	800104da	4b19	c.li	x22,6	 x22=0x00000006
       10425000	      5112	800104dc	0b22	c.slli	x22,0x8	 x22:0x00000006 x22=0x00000600
       10467000	      5133	800104de	000b0b13	addi	x22,x22,0	 x22:0x00000600 x22=0x00000600
       10527000	      5163	800104e2	01642023	sw	x22,0(x8)	  x8:0x8ffffffc x22:0x00000600 PA:0x8ffffffc store:0x00000600 load:0x00000600
       10529000	      5164	800104e6	34202b73	csrrs	x22,mcause,x0	  x0:0x00000000 x22=0x8000000b
       10545000	      5172	800104ea	01fb5b13	srli	x22,x22,0x1f	 x22:0x8000000b x22=0x00000001
       10563000	      5181	800104ee	060b0c63	beq	x22,x0,80010566	 x22:0x00000001  x0:0x00000000  x0=0x00000000
       10605000	      5202	800104f2	90000437	lui	x8,0x90000	  x8=0x90000000
       10607000	      5203	800104f6	ffc40413	addi	x8,x8,-4	  x8:0x90000000  x8=0x8ffffffc
       10629000	      5214	800104fa	30000b13	addi	x22,x0,768	  x0:0x00000000 x22=0x00000300
       10631000	      5215	800104fe	0b22	c.slli	x22,0x8	 x22:0x00000300 x22=0x00030000
       10633000	      5216	80010500	0b0d	c.addi	x22,3	 x22:0x00030000 x22=0x00030003
       10681000	      5240	80010502	01642023	sw	x22,0(x8)	  x8:0x8ffffffc x22:0x00030003 PA:0x8ffffffc store:0x00030003 load:0x00030003
       10713000	      5256	80010506	30002b73	csrrs	x22,mstatus,x0	  x0:0x00000000 x22=0x00000080
       10733000	      5266	8001050a	01642023	sw	x22,0(x8)	  x8:0x8ffffffc x22:0x00000080 PA:0x8ffffffc store:0x00000080 load:0x00000080
       10771000	      5285	8001050e	90000437	lui	x8,0x90000	  x8=0x90000000
       10813000	      5306	80010512	ffc40413	addi	x8,x8,-4	  x8:0x90000000  x8=0x8ffffffc
       10815000	      5307	80010516	34200b13	addi	x22,x0,834	  x0:0x00000000 x22=0x00000342
       10817000	      5308	8001051a	0b22	c.slli	x22,0x8	 x22:0x00000342 x22=0x00034200
       10823000	      5311	8001051c	0b0d	c.addi	x22,3	 x22:0x00034200 x22=0x00034203
       10889000	      5344	8001051e	01642023	sw	x22,0(x8)	  x8:0x8ffffffc x22:0x00034203 PA:0x8ffffffc store:0x00034203 load:0x00034203
       10891000	      5345	80010522	34202b73	csrrs	x22,mcause,x0	  x0:0x00000000 x22=0x8000000b
