Time	Cycle	PC	Insn	Decoded instruction	Register and memory contents
         253000	        26	80000080	3013a173	csrrs	x2,misa,x7	  x7:0x00000000  x2=0x40101104
         255000	        27	80000084	401013b7	lui	x7,0x40101	  x7=0x40101000
         257000	        28	80000088	10438393	addi	x7,x7,260	  x7:0x40101000  x7=0x40101104
         279000	        39	8000008c	162394e3	bne	x7,x2,800009f4	  x7:0x40101104  x2:0x40101104  x0=0x00000000
         331000	        65	80000090	a5a5a3b7	lui	x7,0xa5a5a	  x7=0xa5a5a000
         333000	        66	80000094	5a538393	addi	x7,x7,1445	  x7:0xa5a5a000  x7=0xa5a5a5a5
         355000	        77	80000098	3013b173	csrrc	x2,misa,x7	  x7:0xa5a5a5a5  x2=0x40101104
         365000	        82	8000009c	401013b7	lui	x7,0x40101	  x7=0x40101000
         367000	        83	800000a0	10438393	addi	x7,x7,260	  x7:0x40101000  x7=0x40101104
         369000	        84	800000a4	142398e3	bne	x7,x2,800009f4	  x7:0x40101104  x2:0x40101104  x0=0x00000000
         371000	        85	800000a8	5a5a63b7	lui	x7,0x5a5a6	  x7=0x5a5a6000
         403000	       101	800000ac	a5a38393	addi	x7,x7,-1446	  x7:0x5a5a6000  x7=0x5a5a5a5a
         407000	       103	800000b0	3013b173	csrrc	x2,misa,x7	  x7:0x5a5a5a5a  x2=0x40101104
         433000	       116	800000b4	401013b7	lui	x7,0x40101	  x7=0x40101000
         439000	       119	800000b8	10438393	addi	x7,x7,260	  x7:0x40101000  x7=0x40101104
         445000	       122	800000bc	12239ce3	bne	x7,x2,800009f4	  x7:0x40101104  x2:0x40101104  x0=0x00000000
         467000	       133	800000c0	b76c43b7	lui	x7,0xb76c4	  x7=0xb76c4000
         485000	       142	800000c4	5a838393	addi	x7,x7,1448	  x7:0xb76c4000  x7=0xb76c45a8
         487000	       143	800000c8	3013b173	csrrc	x2,misa,x7	  x7:0xb76c45a8  x2=0x40101104
         489000	       144	800000cc	401013b7	lui	x7,0x40101	  x7=0x40101000
         511000	       155	800000d0	10438393	addi	x7,x7,260	  x7:0x40101000  x7=0x40101104
         551000	       175	800000d4	122390e3	bne	x7,x2,800009f4	  x7:0x40101104  x2:0x40101104  x0=0x00000000
         593000	       196	800000d8	3012d173	csrrwi	x2,misa,5	  x2=0x40101104
         595000	       197	800000dc	401013b7	lui	x7,0x40101	  x7=0x40101000
         617000	       208	800000e0	10438393	addi	x7,x7,260	  x7:0x40101000  x7=0x40101104
         639000	       219	800000e4	102398e3	bne	x7,x2,800009f4	  x7:0x40101104  x2:0x40101104  x0=0x00000000
         657000	       228	800000e8	301d5173	csrrwi	x2,misa,26	  x2=0x40101104
         661000	       230	800000ec	401013b7	lui	x7,0x40101	  x7=0x40101000
         675000	       237	800000f0	10438393	addi	x7,x7,260	  x7:0x40101000  x7=0x40101104
         685000	       242	800000f4	102390e3	bne	x7,x2,800009f4	  x7:0x40101104  x2:0x40101104  x0=0x00000000
         707000	       253	800000f8	30175173	csrrwi	x2,misa,14	  x2=0x40101104
         709000	       254	800000fc	401013b7	lui	x7,0x40101	  x7=0x40101000
         711000	       255	80000100	10438393	addi	x7,x7,260	  x7:0x40101000  x7=0x40101104
         757000	       278	80000104	0e2398e3	bne	x7,x2,800009f4	  x7:0x40101104  x2:0x40101104  x0=0x00000000
         763000	       281	80000108	3012e173	csrrsi	x2,misa,5	  x2=0x40101104
         785000	       292	8000010c	401013b7	lui	x7,0x40101	  x7=0x40101000
         837000	       318	80000110	10438393	addi	x7,x7,260	  x7:0x40101000  x7=0x40101104
         841000	       320	80000114	0e2390e3	bne	x7,x2,800009f4	  x7:0x40101104  x2:0x40101104  x0=0x00000000
         843000	       321	80000118	301d6173	csrrsi	x2,misa,26	  x2=0x40101104
         845000	       322	8000011c	401013b7	lui	x7,0x40101	  x7=0x40101000
         883000	       341	80000120	10438393	addi	x7,x7,260	  x7:0x40101000  x7=0x40101104
         909000	       354	80000124	0c2398e3	bne	x7,x2,800009f4	  x7:0x40101104  x2:0x40101104  x0=0x00000000
         911000	       355	80000128	301de173	csrrsi	x2,misa,27	  x2=0x40101104
         945000	       372	8000012c	401013b7	lui	x7,0x40101	  x7=0x40101000
         947000	       373	80000130	10438393	addi	x7,x7,260	  x7:0x40101000  x7=0x40101104
         969000	       384	80000134	0c2390e3	bne	x7,x2,800009f4	  x7:0x40101104  x2:0x40101104  x0=0x00000000
         971000	       385	80000138	3012f173	csrrci	x2,misa,5	  x2=0x40101104
         993000	       396	8000013c	401013b7	lui	x7,0x40101	  x7=0x40101000
        1015000	       407	80000140	10438393	addi	x7,x7,260	  x7:0x40101000  x7=0x40101104
        1037000	       418	80000144	0a2398e3	bne	x7,x2,800009f4	  x7:0x40101104  x2:0x40101104  x0=0x00000000
        1059000	       429	80000148	301d7173	csrrci	x2,misa,26	  x2=0x40101104
        1097000	       448	8000014c	401013b7	lui	x7,0x40101	  x7=0x40101000
        1099000	       449	80000150	10438393	addi	x7,x7,260	  x7:0x40101000  x7=0x40101104
        1111000	       455	80000154	0a2390e3	bne	x7,x2,800009f4	  x7:0x40101104  x2:0x40101104  x0=0x00000000
        1165000	       482	80000158	301b7173	csrrci	x2,misa,22	  x2=0x40101104
        1187000	       493	8000015c	401013b7	lui	x7,0x40101	  x7=0x40101000
        1189000	       494	80000160	10438393	addi	x7,x7,260	  x7:0x40101000  x7=0x40101104
        1203000	       501	80000164	082398e3	bne	x7,x2,800009f4	  x7:0x40101104  x2:0x40101104  x0=0x00000000
        1245000	       522	80000168	a5a5a3b7	lui	x7,0xa5a5a	  x7=0xa5a5a000
        1247000	       523	8000016c	5a538393	addi	x7,x7,1445	  x7:0xa5a5a000  x7=0xa5a5a5a5
        1269000	       534	80000170	34439173	csrrw	x2,mip,x7	  x7:0xa5a5a5a5  x2=0xXxxx0000
        1321000	       560	80000174	00000393	addi	x7,x0,0	  x0:0x00000000  x7=0x00000000
        1341000	       570	8000017c	5a5a63b7	lui	x7,0x5a5a6	  x7=0x5a5a6000
        1359000	       579	80000180	a5a38393	addi	x7,x7,-1446	  x7:0x5a5a6000  x7=0x5a5a5a5a
        1371000	       585	80000184	34439173	csrrw	x2,mip,x7	  x7:0x5a5a5a5a  x2=0xXxxx0000
        1393000	       596	80000188	00000393	addi	x7,x0,0	  x0:0x00000000  x7=0x00000000
        1399000	       599	80000190	2e9f13b7	lui	x7,0x2e9f1	  x7=0x2e9f1000
        1413000	       606	80000194	5ac38393	addi	x7,x7,1452	  x7:0x2e9f1000  x7=0x2e9f15ac
        1429000	       614	80000198	34439173	csrrw	x2,mip,x7	  x7:0x2e9f15ac  x2=0xXxxx0000
        1431000	       615	8000019c	00000393	addi	x7,x0,0	  x0:0x00000000  x7=0x00000000
        1509000	       654	800001a4	a5a5a3b7	lui	x7,0xa5a5a	  x7=0xa5a5a000
        1519000	       659	800001a8	5a538393	addi	x7,x7,1445	  x7:0xa5a5a000  x7=0xa5a5a5a5
        1527000	       663	800001ac	3443a173	csrrs	x2,mip,x7	  x7:0xa5a5a5a5  x2=0xXxxx0000
        1583000	       691	800001b0	00000393	addi	x7,x0,0	  x0:0x00000000  x7=0x00000000
        1601000	       700	800001b8	5a5a63b7	lui	x7,0x5a5a6	  x7=0x5a5a6000
        1613000	       706	800001bc	a5a38393	addi	x7,x7,-1446	  x7:0x5a5a6000  x7=0x5a5a5a5a
        1625000	       712	800001c0	3443a173	csrrs	x2,mip,x7	  x7:0x5a5a5a5a  x2=0xXxxx0000
        1645000	       722	800001c4	00000393	addi	x7,x0,0	  x0:0x00000000  x7=0x00000000
        1681000	       740	800001cc	a3d373b7	lui	x7,0xa3d37	  x7=0xa3d37000
        1701000	       750	800001d0	9f438393	addi	x7,x7,-1548	  x7:0xa3d37000  x7=0xa3d369f4
        1741000	       770	800001d4	3443a173	csrrs	x2,mip,x7	  x7:0xa3d369f4  x2=0xXxxx0000
        1745000	       772	800001d8	00000393	addi	x7,x0,0	  x0:0x00000000  x7=0x00000000
        1751000	       775	800001e0	a5a5a3b7	lui	x7,0xa5a5a	  x7=0xa5a5a000
        1765000	       782	800001e4	5a538393	addi	x7,x7,1445	  x7:0xa5a5a000  x7=0xa5a5a5a5
        1787000	       793	800001e8	3443b173	csrrc	x2,mip,x7	  x7:0xa5a5a5a5  x2=0xXxxx0000
        1789000	       794	800001ec	00000393	addi	x7,x0,0	  x0:0x00000000  x7=0x00000000
        1859000	       829	800001f4	5a5a63b7	lui	x7,0x5a5a6	  x7=0x5a5a6000
        1869000	       834	800001f8	a5a38393	addi	x7,x7,-1446	  x7:0x5a5a6000  x7=0x5a5a5a5a
        1877000	       838	800001fc	3443b173	csrrc	x2,mip,x7	  x7:0x5a5a5a5a  x2=0xXxxx0000
        1881000	       840	80000200	00000393	addi	x7,x0,0	  x0:0x00000000  x7=0x00000000
        1979000	       889	80000208	e6dcd3b7	lui	x7,0xe6dcd	  x7=0xe6dcd000
        1981000	       890	8000020c	1a238393	addi	x7,x7,418	  x7:0xe6dcd000  x7=0xe6dcd1a2
        1993000	       896	80000210	3443b173	csrrc	x2,mip,x7	  x7:0xe6dcd1a2  x2=0xXxxx0000
        2041000	       920	80000214	00000393	addi	x7,x0,0	  x0:0x00000000  x7=0x00000000
        2085000	       942	8000021c	3442d173	csrrwi	x2,mip,5	  x2=0xXxxx0000
        2087000	       943	80000220	00000393	addi	x7,x0,0	  x0:0x00000000  x7=0x00000000
        2167000	       983	80000228	344d5173	csrrwi	x2,mip,26	  x2=0xXxxx0000
        2209000	      1004	8000022c	00000393	addi	x7,x0,0	  x0:0x00000000  x7=0x00000000
        2229000	      1014	80000234	344fd173	csrrwi	x2,mip,31	  x2=0xXxxx0000
        2233000	      1016	80000238	00000393	addi	x7,x0,0	  x0:0x00000000  x7=0x00000000
        2295000	      1047	80000240	3442e173	csrrsi	x2,mip,5	  x2=0xXxxx0000
        2323000	      1061	80000244	00000393	addi	x7,x0,0	  x0:0x00000000  x7=0x00000000
        2347000	      1073	8000024c	344d6173	csrrsi	x2,mip,26	  x2=0xXxxx0000
        2373000	      1086	80000250	00000393	addi	x7,x0,0	  x0:0x00000000  x7=0x00000000
        2407000	      1103	80000258	34466173	csrrsi	x2,mip,12	  x2=0xXxxx0000
        2427000	      1113	8000025c	00000393	addi	x7,x0,0	  x0:0x00000000  x7=0x00000000
        2439000	      1119	80000264	3442f173	csrrci	x2,mip,5	  x2=0xXxxx0000
        2459000	      1129	80000268	00000393	addi	x7,x0,0	  x0:0x00000000  x7=0x00000000
        2505000	      1152	80000270	344d7173	csrrci	x2,mip,26	  x2=0xXxxx0000
        2523000	      1161	80000274	00000393	addi	x7,x0,0	  x0:0x00000000  x7=0x00000000
        2529000	      1164	8000027c	344ef173	csrrci	x2,mip,29	  x2=0xXxxx0000
        2545000	      1172	80000280	00000393	addi	x7,x0,0	  x0:0x00000000  x7=0x00000000
        2555000	      1177	80000288	a5a5a3b7	lui	x7,0xa5a5a	  x7=0xa5a5a000
        2575000	      1187	8000028c	5a538393	addi	x7,x7,1445	  x7:0xa5a5a000  x7=0xa5a5a5a5
        2577000	      1188	80000290	30439173	csrrw	x2,mie,x7	  x7:0xa5a5a5a5  x2=0x00000000
        2595000	      1197	80000294	00000393	addi	x7,x0,0	  x0:0x00000000  x7=0x00000000
        2631000	      1215	80000298	74239e63	bne	x7,x2,800009f4	  x7:0x00000000  x2:0x00000000  x0=0x00000000
        2633000	      1216	8000029c	5a5a63b7	lui	x7,0x5a5a6	  x7=0x5a5a6000
        2667000	      1233	800002a0	a5a38393	addi	x7,x7,-1446	  x7:0x5a5a6000  x7=0x5a5a5a5a
        2669000	      1234	800002a4	30439173	csrrw	x2,mie,x7	  x7:0x5a5a5a5a  x2=0x25a50080
        2691000	      1245	800002a8	25a503b7	lui	x7,0x25a50	  x7=0x25a50000
        2693000	      1246	800002ac	08038393	addi	x7,x7,128	  x7:0x25a50000  x7=0x25a50080
        2699000	      1249	800002b0	74239263	bne	x7,x2,800009f4	  x7:0x25a50080  x2:0x25a50080  x0=0x00000000
        2711000	      1255	800002b4	609833b7	lui	x7,0x60983	  x7=0x60983000
        2733000	      1266	800002b8	b2638393	addi	x7,x7,-1242	  x7:0x60983000  x7=0x60982b26
        2735000	      1267	800002bc	30439173	csrrw	x2,mie,x7	  x7:0x60982b26  x2=0x5a5a0808
        2757000	      1278	800002c0	5a5a13b7	lui	x7,0x5a5a1	  x7=0x5a5a1000
        2769000	      1284	800002c4	80838393	addi	x7,x7,-2040	  x7:0x5a5a1000  x7=0x5a5a0808
        2779000	      1289	800002c8	72239663	bne	x7,x2,800009f4	  x7:0x5a5a0808  x2:0x5a5a0808  x0=0x00000000
        2783000	      1291	800002cc	a5a5a3b7	lui	x7,0xa5a5a	  x7=0xa5a5a000
        2795000	      1297	800002d0	5a538393	addi	x7,x7,1445	  x7:0xa5a5a000  x7=0xa5a5a5a5
        2817000	      1308	800002d4	3043a173	csrrs	x2,mie,x7	  x7:0xa5a5a5a5  x2=0x60980800
        2855000	      1327	800002d8	609813b7	lui	x7,0x60981	  x7=0x60981000
        2857000	      1328	800002dc	80038393	addi	x7,x7,-2048	  x7:0x60981000  x7=0x60980800
        2859000	      1329	800002e0	70239a63	bne	x7,x2,800009f4	  x7:0x60980800  x2:0x60980800  x0=0x00000000
        2861000	      1330	800002e4	5a5a63b7	lui	x7,0x5a5a6	  x7=0x5a5a6000
        2871000	      1335	800002e8	a5a38393	addi	x7,x7,-1446	  x7:0x5a5a6000  x7=0x5a5a5a5a
        2895000	      1347	800002ec	3043a173	csrrs	x2,mie,x7	  x7:0x5a5a5a5a  x2=0x65bd0880
        2901000	      1350	800002f0	65bd13b7	lui	x7,0x65bd1	  x7=0x65bd1000
        2939000	      1369	800002f4	88038393	addi	x7,x7,-1920	  x7:0x65bd1000  x7=0x65bd0880
        2941000	      1370	800002f8	6e239e63	bne	x7,x2,800009f4	  x7:0x65bd0880  x2:0x65bd0880  x0=0x00000000
        2955000	      1377	800002fc	67b743b7	lui	x7,0x67b74	  x7=0x67b74000
        2957000	      1378	80000300	2f338393	addi	x7,x7,755	  x7:0x67b74000  x7=0x67b742f3
        3019000	      1409	80000304	3043a173	csrrs	x2,mie,x7	  x7:0x67b742f3  x2=0x7fff0888
        3037000	      1418	80000308	7fff13b7	lui	x7,0x7fff1	  x7=0x7fff1000
        3061000	      1430	8000030c	88838393	addi	x7,x7,-1912	  x7:0x7fff1000  x7=0x7fff0888
        3063000	      1431	80000310	6e239263	bne	x7,x2,800009f4	  x7:0x7fff0888  x2:0x7fff0888  x0=0x00000000
        3065000	      1432	80000314	a5a5a3b7	lui	x7,0xa5a5a	  x7=0xa5a5a000
        3119000	      1459	80000318	5a538393	addi	x7,x7,1445	  x7:0xa5a5a000  x7=0xa5a5a5a5
        3121000	      1460	8000031c	3043b173	csrrc	x2,mie,x7	  x7:0xa5a5a5a5  x2=0x7fff0888
        3133000	      1466	80000320	7fff13b7	lui	x7,0x7fff1	  x7=0x7fff1000
        3143000	      1471	80000324	88838393	addi	x7,x7,-1912	  x7:0x7fff1000  x7=0x7fff0888
        3151000	      1475	80000328	6c239663	bne	x7,x2,800009f4	  x7:0x7fff0888  x2:0x7fff0888  x0=0x00000000
        3169000	      1484	8000032c	5a5a63b7	lui	x7,0x5a5a6	  x7=0x5a5a6000
        3191000	      1495	80000330	a5a38393	addi	x7,x7,-1446	  x7:0x5a5a6000  x7=0x5a5a5a5a
        3213000	      1506	80000334	3043b173	csrrc	x2,mie,x7	  x7:0x5a5a5a5a  x2=0x5a5a0808
        3223000	      1511	80000338	5a5a13b7	lui	x7,0x5a5a1	  x7=0x5a5a1000
        3237000	      1518	8000033c	80838393	addi	x7,x7,-2040	  x7:0x5a5a1000  x7=0x5a5a0808
        3239000	      1519	80000340	6a239a63	bne	x7,x2,800009f4	  x7:0x5a5a0808  x2:0x5a5a0808  x0=0x00000000
        3253000	      1526	80000344	d5c7f3b7	lui	x7,0xd5c7f	  x7=0xd5c7f000
        3277000	      1538	80000348	51938393	addi	x7,x7,1305	  x7:0xd5c7f000  x7=0xd5c7f519
        3333000	      1566	8000034c	3043b173	csrrc	x2,mie,x7	  x7:0xd5c7f519  x2=0x00000000
        3335000	      1567	80000350	00000393	addi	x7,x0,0	  x0:0x00000000  x7=0x00000000
        3369000	      1584	80000354	6a239063	bne	x7,x2,800009f4	  x7:0x00000000  x2:0x00000000  x0=0x00000000
        3371000	      1585	80000358	3042d173	csrrwi	x2,mie,5	  x2=0x00000000
        3399000	      1599	8000035c	00000393	addi	x7,x0,0	  x0:0x00000000  x7=0x00000000
        3415000	      1607	80000360	68239a63	bne	x7,x2,800009f4	  x7:0x00000000  x2:0x00000000  x0=0x00000000
        3417000	      1608	80000364	304d5173	csrrwi	x2,mie,26	  x2=0x00000000
        3423000	      1611	80000368	00000393	addi	x7,x0,0	  x0:0x00000000  x7=0x00000000
        3425000	      1612	8000036c	68239463	bne	x7,x2,800009f4	  x7:0x00000000  x2:0x00000000  x0=0x00000000
        3461000	      1630	80000370	30405173	csrrwi	x2,mie,0	  x2=0x00000008
        3497000	      1648	80000374	00800393	addi	x7,x0,8	  x0:0x00000000  x7=0x00000008
        3513000	      1656	80000378	66239e63	bne	x7,x2,800009f4	  x7:0x00000008  x2:0x00000008  x0=0x00000000
        3515000	      1657	8000037c	3042e173	csrrsi	x2,mie,5	  x2=0x00000000
        3555000	      1677	80000380	00000393	addi	x7,x0,0	  x0:0x00000000  x7=0x00000000
        3557000	      1678	80000384	66239863	bne	x7,x2,800009f4	  x7:0x00000000  x2:0x00000000  x0=0x00000000
        3579000	      1689	80000388	304d6173	csrrsi	x2,mie,26	  x2=0x00000000
        3585000	      1692	8000038c	00000393	addi	x7,x0,0	  x0:0x00000000  x7=0x00000000
        3587000	      1693	80000390	66239263	bne	x7,x2,800009f4	  x7:0x00000000  x2:0x00000000  x0=0x00000000
        3605000	      1702	80000394	304ee173	csrrsi	x2,mie,29	  x2=0x00000008
        3617000	      1708	80000398	00800393	addi	x7,x0,8	  x0:0x00000000  x7=0x00000008
        3619000	      1709	8000039c	64239c63	bne	x7,x2,800009f4	  x7:0x00000008  x2:0x00000008  x0=0x00000000
        3633000	      1716	800003a0	3042f173	csrrci	x2,mie,5	  x2=0x00000008
        3655000	      1727	800003a4	00800393	addi	x7,x0,8	  x0:0x00000000  x7=0x00000008
        3663000	      1731	800003a8	64239663	bne	x7,x2,800009f4	  x7:0x00000008  x2:0x00000008  x0=0x00000000
        3685000	      1742	800003ac	304d7173	csrrci	x2,mie,26	  x2=0x00000008
        3707000	      1753	800003b0	00800393	addi	x7,x0,8	  x0:0x00000000  x7=0x00000008
        3737000	      1768	800003b4	64239063	bne	x7,x2,800009f4	  x7:0x00000008  x2:0x00000008  x0=0x00000000
        3773000	      1786	800003b8	30467173	csrrci	x2,mie,12	  x2=0x00000000
        3775000	      1787	800003bc	00000393	addi	x7,x0,0	  x0:0x00000000  x7=0x00000000
        3789000	      1794	800003c0	62239a63	bne	x7,x2,800009f4	  x7:0x00000000  x2:0x00000000  x0=0x00000000
        3797000	      1798	800003c4	a5a5a3b7	lui	x7,0xa5a5a	  x7=0xa5a5a000
        3799000	      1799	800003c8	5a538393	addi	x7,x7,1445	  x7:0xa5a5a000  x7=0xa5a5a5a5
        3801000	      1800	800003cc	34039173	csrrw	x2,mscratch,x7	  x7:0xa5a5a5a5  x2=0x00000000
        3803000	      1801	800003d0	00000393	addi	x7,x0,0	  x0:0x00000000  x7=0x00000000
        3821000	      1810	800003d4	62239063	bne	x7,x2,800009f4	  x7:0x00000000  x2:0x00000000  x0=0x00000000
        3829000	      1814	800003d8	5a5a63b7	lui	x7,0x5a5a6	  x7=0x5a5a6000
        3831000	      1815	800003dc	a5a38393	addi	x7,x7,-1446	  x7:0x5a5a6000  x7=0x5a5a5a5a
        3833000	      1816	800003e0	34039173	csrrw	x2,mscratch,x7	  x7:0x5a5a5a5a  x2=0xa5a5a5a5
        3853000	      1826	800003e4	a5a5a3b7	lui	x7,0xa5a5a	  x7=0xa5a5a000
        3893000	      1846	800003e8	5a538393	addi	x7,x7,1445	  x7:0xa5a5a000  x7=0xa5a5a5a5
        3895000	      1847	800003ec	60239463	bne	x7,x2,800009f4	  x7:0xa5a5a5a5  x2:0xa5a5a5a5  x0=0x00000000
        3915000	      1857	800003f0	36a033b7	lui	x7,0x36a03	  x7=0x36a03000
        3919000	      1859	800003f4	79b38393	addi	x7,x7,1947	  x7:0x36a03000  x7=0x36a0379b
        3967000	      1883	800003f8	34039173	csrrw	x2,mscratch,x7	  x7:0x36a0379b  x2=0x5a5a5a5a
        3969000	      1884	800003fc	5a5a63b7	lui	x7,0x5a5a6	  x7=0x5a5a6000
        3987000	      1893	80000400	a5a38393	addi	x7,x7,-1446	  x7:0x5a5a6000  x7=0x5a5a5a5a
        4049000	      1924	80000404	5e239863	bne	x7,x2,800009f4	  x7:0x5a5a5a5a  x2:0x5a5a5a5a  x0=0x00000000
        4051000	      1925	80000408	a5a5a3b7	lui	x7,0xa5a5a	  x7=0xa5a5a000
        4053000	      1926	8000040c	5a538393	addi	x7,x7,1445	  x7:0xa5a5a000  x7=0xa5a5a5a5
        4095000	      1947	80000410	3403a173	csrrs	x2,mscratch,x7	  x7:0xa5a5a5a5  x2=0x36a0379b
        4103000	      1951	80000414	36a033b7	lui	x7,0x36a03	  x7=0x36a03000
        4131000	      1965	80000418	79b38393	addi	x7,x7,1947	  x7:0x36a03000  x7=0x36a0379b
        4149000	      1974	8000041c	5c239c63	bne	x7,x2,800009f4	  x7:0x36a0379b  x2:0x36a0379b  x0=0x00000000
        4151000	      1975	80000420	5a5a63b7	lui	x7,0x5a5a6	  x7=0x5a5a6000
        4153000	      1976	80000424	a5a38393	addi	x7,x7,-1446	  x7:0x5a5a6000  x7=0x5a5a5a5a
        4167000	      1983	80000428	3403a173	csrrs	x2,mscratch,x7	  x7:0x5a5a5a5a  x2=0xb7a5b7bf
        4209000	      2004	8000042c	b7a5b3b7	lui	x7,0xb7a5b	  x7=0xb7a5b000
        4251000	      2025	80000430	7bf38393	addi	x7,x7,1983	  x7:0xb7a5b000  x7=0xb7a5b7bf
        4253000	      2026	80000434	5c239063	bne	x7,x2,800009f4	  x7:0xb7a5b7bf  x2:0xb7a5b7bf  x0=0x00000000
        4255000	      2027	80000438	8b8db3b7	lui	x7,0x8b8db	  x7=0x8b8db000
        4271000	      2035	8000043c	de938393	addi	x7,x7,-535	  x7:0x8b8db000  x7=0x8b8dade9
        4279000	      2039	80000440	3403a173	csrrs	x2,mscratch,x7	  x7:0x8b8dade9  x2=0xffffffff
        4327000	      2063	80000444	fff00393	addi	x7,x0,-1	  x0:0x00000000  x7=0xffffffff
        4363000	      2081	80000448	5a239663	bne	x7,x2,800009f4	  x7:0xffffffff  x2:0xffffffff  x0=0x00000000
        4365000	      2082	8000044c	a5a5a3b7	lui	x7,0xa5a5a	  x7=0xa5a5a000
        4367000	      2083	80000450	5a538393	addi	x7,x7,1445	  x7:0xa5a5a000  x7=0xa5a5a5a5
        4383000	      2091	80000454	3403b173	csrrc	x2,mscratch,x7	  x7:0xa5a5a5a5  x2=0xffffffff
        4401000	      2100	80000458	fff00393	addi	x7,x0,-1	  x0:0x00000000  x7=0xffffffff
        4423000	      2111	8000045c	58239c63	bne	x7,x2,800009f4	  x7:0xffffffff  x2:0xffffffff  x0=0x00000000
        4439000	      2119	80000460	5a5a63b7	lui	x7,0x5a5a6	  x7=0x5a5a6000
        4465000	      2132	80000464	a5a38393	addi	x7,x7,-1446	  x7:0x5a5a6000  x7=0x5a5a5a5a
        4507000	      2153	80000468	3403b173	csrrc	x2,mscratch,x7	  x7:0x5a5a5a5a  x2=0x5a5a5a5a
        4509000	      2154	8000046c	5a5a63b7	lui	x7,0x5a5a6	  x7=0x5a5a6000
        4537000	      2168	80000470	a5a38393	addi	x7,x7,-1446	  x7:0x5a5a6000  x7=0x5a5a5a5a
        4551000	      2175	80000474	58239063	bne	x7,x2,800009f4	  x7:0x5a5a5a5a  x2:0x5a5a5a5a  x0=0x00000000
        4595000	      2197	80000478	56b753b7	lui	x7,0x56b75	  x7=0x56b75000
        4617000	      2208	8000047c	26038393	addi	x7,x7,608	  x7:0x56b75000  x7=0x56b75260
        4659000	      2229	80000480	3403b173	csrrc	x2,mscratch,x7	  x7:0x56b75260  x2=0x00000000
        4667000	      2233	80000484	00000393	addi	x7,x0,0	  x0:0x00000000  x7=0x00000000
        4669000	      2234	80000488	56239663	bne	x7,x2,800009f4	  x7:0x00000000  x2:0x00000000  x0=0x00000000
        4691000	      2245	8000048c	3402d173	csrrwi	x2,mscratch,5	  x2=0x00000000
        4693000	      2246	80000490	00000393	addi	x7,x0,0	  x0:0x00000000  x7=0x00000000
        4717000	      2258	80000494	56239063	bne	x7,x2,800009f4	  x7:0x00000000  x2:0x00000000  x0=0x00000000
        4759000	      2279	80000498	340d5173	csrrwi	x2,mscratch,26	  x2=0x00000005
        4773000	      2286	8000049c	00500393	addi	x7,x0,5	  x0:0x00000000  x7=0x00000005
        4783000	      2291	800004a0	54239a63	bne	x7,x2,800009f4	  x7:0x00000005  x2:0x00000005  x0=0x00000000
        4797000	      2298	800004a4	340f5173	csrrwi	x2,mscratch,30	  x2=0x0000001a
        4839000	      2319	800004a8	01a00393	addi	x7,x0,26	  x0:0x00000000  x7=0x0000001a
        4857000	      2328	800004ac	54239463	bne	x7,x2,800009f4	  x7:0x0000001a  x2:0x0000001a  x0=0x00000000
        4899000	      2349	800004b0	3402e173	csrrsi	x2,mscratch,5	  x2=0x0000001e
        4941000	      2370	800004b4	01e00393	addi	x7,x0,30	  x0:0x00000000  x7=0x0000001e
        4983000	      2391	800004b8	52239e63	bne	x7,x2,800009f4	  x7:0x0000001e  x2:0x0000001e  x0=0x00000000
        4987000	      2393	800004bc	340d6173	csrrsi	x2,mscratch,26	  x2=0x0000001f
        4991000	      2395	800004c0	01f00393	addi	x7,x0,31	  x0:0x00000000  x7=0x0000001f
        5023000	      2411	800004c4	52239863	bne	x7,x2,800009f4	  x7:0x0000001f  x2:0x0000001f  x0=0x00000000
        5033000	      2416	800004c8	340be173	csrrsi	x2,mscratch,23	  x2=0x0000001f
        5053000	      2426	800004cc	01f00393	addi	x7,x0,31	  x0:0x00000000  x7=0x0000001f
        5057000	      2428	800004d0	52239263	bne	x7,x2,800009f4	  x7:0x0000001f  x2:0x0000001f  x0=0x00000000
        5059000	      2429	800004d4	3402f173	csrrci	x2,mscratch,5	  x2=0x0000001f
        5077000	      2438	800004d8	01f00393	addi	x7,x0,31	  x0:0x00000000  x7=0x0000001f
        5135000	      2467	800004dc	50239c63	bne	x7,x2,800009f4	  x7:0x0000001f  x2:0x0000001f  x0=0x00000000
        5177000	      2488	800004e0	340d7173	csrrci	x2,mscratch,26	  x2=0x0000001a
        5181000	      2490	800004e4	01a00393	addi	x7,x0,26	  x0:0x00000000  x7=0x0000001a
        5201000	      2500	800004e8	50239663	bne	x7,x2,800009f4	  x7:0x0000001a  x2:0x0000001a  x0=0x00000000
        5245000	      2522	800004ec	34097173	csrrci	x2,mscratch,18	  x2=0x00000000
        5253000	      2526	800004f0	00000393	addi	x7,x0,0	  x0:0x00000000  x7=0x00000000
        5263000	      2531	800004f4	50239063	bne	x7,x2,800009f4	  x7:0x00000000  x2:0x00000000  x0=0x00000000
        5283000	      2541	800004f8	a5a5a3b7	lui	x7,0xa5a5a	  x7=0xa5a5a000
        5289000	      2544	800004fc	5a538393	addi	x7,x7,1445	  x7:0xa5a5a000  x7=0xa5a5a5a5
        5291000	      2545	80000500	34139173	csrrw	x2,mepc,x7	  x7:0xa5a5a5a5  x2=0x00000000
        5335000	      2567	80000504	00000393	addi	x7,x0,0	  x0:0x00000000  x7=0x00000000
        5337000	      2568	80000508	4e239663	bne	x7,x2,800009f4	  x7:0x00000000  x2:0x00000000  x0=0x00000000
        5343000	      2571	8000050c	5a5a63b7	lui	x7,0x5a5a6	  x7=0x5a5a6000
        5365000	      2582	80000510	a5a38393	addi	x7,x7,-1446	  x7:0x5a5a6000  x7=0x5a5a5a5a
        5367000	      2583	80000514	34139173	csrrw	x2,mepc,x7	  x7:0x5a5a5a5a  x2=0xa5a5a5a4
        5381000	      2590	80000518	a5a5a3b7	lui	x7,0xa5a5a	  x7=0xa5a5a000
        5383000	      2591	8000051c	5a438393	addi	x7,x7,1444	  x7:0xa5a5a000  x7=0xa5a5a5a4
        5397000	      2598	80000520	4c239a63	bne	x7,x2,800009f4	  x7:0xa5a5a5a4  x2:0xa5a5a5a4  x0=0x00000000
        5399000	      2599	80000524	013bc3b7	lui	x7,0x13bc	  x7=0x013bc000
        5423000	      2611	80000528	11338393	addi	x7,x7,275	  x7:0x013bc000  x7=0x013bc113
        5477000	      2638	8000052c	34139173	csrrw	x2,mepc,x7	  x7:0x013bc113  x2=0x5a5a5a5a
        5507000	      2653	80000530	5a5a63b7	lui	x7,0x5a5a6	  x7=0x5a5a6000
        5549000	      2674	80000534	a5a38393	addi	x7,x7,-1446	  x7:0x5a5a6000  x7=0x5a5a5a5a
        5551000	      2675	80000538	4a239e63	bne	x7,x2,800009f4	  x7:0x5a5a5a5a  x2:0x5a5a5a5a  x0=0x00000000
        5577000	      2688	8000053c	a5a5a3b7	lui	x7,0xa5a5a	  x7=0xa5a5a000
        5579000	      2689	80000540	5a538393	addi	x7,x7,1445	  x7:0xa5a5a000  x7=0xa5a5a5a5
        5619000	      2709	80000544	3413a173	csrrs	x2,mepc,x7	  x7:0xa5a5a5a5  x2=0x013bc112
        5621000	      2710	80000548	013bc3b7	lui	x7,0x13bc	  x7=0x013bc000
        5643000	      2721	8000054c	11238393	addi	x7,x7,274	  x7:0x013bc000  x7=0x013bc112
        5645000	      2722	80000550	4a239263	bne	x7,x2,800009f4	  x7:0x013bc112  x2:0x013bc112  x0=0x00000000
        5667000	      2733	80000554	5a5a63b7	lui	x7,0x5a5a6	  x7=0x5a5a6000
        5685000	      2742	80000558	a5a38393	addi	x7,x7,-1446	  x7:0x5a5a6000  x7=0x5a5a5a5a
        5687000	      2743	8000055c	3413a173	csrrs	x2,mepc,x7	  x7:0x5a5a5a5a  x2=0xa5bfe5b6
        5735000	      2767	80000560	a5bfe3b7	lui	x7,0xa5bfe	  x7=0xa5bfe000
        5737000	      2768	80000564	5b638393	addi	x7,x7,1462	  x7:0xa5bfe000  x7=0xa5bfe5b6
        5773000	      2786	80000568	48239663	bne	x7,x2,800009f4	  x7:0xa5bfe5b6  x2:0xa5bfe5b6  x0=0x00000000
        5775000	      2787	8000056c	fe3553b7	lui	x7,0xfe355	  x7=0xfe355000
        5787000	      2793	80000570	59238393	addi	x7,x7,1426	  x7:0xfe355000  x7=0xfe355592
        5805000	      2802	80000574	3413a173	csrrs	x2,mepc,x7	  x7:0xfe355592  x2=0xfffffffe
        5827000	      2813	80000578	ffe00393	addi	x7,x0,-2	  x0:0x00000000  x7=0xfffffffe
        5829000	      2814	8000057c	46239c63	bne	x7,x2,800009f4	  x7:0xfffffffe  x2:0xfffffffe  x0=0x00000000
        5831000	      2815	80000580	a5a5a3b7	lui	x7,0xa5a5a	  x7=0xa5a5a000
        5835000	      2817	80000584	5a538393	addi	x7,x7,1445	  x7:0xa5a5a000  x7=0xa5a5a5a5
        5857000	      2828	80000588	3413b173	csrrc	x2,mepc,x7	  x7:0xa5a5a5a5  x2=0xfffffffe
        5891000	      2845	8000058c	ffe00393	addi	x7,x0,-2	  x0:0x00000000  x7=0xfffffffe
        5909000	      2854	80000590	46239263	bne	x7,x2,800009f4	  x7:0xfffffffe  x2:0xfffffffe  x0=0x00000000
        5933000	      2866	80000594	5a5a63b7	lui	x7,0x5a5a6	  x7=0x5a5a6000
        5937000	      2868	80000598	a5a38393	addi	x7,x7,-1446	  x7:0x5a5a6000  x7=0x5a5a5a5a
        5961000	      2880	8000059c	3413b173	csrrc	x2,mepc,x7	  x7:0x5a5a5a5a  x2=0x5a5a5a5a
        6015000	      2907	800005a0	5a5a63b7	lui	x7,0x5a5a6	  x7=0x5a5a6000
        6017000	      2908	800005a4	a5a38393	addi	x7,x7,-1446	  x7:0x5a5a6000  x7=0x5a5a5a5a
        6027000	      2913	800005a8	44239663	bne	x7,x2,800009f4	  x7:0x5a5a5a5a  x2:0x5a5a5a5a  x0=0x00000000
        6059000	      2929	800005ac	8c80f3b7	lui	x7,0x8c80f	  x7=0x8c80f000
        6071000	      2935	800005b0	44b38393	addi	x7,x7,1099	  x7:0x8c80f000  x7=0x8c80f44b
        6109000	      2954	800005b4	3413b173	csrrc	x2,mepc,x7	  x7:0x8c80f44b  x2=0x00000000
        6111000	      2955	800005b8	00000393	addi	x7,x0,0	  x0:0x00000000  x7=0x00000000
        6155000	      2977	800005bc	42239c63	bne	x7,x2,800009f4	  x7:0x00000000  x2:0x00000000  x0=0x00000000
        6173000	      2986	800005c0	3412d173	csrrwi	x2,mepc,5	  x2=0x00000000
        6177000	      2988	800005c4	00000393	addi	x7,x0,0	  x0:0x00000000  x7=0x00000000
        6179000	      2989	800005c8	42239663	bne	x7,x2,800009f4	  x7:0x00000000  x2:0x00000000  x0=0x00000000
        6241000	      3020	800005cc	341d5173	csrrwi	x2,mepc,26	  x2=0x00000004
        6247000	      3023	800005d0	00400393	addi	x7,x0,4	  x0:0x00000000  x7=0x00000004
        6295000	      3047	800005d4	42239063	bne	x7,x2,800009f4	  x7:0x00000004  x2:0x00000004  x0=0x00000000
        6303000	      3051	800005d8	3410d173	csrrwi	x2,mepc,1	  x2=0x0000001a
        6343000	      3071	800005dc	01a00393	addi	x7,x0,26	  x0:0x00000000  x7=0x0000001a
        6345000	      3072	800005e0	40239a63	bne	x7,x2,800009f4	  x7:0x0000001a  x2:0x0000001a  x0=0x00000000
        6347000	      3073	800005e4	3412e173	csrrsi	x2,mepc,5	  x2=0x00000000
        6389000	      3094	800005e8	00000393	addi	x7,x0,0	  x0:0x00000000  x7=0x00000000
        6391000	      3095	800005ec	40239463	bne	x7,x2,800009f4	  x7:0x00000000  x2:0x00000000  x0=0x00000000
        6419000	      3109	800005f0	341d6173	csrrsi	x2,mepc,26	  x2=0x00000004
        6427000	      3113	800005f4	00400393	addi	x7,x0,4	  x0:0x00000000  x7=0x00000004
        6441000	      3120	800005f8	3e239e63	bne	x7,x2,800009f4	  x7:0x00000004  x2:0x00000004  x0=0x00000000
        6449000	      3124	800005fc	341c6173	csrrsi	x2,mepc,24	  x2=0x0000001e
        6463000	      3131	80000600	01e00393	addi	x7,x0,30	  x0:0x00000000  x7=0x0000001e
        6473000	      3136	80000604	3e239863	bne	x7,x2,800009f4	  x7:0x0000001e  x2:0x0000001e  x0=0x00000000
        6485000	      3142	80000608	3412f173	csrrci	x2,mepc,5	  x2=0x0000001e
        6505000	      3152	8000060c	01e00393	addi	x7,x0,30	  x0:0x00000000  x7=0x0000001e
        6537000	      3168	80000610	3e239263	bne	x7,x2,800009f4	  x7:0x0000001e  x2:0x0000001e  x0=0x00000000
        6539000	      3169	80000614	341d7173	csrrci	x2,mepc,26	  x2=0x0000001a
        6553000	      3176	80000618	01a00393	addi	x7,x0,26	  x0:0x00000000  x7=0x0000001a
        6559000	      3179	8000061c	3c239c63	bne	x7,x2,800009f4	  x7:0x0000001a  x2:0x0000001a  x0=0x00000000
        6587000	      3193	80000620	341af173	csrrci	x2,mepc,21	  x2=0x00000000
        6629000	      3214	80000624	00000393	addi	x7,x0,0	  x0:0x00000000  x7=0x00000000
        6641000	      3220	80000628	3c239663	bne	x7,x2,800009f4	  x7:0x00000000  x2:0x00000000  x0=0x00000000
        6647000	      3223	8000062c	a5a5a3b7	lui	x7,0xa5a5a	  x7=0xa5a5a000
        6665000	      3232	80000630	5a538393	addi	x7,x7,1445	  x7:0xa5a5a000  x7=0xa5a5a5a5
        6681000	      3240	80000634	34239173	csrrw	x2,mcause,x7	  x7:0xa5a5a5a5  x2=0x00000000
        6693000	      3246	80000638	00000393	addi	x7,x0,0	  x0:0x00000000  x7=0x00000000
        6705000	      3252	8000063c	3a239c63	bne	x7,x2,800009f4	  x7:0x00000000  x2:0x00000000  x0=0x00000000
        6749000	      3274	80000640	5a5a63b7	lui	x7,0x5a5a6	  x7=0x5a5a6000
        6751000	      3275	80000644	a5a38393	addi	x7,x7,-1446	  x7:0x5a5a6000  x7=0x5a5a5a5a
        6773000	      3286	80000648	34239173	csrrw	x2,mcause,x7	  x7:0x5a5a5a5a  x2=0x80000005
        6795000	      3297	8000064c	800003b7	lui	x7,0x80000	  x7=0x80000000
        6817000	      3308	80000650	00538393	addi	x7,x7,5	  x7:0x80000000  x7=0x80000005
        6839000	      3319	80000654	3a239063	bne	x7,x2,800009f4	  x7:0x80000005  x2:0x80000005  x0=0x00000000
        6843000	      3321	80000658	fb6313b7	lui	x7,0xfb631	  x7=0xfb631000
        6867000	      3333	8000065c	87138393	addi	x7,x7,-1935	  x7:0xfb631000  x7=0xfb630871
        6869000	      3334	80000660	34239173	csrrw	x2,mcause,x7	  x7:0xfb630871  x2=0x0000001a
        6907000	      3353	80000664	01a00393	addi	x7,x0,26	  x0:0x00000000  x7=0x0000001a
        6941000	      3370	80000668	38239663	bne	x7,x2,800009f4	  x7:0x0000001a  x2:0x0000001a  x0=0x00000000
        6943000	      3371	8000066c	a5a5a3b7	lui	x7,0xa5a5a	  x7=0xa5a5a000
        6985000	      3392	80000670	5a538393	addi	x7,x7,1445	  x7:0xa5a5a000  x7=0xa5a5a5a5
        6991000	      3395	80000674	3423a173	csrrs	x2,mcause,x7	  x7:0xa5a5a5a5  x2=0x80000011
        7003000	      3401	80000678	800003b7	lui	x7,0x80000	  x7=0x80000000
        7015000	      3407	8000067c	01138393	addi	x7,x7,17	  x7:0x80000000  x7=0x80000011
        7017000	      3408	80000680	36239a63	bne	x7,x2,800009f4	  x7:0x80000011  x2:0x80000011  x0=0x00000000
        7035000	      3417	80000684	5a5a63b7	lui	x7,0x5a5a6	  x7=0x5a5a6000
        7069000	      3434	80000688	a5a38393	addi	x7,x7,-1446	  x7:0x5a5a6000  x7=0x5a5a5a5a
        7083000	      3441	8000068c	3423a173	csrrs	x2,mcause,x7	  x7:0x5a5a5a5a  x2=0x80000015
        7101000	      3450	80000690	800003b7	lui	x7,0x80000	  x7=0x80000000
        7109000	      3454	80000694	01538393	addi	x7,x7,21	  x7:0x80000000  x7=0x80000015
        7135000	      3467	80000698	34239e63	bne	x7,x2,800009f4	  x7:0x80000015  x2:0x80000015  x0=0x00000000
        7139000	      3469	8000069c	19e113b7	lui	x7,0x19e11	  x7=0x19e11000
        7155000	      3477	800006a0	2f038393	addi	x7,x7,752	  x7:0x19e11000  x7=0x19e112f0
        7205000	      3502	800006a4	3423a173	csrrs	x2,mcause,x7	  x7:0x19e112f0  x2=0x8000001f
        7207000	      3503	800006a8	800003b7	lui	x7,0x80000	  x7=0x80000000
        7209000	      3504	800006ac	01f38393	addi	x7,x7,31	  x7:0x80000000  x7=0x8000001f
        7225000	      3512	800006b0	34239263	bne	x7,x2,800009f4	  x7:0x8000001f  x2:0x8000001f  x0=0x00000000
        7227000	      3513	800006b4	a5a5a3b7	lui	x7,0xa5a5a	  x7=0xa5a5a000
        7249000	      3524	800006b8	5a538393	addi	x7,x7,1445	  x7:0xa5a5a000  x7=0xa5a5a5a5
        7259000	      3529	800006bc	3423b173	csrrc	x2,mcause,x7	  x7:0xa5a5a5a5  x2=0x8000001f
        7297000	      3548	800006c0	800003b7	lui	x7,0x80000	  x7=0x80000000
        7299000	      3549	800006c4	01f38393	addi	x7,x7,31	  x7:0x80000000  x7=0x8000001f
        7357000	      3578	800006c8	32239663	bne	x7,x2,800009f4	  x7:0x8000001f  x2:0x8000001f  x0=0x00000000
        7359000	      3579	800006cc	5a5a63b7	lui	x7,0x5a5a6	  x7=0x5a5a6000
        7379000	      3589	800006d0	a5a38393	addi	x7,x7,-1446	  x7:0x5a5a6000  x7=0x5a5a5a5a
        7391000	      3595	800006d4	3423b173	csrrc	x2,mcause,x7	  x7:0x5a5a5a5a  x2=0x0000001a
        7407000	      3603	800006d8	01a00393	addi	x7,x0,26	  x0:0x00000000  x7=0x0000001a
        7433000	      3616	800006dc	30239c63	bne	x7,x2,800009f4	  x7:0x0000001a  x2:0x0000001a  x0=0x00000000
        7479000	      3639	800006e0	24ff13b7	lui	x7,0x24ff1	  x7=0x24ff1000
        7521000	      3660	800006e4	92938393	addi	x7,x7,-1751	  x7:0x24ff1000  x7=0x24ff0929
        7549000	      3674	800006e8	3423b173	csrrc	x2,mcause,x7	  x7:0x24ff0929  x2=0x00000000
        7591000	      3695	800006ec	00000393	addi	x7,x0,0	  x0:0x00000000  x7=0x00000000
        7607000	      3703	800006f0	30239263	bne	x7,x2,800009f4	  x7:0x00000000  x2:0x00000000  x0=0x00000000
        7609000	      3704	800006f4	3422d173	csrrwi	x2,mcause,5	  x2=0x00000000
        7631000	      3715	800006f8	00000393	addi	x7,x0,0	  x0:0x00000000  x7=0x00000000
        7657000	      3728	800006fc	2e239c63	bne	x7,x2,800009f4	  x7:0x00000000  x2:0x00000000  x0=0x00000000
        7679000	      3739	80000700	342d5173	csrrwi	x2,mcause,26	  x2=0x00000005
        7689000	      3744	80000704	00500393	addi	x7,x0,5	  x0:0x00000000  x7=0x00000005
        7693000	      3746	80000708	2e239663	bne	x7,x2,800009f4	  x7:0x00000005  x2:0x00000005  x0=0x00000000
        7755000	      3777	8000070c	3420d173	csrrwi	x2,mcause,1	  x2=0x0000001a
        7795000	      3797	80000710	01a00393	addi	x7,x0,26	  x0:0x00000000  x7=0x0000001a
        7815000	      3807	80000714	2e239063	bne	x7,x2,800009f4	  x7:0x0000001a  x2:0x0000001a  x0=0x00000000
        7817000	      3808	80000718	3422e173	csrrsi	x2,mcause,5	  x2=0x00000001
        7879000	      3839	8000071c	00100393	addi	x7,x0,1	  x0:0x00000000  x7=0x00000001
        7893000	      3846	80000720	2c239a63	bne	x7,x2,800009f4	  x7:0x00000001  x2:0x00000001  x0=0x00000000
        7903000	      3851	80000724	342d6173	csrrsi	x2,mcause,26	  x2=0x00000005
        7931000	      3865	80000728	00500393	addi	x7,x0,5	  x0:0x00000000  x7=0x00000005
        7947000	      3873	8000072c	2c239463	bne	x7,x2,800009f4	  x7:0x00000005  x2:0x00000005  x0=0x00000000
        8003000	      3901	80000730	342b6173	csrrsi	x2,mcause,22	  x2=0x0000001f
        8015000	      3907	80000734	01f00393	addi	x7,x0,31	  x0:0x00000000  x7=0x0000001f
        8067000	      3933	80000738	2a239e63	bne	x7,x2,800009f4	  x7:0x0000001f  x2:0x0000001f  x0=0x00000000
        8109000	      3954	8000073c	3422f173	csrrci	x2,mcause,5	  x2=0x0000001f
        8111000	      3955	80000740	01f00393	addi	x7,x0,31	  x0:0x00000000  x7=0x0000001f
        8117000	      3958	80000744	2a239863	bne	x7,x2,800009f4	  x7:0x0000001f  x2:0x0000001f  x0=0x00000000
        8121000	      3960	80000748	342d7173	csrrci	x2,mcause,26	  x2=0x0000001a
        8123000	      3961	8000074c	01a00393	addi	x7,x0,26	  x0:0x00000000  x7=0x0000001a
        8151000	      3975	80000750	2a239263	bne	x7,x2,800009f4	  x7:0x0000001a  x2:0x0000001a  x0=0x00000000
        8153000	      3976	80000754	34237173	csrrci	x2,mcause,6	  x2=0x00000000
        8213000	      4006	80000758	00000393	addi	x7,x0,0	  x0:0x00000000  x7=0x00000000
        8255000	      4027	8000075c	28239c63	bne	x7,x2,800009f4	  x7:0x00000000  x2:0x00000000  x0=0x00000000
        8265000	      4032	80000760	a5a5a3b7	lui	x7,0xa5a5a	  x7=0xa5a5a000
        8293000	      4046	80000764	5a538393	addi	x7,x7,1445	  x7:0xa5a5a000  x7=0xa5a5a5a5
        8299000	      4049	80000768	34339173	csrrw	x2,mtval,x7	  x7:0xa5a5a5a5  x2=0x00000000
        8317000	      4058	8000076c	00000393	addi	x7,x0,0	  x0:0x00000000  x7=0x00000000
        8373000	      4086	80000770	28239263	bne	x7,x2,800009f4	  x7:0x00000000  x2:0x00000000  x0=0x00000000
        8377000	      4088	80000774	5a5a63b7	lui	x7,0x5a5a6	  x7=0x5a5a6000
        8379000	      4089	80000778	a5a38393	addi	x7,x7,-1446	  x7:0x5a5a6000  x7=0x5a5a5a5a
        8401000	      4100	8000077c	34339173	csrrw	x2,mtval,x7	  x7:0x5a5a5a5a  x2=0xa5a5a5a5
        8435000	      4117	80000780	a5a5a3b7	lui	x7,0xa5a5a	  x7=0xa5a5a000
        8437000	      4118	80000784	5a538393	addi	x7,x7,1445	  x7:0xa5a5a000  x7=0xa5a5a5a5
        8439000	      4119	80000788	26239663	bne	x7,x2,800009f4	  x7:0xa5a5a5a5  x2:0xa5a5a5a5  x0=0x00000000
        8441000	      4120	8000078c	5f0723b7	lui	x7,0x5f072	  x7=0x5f072000
        8463000	      4131	80000790	b5638393	addi	x7,x7,-1194	  x7:0x5f072000  x7=0x5f071b56
        8465000	      4132	80000794	34339173	csrrw	x2,mtval,x7	  x7:0x5f071b56  x2=0x5a5a5a5a
        8501000	      4150	80000798	5a5a63b7	lui	x7,0x5a5a6	  x7=0x5a5a6000
        8507000	      4153	8000079c	a5a38393	addi	x7,x7,-1446	  x7:0x5a5a6000  x7=0x5a5a5a5a
        8523000	      4161	800007a0	24239a63	bne	x7,x2,800009f4	  x7:0x5a5a5a5a  x2:0x5a5a5a5a  x0=0x00000000
        8529000	      4164	800007a4	a5a5a3b7	lui	x7,0xa5a5a	  x7=0xa5a5a000
        8547000	      4173	800007a8	5a538393	addi	x7,x7,1445	  x7:0xa5a5a000  x7=0xa5a5a5a5
        8569000	      4184	800007ac	3433a173	csrrs	x2,mtval,x7	  x7:0xa5a5a5a5  x2=0x5f071b56
        8595000	      4197	800007b0	5f0723b7	lui	x7,0x5f072	  x7=0x5f072000
        8637000	      4218	800007b4	b5638393	addi	x7,x7,-1194	  x7:0x5f072000  x7=0x5f071b56
        8639000	      4219	800007b8	22239e63	bne	x7,x2,800009f4	  x7:0x5f071b56  x2:0x5f071b56  x0=0x00000000
        8655000	      4227	800007bc	5a5a63b7	lui	x7,0x5a5a6	  x7=0x5a5a6000
        8671000	      4235	800007c0	a5a38393	addi	x7,x7,-1446	  x7:0x5a5a6000  x7=0x5a5a5a5a
        8679000	      4239	800007c4	3433a173	csrrs	x2,mtval,x7	  x7:0x5a5a5a5a  x2=0xffa7bff7
        8687000	      4243	800007c8	ffa7c3b7	lui	x7,0xffa7c	  x7=0xffa7c000
        8749000	      4274	800007cc	ff738393	addi	x7,x7,-9	  x7:0xffa7c000  x7=0xffa7bff7
        8751000	      4275	800007d0	22239263	bne	x7,x2,800009f4	  x7:0xffa7bff7  x2:0xffa7bff7  x0=0x00000000
        8805000	      4302	800007d4	132713b7	lui	x7,0x13271	  x7=0x13271000
        8807000	      4303	800007d8	b2938393	addi	x7,x7,-1239	  x7:0x13271000  x7=0x13270b29
        8811000	      4305	800007dc	3433a173	csrrs	x2,mtval,x7	  x7:0x13270b29  x2=0xffffffff
        8865000	      4332	800007e0	fff00393	addi	x7,x0,-1	  x0:0x00000000  x7=0xffffffff
        8867000	      4333	800007e4	20239863	bne	x7,x2,800009f4	  x7:0xffffffff  x2:0xffffffff  x0=0x00000000
        8869000	      4334	800007e8	a5a5a3b7	lui	x7,0xa5a5a	  x7=0xa5a5a000
        8903000	      4351	800007ec	5a538393	addi	x7,x7,1445	  x7:0xa5a5a000  x7=0xa5a5a5a5
        8937000	      4368	800007f0	3433b173	csrrc	x2,mtval,x7	  x7:0xa5a5a5a5  x2=0xffffffff
        8939000	      4369	800007f4	fff00393	addi	x7,x0,-1	  x0:0x00000000  x7=0xffffffff
        8993000	      4396	800007f8	1e239e63	bne	x7,x2,800009f4	  x7:0xffffffff  x2:0xffffffff  x0=0x00000000
        8995000	      4397	800007fc	5a5a63b7	lui	x7,0x5a5a6	  x7=0x5a5a6000
        9003000	      4401	80000800	a5a38393	addi	x7,x7,-1446	  x7:0x5a5a6000  x7=0x5a5a5a5a
        9019000	      4409	80000804	3433b173	csrrc	x2,mtval,x7	  x7:0x5a5a5a5a  x2=0x5a5a5a5a
        9065000	      4432	80000808	5a5a63b7	lui	x7,0x5a5a6	  x7=0x5a5a6000
        9067000	      4433	8000080c	a5a38393	addi	x7,x7,-1446	  x7:0x5a5a6000  x7=0x5a5a5a5a
        9115000	      4457	80000810	1e239263	bne	x7,x2,800009f4	  x7:0x5a5a5a5a  x2:0x5a5a5a5a  x0=0x00000000
        9117000	      4458	80000814	ec1533b7	lui	x7,0xec153	  x7=0xec153000
        9165000	      4482	80000818	a7b38393	addi	x7,x7,-1413	  x7:0xec153000  x7=0xec152a7b
        9167000	      4483	8000081c	3433b173	csrrc	x2,mtval,x7	  x7:0xec152a7b  x2=0x00000000
        9229000	      4514	80000820	00000393	addi	x7,x0,0	  x0:0x00000000  x7=0x00000000
        9231000	      4515	80000824	1c239863	bne	x7,x2,800009f4	  x7:0x00000000  x2:0x00000000  x0=0x00000000
        9247000	      4523	80000828	3432d173	csrrwi	x2,mtval,5	  x2=0x00000000
        9291000	      4545	8000082c	00000393	addi	x7,x0,0	  x0:0x00000000  x7=0x00000000
        9293000	      4546	80000830	1c239263	bne	x7,x2,800009f4	  x7:0x00000000  x2:0x00000000  x0=0x00000000
        9315000	      4557	80000834	343d5173	csrrwi	x2,mtval,26	  x2=0x00000005
        9353000	      4576	80000838	00500393	addi	x7,x0,5	  x0:0x00000000  x7=0x00000005
        9359000	      4579	8000083c	1a239c63	bne	x7,x2,800009f4	  x7:0x00000005  x2:0x00000005  x0=0x00000000
        9377000	      4588	80000840	343dd173	csrrwi	x2,mtval,27	  x2=0x0000001a
        9425000	      4612	80000844	01a00393	addi	x7,x0,26	  x0:0x00000000  x7=0x0000001a
        9427000	      4613	80000848	1a239663	bne	x7,x2,800009f4	  x7:0x0000001a  x2:0x0000001a  x0=0x00000000
        9435000	      4617	8000084c	3432e173	csrrsi	x2,mtval,5	  x2=0x0000001b
        9477000	      4638	80000850	01b00393	addi	x7,x0,27	  x0:0x00000000  x7=0x0000001b
        9479000	      4639	80000854	1a239063	bne	x7,x2,800009f4	  x7:0x0000001b  x2:0x0000001b  x0=0x00000000
        9509000	      4654	80000858	343d6173	csrrsi	x2,mtval,26	  x2=0x0000001f
        9563000	      4681	8000085c	01f00393	addi	x7,x0,31	  x0:0x00000000  x7=0x0000001f
        9573000	      4686	80000860	18239a63	bne	x7,x2,800009f4	  x7:0x0000001f  x2:0x0000001f  x0=0x00000000
        9605000	      4702	80000864	34356173	csrrsi	x2,mtval,10	  x2=0x0000001f
        9609000	      4704	80000868	01f00393	addi	x7,x0,31	  x0:0x00000000  x7=0x0000001f
        9643000	      4721	8000086c	18239463	bne	x7,x2,800009f4	  x7:0x0000001f  x2:0x0000001f  x0=0x00000000
        9685000	      4742	80000870	3432f173	csrrci	x2,mtval,5	  x2=0x0000001f
        9687000	      4743	80000874	01f00393	addi	x7,x0,31	  x0:0x00000000  x7=0x0000001f
        9689000	      4744	80000878	16239e63	bne	x7,x2,800009f4	  x7:0x0000001f  x2:0x0000001f  x0=0x00000000
        9723000	      4761	8000087c	343d7173	csrrci	x2,mtval,26	  x2=0x0000001a
        9733000	      4766	80000880	01a00393	addi	x7,x0,26	  x0:0x00000000  x7=0x0000001a
        9773000	      4786	80000884	16239863	bne	x7,x2,800009f4	  x7:0x0000001a  x2:0x0000001a  x0=0x00000000
        9779000	      4789	80000888	343b7173	csrrci	x2,mtval,22	  x2=0x00000000
        9821000	      4810	8000088c	00000393	addi	x7,x0,0	  x0:0x00000000  x7=0x00000000
        9823000	      4811	80000890	16239263	bne	x7,x2,800009f4	  x7:0x00000000  x2:0x00000000  x0=0x00000000
        9845000	      4822	80000894	a5a5a3b7	lui	x7,0xa5a5a	  x7=0xa5a5a000
        9857000	      4828	80000898	5a538393	addi	x7,x7,1445	  x7:0xa5a5a000  x7=0xa5a5a5a5
        9869000	      4834	8000089c	30539173	csrrw	x2,mtvec,x7	  x7:0xa5a5a5a5  x2=0x80000001
        9871000	      4835	800008a0	800003b7	lui	x7,0x80000	  x7=0x80000000
        9887000	      4843	800008a4	00138393	addi	x7,x7,1	  x7:0x80000000  x7=0x80000001
        9923000	      4861	800008a8	14239663	bne	x7,x2,800009f4	  x7:0x80000001  x2:0x80000001  x0=0x00000000
        9935000	      4867	800008ac	5a5a63b7	lui	x7,0x5a5a6	  x7=0x5a5a6000
        9947000	      4873	800008b0	a5a38393	addi	x7,x7,-1446	  x7:0x5a5a6000  x7=0x5a5a5a5a
        9961000	      4880	800008b4	30539173	csrrw	x2,mtvec,x7	  x7:0x5a5a5a5a  x2=0xa5a5a501
        9977000	      4888	800008b8	a5a5a3b7	lui	x7,0xa5a5a	  x7=0xa5a5a000
       10037000	      4918	800008bc	50138393	addi	x7,x7,1281	  x7:0xa5a5a000  x7=0xa5a5a501
       10053000	      4926	800008c0	12239a63	bne	x7,x2,800009f4	  x7:0xa5a5a501  x2:0xa5a5a501  x0=0x00000000
       10079000	      4939	800008c4	d29213b7	lui	x7,0xd2921	  x7=0xd2921000
       10083000	      4941	800008c8	e6f38393	addi	x7,x7,-401	  x7:0xd2921000  x7=0xd2920e6f
       10091000	      4945	800008cc	30539173	csrrw	x2,mtvec,x7	  x7:0xd2920e6f  x2=0x5a5a5a01
       10131000	      4965	800008d0	5a5a63b7	lui	x7,0x5a5a6	  x7=0x5a5a6000
       10133000	      4966	800008d4	a0138393	addi	x7,x7,-1535	  x7:0x5a5a6000  x7=0x5a5a5a01
       10171000	      4985	800008d8	10239e63	bne	x7,x2,800009f4	  x7:0x5a5a5a01  x2:0x5a5a5a01  x0=0x00000000
       10181000	      4990	800008dc	a5a5a3b7	lui	x7,0xa5a5a	  x7=0xa5a5a000
       10183000	      4991	800008e0	5a538393	addi	x7,x7,1445	  x7:0xa5a5a000  x7=0xa5a5a5a5
       10185000	      4992	800008e4	3053a173	csrrs	x2,mtvec,x7	  x7:0xa5a5a5a5  x2=0xd2920e01
       10213000	      5006	800008e8	d29213b7	lui	x7,0xd2921	  x7=0xd2921000
       10231000	      5015	800008ec	e0138393	addi	x7,x7,-511	  x7:0xd2921000  x7=0xd2920e01
       10233000	      5016	800008f0	10239263	bne	x7,x2,800009f4	  x7:0xd2920e01  x2:0xd2920e01  x0=0x00000000
       10265000	      5032	800008f4	5a5a63b7	lui	x7,0x5a5a6	  x7=0x5a5a6000
       10267000	      5033	800008f8	a5a38393	addi	x7,x7,-1446	  x7:0x5a5a6000  x7=0x5a5a5a5a
       10275000	      5037	800008fc	3053a173	csrrs	x2,mtvec,x7	  x7:0x5a5a5a5a  x2=0xf7b7af01
       10297000	      5048	80000900	f7b7b3b7	lui	x7,0xf7b7b	  x7=0xf7b7b000
       10299000	      5049	80000904	f0138393	addi	x7,x7,-255	  x7:0xf7b7b000  x7=0xf7b7af01
       10303000	      5051	80000908	0e239663	bne	x7,x2,800009f4	  x7:0xf7b7af01  x2:0xf7b7af01  x0=0x00000000
       10305000	      5052	8000090c	0b5e43b7	lui	x7,0xb5e4	  x7=0x0b5e4000
       10307000	      5053	80000910	5f438393	addi	x7,x7,1524	  x7:0x0b5e4000  x7=0x0b5e45f4
       10337000	      5068	80000914	3053a173	csrrs	x2,mtvec,x7	  x7:0x0b5e45f4  x2=0xffffff01
       10339000	      5069	80000918	f0100393	addi	x7,x0,-255	  x0:0x00000000  x7=0xffffff01
       10351000	      5075	8000091c	0c239c63	bne	x7,x2,800009f4	  x7:0xffffff01  x2:0xffffff01  x0=0x00000000
       10367000	      5083	80000920	a5a5a3b7	lui	x7,0xa5a5a	  x7=0xa5a5a000
       10385000	      5092	80000924	5a538393	addi	x7,x7,1445	  x7:0xa5a5a000  x7=0xa5a5a5a5
       10421000	      5110	80000928	3053b173	csrrc	x2,mtvec,x7	  x7:0xa5a5a5a5  x2=0xffffff01
       10429000	      5114	8000092c	f0100393	addi	x7,x0,-255	  x0:0x00000000  x7=0xffffff01
       10447000	      5123	80000930	0c239263	bne	x7,x2,800009f4	  x7:0xffffff01  x2:0xffffff01  x0=0x00000000
       10465000	      5132	80000934	5a5a63b7	lui	x7,0x5a5a6	  x7=0x5a5a6000
       10481000	      5140	80000938	a5a38393	addi	x7,x7,-1446	  x7:0x5a5a6000  x7=0x5a5a5a5a
       10523000	      5161	8000093c	3053b173	csrrc	x2,mtvec,x7	  x7:0x5a5a5a5a  x2=0x5a5a5a01
       10525000	      5162	80000940	5a5a63b7	lui	x7,0x5a5a6	  x7=0x5a5a6000
       10527000	      5163	80000944	a0138393	addi	x7,x7,-1535	  x7:0x5a5a6000  x7=0x5a5a5a01
       10545000	      5172	80000948	0a239663	bne	x7,x2,800009f4	  x7:0x5a5a5a01  x2:0x5a5a5a01  x0=0x00000000
       10551000	      5175	8000094c	dba2e3b7	lui	x7,0xdba2e	  x7=0xdba2e000
       10553000	      5176	80000950	5bb38393	addi	x7,x7,1467	  x7:0xdba2e000  x7=0xdba2e5bb
       10615000	      5207	80000954	3053b173	csrrc	x2,mtvec,x7	  x7:0xdba2e5bb  x2=0x00000001
       10617000	      5208	80000958	00100393	addi	x7,x0,1	  x0:0x00000000  x7=0x00000001
       10627000	      5213	8000095c	08239c63	bne	x7,x2,800009f4	  x7:0x00000001  x2:0x00000001  x0=0x00000000
       10647000	      5223	80000960	3052d173	csrrwi	x2,mtvec,5	  x2=0x00000001
       10693000	      5246	80000964	00100393	addi	x7,x0,1	  x0:0x00000000  x7=0x00000001
       10695000	      5247	80000968	08239663	bne	x7,x2,800009f4	  x7:0x00000001  x2:0x00000001  x0=0x00000000
       10703000	      5251	8000096c	305d5173	csrrwi	x2,mtvec,26	  x2=0x00000001
       10763000	      5281	80000970	00100393	addi	x7,x0,1	  x0:0x00000000  x7=0x00000001
       10765000	      5282	80000974	08239063	bne	x7,x2,800009f4	  x7:0x00000001  x2:0x00000001  x0=0x00000000
       10777000	      5288	80000978	30545173	csrrwi	x2,mtvec,8	  x2=0x00000001
       10787000	      5293	8000097c	00100393	addi	x7,x0,1	  x0:0x00000000  x7=0x00000001
       10849000	      5324	80000980	06239a63	bne	x7,x2,800009f4	  x7:0x00000001  x2:0x00000001  x0=0x00000000
       10851000	      5325	80000984	3052e173	csrrsi	x2,mtvec,5	  x2=0x00000001
       10877000	      5338	80000988	00100393	addi	x7,x0,1	  x0:0x00000000  x7=0x00000001
       10899000	      5349	8000098c	06239463	bne	x7,x2,800009f4	  x7:0x00000001  x2:0x00000001  x0=0x00000000
       10903000	      5351	80000990	305d6173	csrrsi	x2,mtvec,26	  x2=0x00000001
       10941000	      5370	80000994	00100393	addi	x7,x0,1	  x0:0x00000000  x7=0x00000001
       10957000	      5378	80000998	04239e63	bne	x7,x2,800009f4	  x7:0x00000001  x2:0x00000001  x0=0x00000000
       10959000	      5379	8000099c	305de173	csrrsi	x2,mtvec,27	  x2=0x00000001
       10963000	      5381	800009a0	00100393	addi	x7,x0,1	  x0:0x00000000  x7=0x00000001
       10981000	      5390	800009a4	04239863	bne	x7,x2,800009f4	  x7:0x00000001  x2:0x00000001  x0=0x00000000
       10983000	      5391	800009a8	3052f173	csrrci	x2,mtvec,5	  x2=0x00000001
       10985000	      5392	800009ac	00100393	addi	x7,x0,1	  x0:0x00000000  x7=0x00000001
       10989000	      5394	800009b0	04239263	bne	x7,x2,800009f4	  x7:0x00000001  x2:0x00000001  x0=0x00000000
       11009000	      5404	800009b4	305d7173	csrrci	x2,mtvec,26	  x2=0x00000001
       11011000	      5405	800009b8	00100393	addi	x7,x0,1	  x0:0x00000000  x7=0x00000001
       11053000	      5426	800009bc	02239c63	bne	x7,x2,800009f4	  x7:0x00000001  x2:0x00000001  x0=0x00000000
       11075000	      5437	800009c0	30587173	csrrci	x2,mtvec,16	  x2=0x00000001
       11117000	      5458	800009c4	00100393	addi	x7,x0,1	  x0:0x00000000  x7=0x00000001
       11119000	      5459	800009c8	02239663	bne	x7,x2,800009f4	  x7:0x00000001  x2:0x00000001  x0=0x00000000
       11121000	      5460	800009cc	30502173	csrrs	x2,mtvec,x0	  x0:0x00000000  x2=0x00000001
       11147000	      5473	800009d0	00100393	addi	x7,x0,1	  x0:0x00000000  x7=0x00000001
       11179000	      5489	800009d4	02239063	bne	x7,x2,800009f4	  x7:0x00000001  x2:0x00000001  x0=0x00000000
       11189000	      5494	800009d8	00000093	addi	x1,x0,0	  x0:0x00000000  x1=0x00000000
       11237000	      5518	800009dc	00809093	slli	x1,x1,0x8	  x1:0x00000000  x1=0x00000000
       11239000	      5519	800009e0	00108093	addi	x1,x1,1	  x1:0x00000000  x1=0x00000001
       11275000	      5537	800009e4	90000137	lui	x2,0x90000	  x2=0x90000000
       11277000	      5538	800009e8	ffc10113	addi	x2,x2,-4	  x2:0x90000000  x2=0x8ffffffc
