Time	Cycle	PC	Insn	Decoded instruction	Register and memory contents
         253000	        26	80000080	3016a0f3	csrrs	x1,misa,x13	 x13:0x00000000  x1=0x40101104
         255000	        27	80000084	401016b7	lui	x13,0x40101	 x13=0x40101000
         257000	        28	80000088	10468693	addi	x13,x13,260	 x13:0x40101000 x13=0x40101104
         279000	        39	8000008c	161692e3	bne	x13,x1,800009f0	 x13:0x40101104  x1:0x40101104  x0=0x00000000
         331000	        65	80000090	a5a5a6b7	lui	x13,0xa5a5a	 x13=0xa5a5a000
         333000	        66	80000094	5a568693	addi	x13,x13,1445	 x13:0xa5a5a000 x13=0xa5a5a5a5
         355000	        77	80000098	3016b0f3	csrrc	x1,misa,x13	 x13:0xa5a5a5a5  x1=0x40101104
         365000	        82	8000009c	401016b7	lui	x13,0x40101	 x13=0x40101000
         367000	        83	800000a0	10468693	addi	x13,x13,260	 x13:0x40101000 x13=0x40101104
         369000	        84	800000a4	141696e3	bne	x13,x1,800009f0	 x13:0x40101104  x1:0x40101104  x0=0x00000000
         371000	        85	800000a8	5a5a66b7	lui	x13,0x5a5a6	 x13=0x5a5a6000
         403000	       101	800000ac	a5a68693	addi	x13,x13,-1446	 x13:0x5a5a6000 x13=0x5a5a5a5a
         407000	       103	800000b0	3016b0f3	csrrc	x1,misa,x13	 x13:0x5a5a5a5a  x1=0x40101104
         433000	       116	800000b4	401016b7	lui	x13,0x40101	 x13=0x40101000
         439000	       119	800000b8	10468693	addi	x13,x13,260	 x13:0x40101000 x13=0x40101104
         445000	       122	800000bc	12169ae3	bne	x13,x1,800009f0	 x13:0x40101104  x1:0x40101104  x0=0x00000000
         467000	       133	800000c0	8cc216b7	lui	x13,0x8cc21	 x13=0x8cc21000
         485000	       142	800000c4	16f68693	addi	x13,x13,367	 x13:0x8cc21000 x13=0x8cc2116f
         487000	       143	800000c8	3016b0f3	csrrc	x1,misa,x13	 x13:0x8cc2116f  x1=0x40101104
         489000	       144	800000cc	401016b7	lui	x13,0x40101	 x13=0x40101000
         511000	       155	800000d0	10468693	addi	x13,x13,260	 x13:0x40101000 x13=0x40101104
         551000	       175	800000d4	10169ee3	bne	x13,x1,800009f0	 x13:0x40101104  x1:0x40101104  x0=0x00000000
         593000	       196	800000d8	3012d0f3	csrrwi	x1,misa,5	  x1=0x40101104
         595000	       197	800000dc	401016b7	lui	x13,0x40101	 x13=0x40101000
         617000	       208	800000e0	10468693	addi	x13,x13,260	 x13:0x40101000 x13=0x40101104
         639000	       219	800000e4	101696e3	bne	x13,x1,800009f0	 x13:0x40101104  x1:0x40101104  x0=0x00000000
         657000	       228	800000e8	301d50f3	csrrwi	x1,misa,26	  x1=0x40101104
         661000	       230	800000ec	401016b7	lui	x13,0x40101	 x13=0x40101000
         675000	       237	800000f0	10468693	addi	x13,x13,260	 x13:0x40101000 x13=0x40101104
         685000	       242	800000f4	0e169ee3	bne	x13,x1,800009f0	 x13:0x40101104  x1:0x40101104  x0=0x00000000
         707000	       253	800000f8	301fd0f3	csrrwi	x1,misa,31	  x1=0x40101104
         709000	       254	800000fc	401016b7	lui	x13,0x40101	 x13=0x40101000
         711000	       255	80000100	10468693	addi	x13,x13,260	 x13:0x40101000 x13=0x40101104
         757000	       278	80000104	0e1696e3	bne	x13,x1,800009f0	 x13:0x40101104  x1:0x40101104  x0=0x00000000
         763000	       281	80000108	3012e0f3	csrrsi	x1,misa,5	  x1=0x40101104
         785000	       292	8000010c	401016b7	lui	x13,0x40101	 x13=0x40101000
         837000	       318	80000110	10468693	addi	x13,x13,260	 x13:0x40101000 x13=0x40101104
         841000	       320	80000114	0c169ee3	bne	x13,x1,800009f0	 x13:0x40101104  x1:0x40101104  x0=0x00000000
         843000	       321	80000118	301d60f3	csrrsi	x1,misa,26	  x1=0x40101104
         845000	       322	8000011c	401016b7	lui	x13,0x40101	 x13=0x40101000
         883000	       341	80000120	10468693	addi	x13,x13,260	 x13:0x40101000 x13=0x40101104
         909000	       354	80000124	0c1696e3	bne	x13,x1,800009f0	 x13:0x40101104  x1:0x40101104  x0=0x00000000
         911000	       355	80000128	301ae0f3	csrrsi	x1,misa,21	  x1=0x40101104
         945000	       372	8000012c	401016b7	lui	x13,0x40101	 x13=0x40101000
         947000	       373	80000130	10468693	addi	x13,x13,260	 x13:0x40101000 x13=0x40101104
         969000	       384	80000134	0a169ee3	bne	x13,x1,800009f0	 x13:0x40101104  x1:0x40101104  x0=0x00000000
         971000	       385	80000138	3012f0f3	csrrci	x1,misa,5	  x1=0x40101104
         993000	       396	8000013c	401016b7	lui	x13,0x40101	 x13=0x40101000
        1015000	       407	80000140	10468693	addi	x13,x13,260	 x13:0x40101000 x13=0x40101104
        1037000	       418	80000144	0a1696e3	bne	x13,x1,800009f0	 x13:0x40101104  x1:0x40101104  x0=0x00000000
        1059000	       429	80000148	301d70f3	csrrci	x1,misa,26	  x1=0x40101104
        1097000	       448	8000014c	401016b7	lui	x13,0x40101	 x13=0x40101000
        1099000	       449	80000150	10468693	addi	x13,x13,260	 x13:0x40101000 x13=0x40101104
        1111000	       455	80000154	08169ee3	bne	x13,x1,800009f0	 x13:0x40101104  x1:0x40101104  x0=0x00000000
        1165000	       482	80000158	3018f0f3	csrrci	x1,misa,17	  x1=0x40101104
        1187000	       493	8000015c	401016b7	lui	x13,0x40101	 x13=0x40101000
        1189000	       494	80000160	10468693	addi	x13,x13,260	 x13:0x40101000 x13=0x40101104
        1203000	       501	80000164	081696e3	bne	x13,x1,800009f0	 x13:0x40101104  x1:0x40101104  x0=0x00000000
        1245000	       522	80000168	a5a5a6b7	lui	x13,0xa5a5a	 x13=0xa5a5a000
        1247000	       523	8000016c	5a568693	addi	x13,x13,1445	 x13:0xa5a5a000 x13=0xa5a5a5a5
        1269000	       534	80000170	344690f3	csrrw	x1,mip,x13	 x13:0xa5a5a5a5  x1=0x00000X00
        1321000	       560	80000174	00000693	addi	x13,x0,0	  x0:0x00000000 x13=0x00000000
        1341000	       570	8000017c	5a5a66b7	lui	x13,0x5a5a6	 x13=0x5a5a6000
        1359000	       579	80000180	a5a68693	addi	x13,x13,-1446	 x13:0x5a5a6000 x13=0x5a5a5a5a
        1371000	       585	80000184	344690f3	csrrw	x1,mip,x13	 x13:0x5a5a5a5a  x1=0x00000X00
        1393000	       596	80000188	00000693	addi	x13,x0,0	  x0:0x00000000 x13=0x00000000
        1399000	       599	80000190	3ccdf6b7	lui	x13,0x3ccdf	 x13=0x3ccdf000
        1413000	       606	80000194	b4168693	addi	x13,x13,-1215	 x13:0x3ccdf000 x13=0x3ccdeb41
        1429000	       614	80000198	344690f3	csrrw	x1,mip,x13	 x13:0x3ccdeb41  x1=0x00000X00
        1431000	       615	8000019c	00000693	addi	x13,x0,0	  x0:0x00000000 x13=0x00000000
        1509000	       654	800001a4	a5a5a6b7	lui	x13,0xa5a5a	 x13=0xa5a5a000
        1519000	       659	800001a8	5a568693	addi	x13,x13,1445	 x13:0xa5a5a000 x13=0xa5a5a5a5
        1527000	       663	800001ac	3446a0f3	csrrs	x1,mip,x13	 x13:0xa5a5a5a5  x1=0x00000X00
        1583000	       691	800001b0	00000693	addi	x13,x0,0	  x0:0x00000000 x13=0x00000000
        1601000	       700	800001b8	5a5a66b7	lui	x13,0x5a5a6	 x13=0x5a5a6000
        1613000	       706	800001bc	a5a68693	addi	x13,x13,-1446	 x13:0x5a5a6000 x13=0x5a5a5a5a
        1625000	       712	800001c0	3446a0f3	csrrs	x1,mip,x13	 x13:0x5a5a5a5a  x1=0x00000X00
        1645000	       722	800001c4	00000693	addi	x13,x0,0	  x0:0x00000000 x13=0x00000000
        1681000	       740	800001cc	10adf6b7	lui	x13,0x10adf	 x13=0x10adf000
        1701000	       750	800001d0	78968693	addi	x13,x13,1929	 x13:0x10adf000 x13=0x10adf789
        1741000	       770	800001d4	3446a0f3	csrrs	x1,mip,x13	 x13:0x10adf789  x1=0x00000X00
        1745000	       772	800001d8	00000693	addi	x13,x0,0	  x0:0x00000000 x13=0x00000000
        1751000	       775	800001e0	a5a5a6b7	lui	x13,0xa5a5a	 x13=0xa5a5a000
        1765000	       782	800001e4	5a568693	addi	x13,x13,1445	 x13:0xa5a5a000 x13=0xa5a5a5a5
        1787000	       793	800001e8	3446b0f3	csrrc	x1,mip,x13	 x13:0xa5a5a5a5  x1=0x00000X00
        1789000	       794	800001ec	00000693	addi	x13,x0,0	  x0:0x00000000 x13=0x00000000
        1859000	       829	800001f4	5a5a66b7	lui	x13,0x5a5a6	 x13=0x5a5a6000
        1869000	       834	800001f8	a5a68693	addi	x13,x13,-1446	 x13:0x5a5a6000 x13=0x5a5a5a5a
        1877000	       838	800001fc	3446b0f3	csrrc	x1,mip,x13	 x13:0x5a5a5a5a  x1=0x00000X00
        1881000	       840	80000200	00000693	addi	x13,x0,0	  x0:0x00000000 x13=0x00000000
        1979000	       889	80000208	584ad6b7	lui	x13,0x584ad	 x13=0x584ad000
        1981000	       890	8000020c	51c68693	addi	x13,x13,1308	 x13:0x584ad000 x13=0x584ad51c
        1993000	       896	80000210	3446b0f3	csrrc	x1,mip,x13	 x13:0x584ad51c  x1=0x00000X00
        2041000	       920	80000214	00000693	addi	x13,x0,0	  x0:0x00000000 x13=0x00000000
        2085000	       942	8000021c	3442d0f3	csrrwi	x1,mip,5	  x1=0x00000X00
        2087000	       943	80000220	00000693	addi	x13,x0,0	  x0:0x00000000 x13=0x00000000
        2167000	       983	80000228	344d50f3	csrrwi	x1,mip,26	  x1=0x00000X00
        2209000	      1004	8000022c	00000693	addi	x13,x0,0	  x0:0x00000000 x13=0x00000000
        2229000	      1014	80000234	3441d0f3	csrrwi	x1,mip,3	  x1=0x00000X00
        2233000	      1016	80000238	00000693	addi	x13,x0,0	  x0:0x00000000 x13=0x00000000
        2295000	      1047	80000240	3442e0f3	csrrsi	x1,mip,5	  x1=0x00000X00
        2323000	      1061	80000244	00000693	addi	x13,x0,0	  x0:0x00000000 x13=0x00000000
        2347000	      1073	8000024c	344d60f3	csrrsi	x1,mip,26	  x1=0x00000X00
        2373000	      1086	80000250	00000693	addi	x13,x0,0	  x0:0x00000000 x13=0x00000000
        2407000	      1103	80000258	344b60f3	csrrsi	x1,mip,22	  x1=0x00000X00
        2427000	      1113	8000025c	00000693	addi	x13,x0,0	  x0:0x00000000 x13=0x00000000
        2439000	      1119	80000264	3442f0f3	csrrci	x1,mip,5	  x1=0x00000X00
        2459000	      1129	80000268	00000693	addi	x13,x0,0	  x0:0x00000000 x13=0x00000000
        2505000	      1152	80000270	344d70f3	csrrci	x1,mip,26	  x1=0x00000X00
        2523000	      1161	80000274	00000693	addi	x13,x0,0	  x0:0x00000000 x13=0x00000000
        2529000	      1164	8000027c	3442f0f3	csrrci	x1,mip,5	  x1=0x00000X00
        2545000	      1172	80000280	00000693	addi	x13,x0,0	  x0:0x00000000 x13=0x00000000
        2555000	      1177	80000288	a5a5a6b7	lui	x13,0xa5a5a	 x13=0xa5a5a000
        2575000	      1187	8000028c	5a568693	addi	x13,x13,1445	 x13:0xa5a5a000 x13=0xa5a5a5a5
        2577000	      1188	80000290	304690f3	csrrw	x1,mie,x13	 x13:0xa5a5a5a5  x1=0x00000000
        2595000	      1197	80000294	00000693	addi	x13,x0,0	  x0:0x00000000 x13=0x00000000
        2631000	      1215	80000298	74169c63	bne	x13,x1,800009f0	 x13:0x00000000  x1:0x00000000  x0=0x00000000
        2633000	      1216	8000029c	5a5a66b7	lui	x13,0x5a5a6	 x13=0x5a5a6000
        2667000	      1233	800002a0	a5a68693	addi	x13,x13,-1446	 x13:0x5a5a6000 x13=0x5a5a5a5a
        2669000	      1234	800002a4	304690f3	csrrw	x1,mie,x13	 x13:0x5a5a5a5a  x1=0x25a50080
        2691000	      1245	800002a8	25a506b7	lui	x13,0x25a50	 x13=0x25a50000
        2693000	      1246	800002ac	08068693	addi	x13,x13,128	 x13:0x25a50000 x13=0x25a50080
        2699000	      1249	800002b0	74169063	bne	x13,x1,800009f0	 x13:0x25a50080  x1:0x25a50080  x0=0x00000000
        2711000	      1255	800002b4	0134a6b7	lui	x13,0x134a	 x13=0x0134a000
        2733000	      1266	800002b8	4cd68693	addi	x13,x13,1229	 x13:0x0134a000 x13=0x0134a4cd
        2735000	      1267	800002bc	304690f3	csrrw	x1,mie,x13	 x13:0x0134a4cd  x1=0x5a5a0808
        2757000	      1278	800002c0	5a5a16b7	lui	x13,0x5a5a1	 x13=0x5a5a1000
        2769000	      1284	800002c4	80868693	addi	x13,x13,-2040	 x13:0x5a5a1000 x13=0x5a5a0808
        2779000	      1289	800002c8	72169463	bne	x13,x1,800009f0	 x13:0x5a5a0808  x1:0x5a5a0808  x0=0x00000000
        2783000	      1291	800002cc	a5a5a6b7	lui	x13,0xa5a5a	 x13=0xa5a5a000
        2795000	      1297	800002d0	5a568693	addi	x13,x13,1445	 x13:0xa5a5a000 x13=0xa5a5a5a5
        2817000	      1308	800002d4	3046a0f3	csrrs	x1,mie,x13	 x13:0xa5a5a5a5  x1=0x01340088
        2855000	      1327	800002d8	013406b7	lui	x13,0x1340	 x13=0x01340000
        2857000	      1328	800002dc	08868693	addi	x13,x13,136	 x13:0x01340000 x13=0x01340088
        2859000	      1329	800002e0	70169863	bne	x13,x1,800009f0	 x13:0x01340088  x1:0x01340088  x0=0x00000000
        2861000	      1330	800002e4	5a5a66b7	lui	x13,0x5a5a6	 x13=0x5a5a6000
        2871000	      1335	800002e8	a5a68693	addi	x13,x13,-1446	 x13:0x5a5a6000 x13=0x5a5a5a5a
        2895000	      1347	800002ec	3046a0f3	csrrs	x1,mie,x13	 x13:0x5a5a5a5a  x1=0x25b50088
        2901000	      1350	800002f0	25b506b7	lui	x13,0x25b50	 x13=0x25b50000
        2939000	      1369	800002f4	08868693	addi	x13,x13,136	 x13:0x25b50000 x13=0x25b50088
        2941000	      1370	800002f8	6e169c63	bne	x13,x1,800009f0	 x13:0x25b50088  x1:0x25b50088  x0=0x00000000
        2955000	      1377	800002fc	1836d6b7	lui	x13,0x1836d	 x13=0x1836d000
        2957000	      1378	80000300	68168693	addi	x13,x13,1665	 x13:0x1836d000 x13=0x1836d681
        3019000	      1409	80000304	3046a0f3	csrrs	x1,mie,x13	 x13:0x1836d681  x1=0x7fff0888
        3037000	      1418	80000308	7fff16b7	lui	x13,0x7fff1	 x13=0x7fff1000
        3061000	      1430	8000030c	88868693	addi	x13,x13,-1912	 x13:0x7fff1000 x13=0x7fff0888
        3063000	      1431	80000310	6e169063	bne	x13,x1,800009f0	 x13:0x7fff0888  x1:0x7fff0888  x0=0x00000000
        3065000	      1432	80000314	a5a5a6b7	lui	x13,0xa5a5a	 x13=0xa5a5a000
        3119000	      1459	80000318	5a568693	addi	x13,x13,1445	 x13:0xa5a5a000 x13=0xa5a5a5a5
        3121000	      1460	8000031c	3046b0f3	csrrc	x1,mie,x13	 x13:0xa5a5a5a5  x1=0x7fff0888
        3133000	      1466	80000320	7fff16b7	lui	x13,0x7fff1	 x13=0x7fff1000
        3143000	      1471	80000324	88868693	addi	x13,x13,-1912	 x13:0x7fff1000 x13=0x7fff0888
        3151000	      1475	80000328	6c169463	bne	x13,x1,800009f0	 x13:0x7fff0888  x1:0x7fff0888  x0=0x00000000
        3169000	      1484	8000032c	5a5a66b7	lui	x13,0x5a5a6	 x13=0x5a5a6000
        3191000	      1495	80000330	a5a68693	addi	x13,x13,-1446	 x13:0x5a5a6000 x13=0x5a5a5a5a
        3213000	      1506	80000334	3046b0f3	csrrc	x1,mie,x13	 x13:0x5a5a5a5a  x1=0x5a5a0808
        3223000	      1511	80000338	5a5a16b7	lui	x13,0x5a5a1	 x13=0x5a5a1000
        3237000	      1518	8000033c	80868693	addi	x13,x13,-2040	 x13:0x5a5a1000 x13=0x5a5a0808
        3239000	      1519	80000340	6a169863	bne	x13,x1,800009f0	 x13:0x5a5a0808  x1:0x5a5a0808  x0=0x00000000
        3253000	      1526	80000344	6d5e66b7	lui	x13,0x6d5e6	 x13=0x6d5e6000
        3277000	      1538	80000348	64168693	addi	x13,x13,1601	 x13:0x6d5e6000 x13=0x6d5e6641
        3333000	      1566	8000034c	3046b0f3	csrrc	x1,mie,x13	 x13:0x6d5e6641  x1=0x00000000
        3335000	      1567	80000350	00000693	addi	x13,x0,0	  x0:0x00000000 x13=0x00000000
        3369000	      1584	80000354	68169e63	bne	x13,x1,800009f0	 x13:0x00000000  x1:0x00000000  x0=0x00000000
        3371000	      1585	80000358	3042d0f3	csrrwi	x1,mie,5	  x1=0x00000000
        3399000	      1599	8000035c	00000693	addi	x13,x0,0	  x0:0x00000000 x13=0x00000000
        3415000	      1607	80000360	68169863	bne	x13,x1,800009f0	 x13:0x00000000  x1:0x00000000  x0=0x00000000
        3417000	      1608	80000364	304d50f3	csrrwi	x1,mie,26	  x1=0x00000000
        3423000	      1611	80000368	00000693	addi	x13,x0,0	  x0:0x00000000 x13=0x00000000
        3425000	      1612	8000036c	68169263	bne	x13,x1,800009f0	 x13:0x00000000  x1:0x00000000  x0=0x00000000
        3461000	      1630	80000370	304fd0f3	csrrwi	x1,mie,31	  x1=0x00000008
        3497000	      1648	80000374	00800693	addi	x13,x0,8	  x0:0x00000000 x13=0x00000008
        3513000	      1656	80000378	66169c63	bne	x13,x1,800009f0	 x13:0x00000008  x1:0x00000008  x0=0x00000000
        3515000	      1657	8000037c	3042e0f3	csrrsi	x1,mie,5	  x1=0x00000008
        3555000	      1677	80000380	00800693	addi	x13,x0,8	  x0:0x00000000 x13=0x00000008
        3557000	      1678	80000384	66169663	bne	x13,x1,800009f0	 x13:0x00000008  x1:0x00000008  x0=0x00000000
        3579000	      1689	80000388	304d60f3	csrrsi	x1,mie,26	  x1=0x00000008
        3585000	      1692	8000038c	00800693	addi	x13,x0,8	  x0:0x00000000 x13=0x00000008
        3587000	      1693	80000390	66169063	bne	x13,x1,800009f0	 x13:0x00000008  x1:0x00000008  x0=0x00000000
        3605000	      1702	80000394	3043e0f3	csrrsi	x1,mie,7	  x1=0x00000008
        3617000	      1708	80000398	00800693	addi	x13,x0,8	  x0:0x00000000 x13=0x00000008
        3619000	      1709	8000039c	64169a63	bne	x13,x1,800009f0	 x13:0x00000008  x1:0x00000008  x0=0x00000000
        3633000	      1716	800003a0	3042f0f3	csrrci	x1,mie,5	  x1=0x00000008
        3655000	      1727	800003a4	00800693	addi	x13,x0,8	  x0:0x00000000 x13=0x00000008
        3663000	      1731	800003a8	64169463	bne	x13,x1,800009f0	 x13:0x00000008  x1:0x00000008  x0=0x00000000
        3685000	      1742	800003ac	304d70f3	csrrci	x1,mie,26	  x1=0x00000008
        3707000	      1753	800003b0	00800693	addi	x13,x0,8	  x0:0x00000000 x13=0x00000008
        3737000	      1768	800003b4	62169e63	bne	x13,x1,800009f0	 x13:0x00000008  x1:0x00000008  x0=0x00000000
        3773000	      1786	800003b8	304e70f3	csrrci	x1,mie,28	  x1=0x00000000
        3775000	      1787	800003bc	00000693	addi	x13,x0,0	  x0:0x00000000 x13=0x00000000
        3789000	      1794	800003c0	62169863	bne	x13,x1,800009f0	 x13:0x00000000  x1:0x00000000  x0=0x00000000
        3797000	      1798	800003c4	a5a5a6b7	lui	x13,0xa5a5a	 x13=0xa5a5a000
        3799000	      1799	800003c8	5a568693	addi	x13,x13,1445	 x13:0xa5a5a000 x13=0xa5a5a5a5
        3801000	      1800	800003cc	340690f3	csrrw	x1,mscratch,x13	 x13:0xa5a5a5a5  x1=0x00000000
        3803000	      1801	800003d0	00000693	addi	x13,x0,0	  x0:0x00000000 x13=0x00000000
        3821000	      1810	800003d4	60169e63	bne	x13,x1,800009f0	 x13:0x00000000  x1:0x00000000  x0=0x00000000
        3829000	      1814	800003d8	5a5a66b7	lui	x13,0x5a5a6	 x13=0x5a5a6000
        3831000	      1815	800003dc	a5a68693	addi	x13,x13,-1446	 x13:0x5a5a6000 x13=0x5a5a5a5a
        3833000	      1816	800003e0	340690f3	csrrw	x1,mscratch,x13	 x13:0x5a5a5a5a  x1=0xa5a5a5a5
        3853000	      1826	800003e4	a5a5a6b7	lui	x13,0xa5a5a	 x13=0xa5a5a000
        3893000	      1846	800003e8	5a568693	addi	x13,x13,1445	 x13:0xa5a5a000 x13=0xa5a5a5a5
        3895000	      1847	800003ec	60169263	bne	x13,x1,800009f0	 x13:0xa5a5a5a5  x1:0xa5a5a5a5  x0=0x00000000
        3915000	      1857	800003f0	43f8c6b7	lui	x13,0x43f8c	 x13=0x43f8c000
        3919000	      1859	800003f4	60c68693	addi	x13,x13,1548	 x13:0x43f8c000 x13=0x43f8c60c
        3967000	      1883	800003f8	340690f3	csrrw	x1,mscratch,x13	 x13:0x43f8c60c  x1=0x5a5a5a5a
        3969000	      1884	800003fc	5a5a66b7	lui	x13,0x5a5a6	 x13=0x5a5a6000
        3987000	      1893	80000400	a5a68693	addi	x13,x13,-1446	 x13:0x5a5a6000 x13=0x5a5a5a5a
        4049000	      1924	80000404	5e169663	bne	x13,x1,800009f0	 x13:0x5a5a5a5a  x1:0x5a5a5a5a  x0=0x00000000
        4051000	      1925	80000408	a5a5a6b7	lui	x13,0xa5a5a	 x13=0xa5a5a000
        4053000	      1926	8000040c	5a568693	addi	x13,x13,1445	 x13:0xa5a5a000 x13=0xa5a5a5a5
        4095000	      1947	80000410	3406a0f3	csrrs	x1,mscratch,x13	 x13:0xa5a5a5a5  x1=0x43f8c60c
        4103000	      1951	80000414	43f8c6b7	lui	x13,0x43f8c	 x13=0x43f8c000
        4131000	      1965	80000418	60c68693	addi	x13,x13,1548	 x13:0x43f8c000 x13=0x43f8c60c
        4149000	      1974	8000041c	5c169a63	bne	x13,x1,800009f0	 x13:0x43f8c60c  x1:0x43f8c60c  x0=0x00000000
        4151000	      1975	80000420	5a5a66b7	lui	x13,0x5a5a6	 x13=0x5a5a6000
        4153000	      1976	80000424	a5a68693	addi	x13,x13,-1446	 x13:0x5a5a6000 x13=0x5a5a5a5a
        4167000	      1983	80000428	3406a0f3	csrrs	x1,mscratch,x13	 x13:0x5a5a5a5a  x1=0xe7fde7ad
        4209000	      2004	8000042c	e7fde6b7	lui	x13,0xe7fde	 x13=0xe7fde000
        4251000	      2025	80000430	7ad68693	addi	x13,x13,1965	 x13:0xe7fde000 x13=0xe7fde7ad
        4253000	      2026	80000434	5a169e63	bne	x13,x1,800009f0	 x13:0xe7fde7ad  x1:0xe7fde7ad  x0=0x00000000
        4255000	      2027	80000438	0adc36b7	lui	x13,0xadc3	 x13=0x0adc3000
        4271000	      2035	8000043c	f2568693	addi	x13,x13,-219	 x13:0x0adc3000 x13=0x0adc2f25
        4279000	      2039	80000440	3406a0f3	csrrs	x1,mscratch,x13	 x13:0x0adc2f25  x1=0xffffffff
        4327000	      2063	80000444	fff00693	addi	x13,x0,-1	  x0:0x00000000 x13=0xffffffff
        4363000	      2081	80000448	5a169463	bne	x13,x1,800009f0	 x13:0xffffffff  x1:0xffffffff  x0=0x00000000
        4365000	      2082	8000044c	a5a5a6b7	lui	x13,0xa5a5a	 x13=0xa5a5a000
        4367000	      2083	80000450	5a568693	addi	x13,x13,1445	 x13:0xa5a5a000 x13=0xa5a5a5a5
        4383000	      2091	80000454	3406b0f3	csrrc	x1,mscratch,x13	 x13:0xa5a5a5a5  x1=0xffffffff
        4401000	      2100	80000458	fff00693	addi	x13,x0,-1	  x0:0x00000000 x13=0xffffffff
        4423000	      2111	8000045c	58169a63	bne	x13,x1,800009f0	 x13:0xffffffff  x1:0xffffffff  x0=0x00000000
        4439000	      2119	80000460	5a5a66b7	lui	x13,0x5a5a6	 x13=0x5a5a6000
        4465000	      2132	80000464	a5a68693	addi	x13,x13,-1446	 x13:0x5a5a6000 x13=0x5a5a5a5a
        4507000	      2153	80000468	3406b0f3	csrrc	x1,mscratch,x13	 x13:0x5a5a5a5a  x1=0x5a5a5a5a
        4509000	      2154	8000046c	5a5a66b7	lui	x13,0x5a5a6	 x13=0x5a5a6000
        4537000	      2168	80000470	a5a68693	addi	x13,x13,-1446	 x13:0x5a5a6000 x13=0x5a5a5a5a
        4551000	      2175	80000474	56169e63	bne	x13,x1,800009f0	 x13:0x5a5a5a5a  x1:0x5a5a5a5a  x0=0x00000000
        4595000	      2197	80000478	79c5b6b7	lui	x13,0x79c5b	 x13=0x79c5b000
        4617000	      2208	8000047c	18368693	addi	x13,x13,387	 x13:0x79c5b000 x13=0x79c5b183
        4659000	      2229	80000480	3406b0f3	csrrc	x1,mscratch,x13	 x13:0x79c5b183  x1=0x00000000
        4667000	      2233	80000484	00000693	addi	x13,x0,0	  x0:0x00000000 x13=0x00000000
        4669000	      2234	80000488	56169463	bne	x13,x1,800009f0	 x13:0x00000000  x1:0x00000000  x0=0x00000000
        4691000	      2245	8000048c	3402d0f3	csrrwi	x1,mscratch,5	  x1=0x00000000
        4693000	      2246	80000490	00000693	addi	x13,x0,0	  x0:0x00000000 x13=0x00000000
        4717000	      2258	80000494	54169e63	bne	x13,x1,800009f0	 x13:0x00000000  x1:0x00000000  x0=0x00000000
        4759000	      2279	80000498	340d50f3	csrrwi	x1,mscratch,26	  x1=0x00000005
        4773000	      2286	8000049c	00500693	addi	x13,x0,5	  x0:0x00000000 x13=0x00000005
        4783000	      2291	800004a0	54169863	bne	x13,x1,800009f0	 x13:0x00000005  x1:0x00000005  x0=0x00000000
        4797000	      2298	800004a4	340050f3	csrrwi	x1,mscratch,0	  x1=0x0000001a
        4839000	      2319	800004a8	01a00693	addi	x13,x0,26	  x0:0x00000000 x13=0x0000001a
        4857000	      2328	800004ac	54169263	bne	x13,x1,800009f0	 x13:0x0000001a  x1:0x0000001a  x0=0x00000000
        4899000	      2349	800004b0	3402e0f3	csrrsi	x1,mscratch,5	  x1=0x00000000
        4941000	      2370	800004b4	00000693	addi	x13,x0,0	  x0:0x00000000 x13=0x00000000
        4983000	      2391	800004b8	52169c63	bne	x13,x1,800009f0	 x13:0x00000000  x1:0x00000000  x0=0x00000000
        4987000	      2393	800004bc	340d60f3	csrrsi	x1,mscratch,26	  x1=0x00000005
        4991000	      2395	800004c0	00500693	addi	x13,x0,5	  x0:0x00000000 x13=0x00000005
        5023000	      2411	800004c4	52169663	bne	x13,x1,800009f0	 x13:0x00000005  x1:0x00000005  x0=0x00000000
        5033000	      2416	800004c8	340c60f3	csrrsi	x1,mscratch,24	  x1=0x0000001f
        5053000	      2426	800004cc	01f00693	addi	x13,x0,31	  x0:0x00000000 x13=0x0000001f
        5057000	      2428	800004d0	52169063	bne	x13,x1,800009f0	 x13:0x0000001f  x1:0x0000001f  x0=0x00000000
        5059000	      2429	800004d4	3402f0f3	csrrci	x1,mscratch,5	  x1=0x0000001f
        5077000	      2438	800004d8	01f00693	addi	x13,x0,31	  x0:0x00000000 x13=0x0000001f
        5135000	      2467	800004dc	50169a63	bne	x13,x1,800009f0	 x13:0x0000001f  x1:0x0000001f  x0=0x00000000
        5177000	      2488	800004e0	340d70f3	csrrci	x1,mscratch,26	  x1=0x0000001a
        5181000	      2490	800004e4	01a00693	addi	x13,x0,26	  x0:0x00000000 x13=0x0000001a
        5201000	      2500	800004e8	50169463	bne	x13,x1,800009f0	 x13:0x0000001a  x1:0x0000001a  x0=0x00000000
        5245000	      2522	800004ec	340ef0f3	csrrci	x1,mscratch,29	  x1=0x00000000
        5253000	      2526	800004f0	00000693	addi	x13,x0,0	  x0:0x00000000 x13=0x00000000
        5263000	      2531	800004f4	4e169e63	bne	x13,x1,800009f0	 x13:0x00000000  x1:0x00000000  x0=0x00000000
        5283000	      2541	800004f8	a5a5a6b7	lui	x13,0xa5a5a	 x13=0xa5a5a000
        5289000	      2544	800004fc	5a568693	addi	x13,x13,1445	 x13:0xa5a5a000 x13=0xa5a5a5a5
        5291000	      2545	80000500	341690f3	csrrw	x1,mepc,x13	 x13:0xa5a5a5a5  x1=0x00000000
        5335000	      2567	80000504	00000693	addi	x13,x0,0	  x0:0x00000000 x13=0x00000000
        5337000	      2568	80000508	4e169463	bne	x13,x1,800009f0	 x13:0x00000000  x1:0x00000000  x0=0x00000000
        5343000	      2571	8000050c	5a5a66b7	lui	x13,0x5a5a6	 x13=0x5a5a6000
        5365000	      2582	80000510	a5a68693	addi	x13,x13,-1446	 x13:0x5a5a6000 x13=0x5a5a5a5a
        5367000	      2583	80000514	341690f3	csrrw	x1,mepc,x13	 x13:0x5a5a5a5a  x1=0xa5a5a5a4
        5381000	      2590	80000518	a5a5a6b7	lui	x13,0xa5a5a	 x13=0xa5a5a000
        5383000	      2591	8000051c	5a468693	addi	x13,x13,1444	 x13:0xa5a5a000 x13=0xa5a5a5a4
        5397000	      2598	80000520	4c169863	bne	x13,x1,800009f0	 x13:0xa5a5a5a4  x1:0xa5a5a5a4  x0=0x00000000
        5399000	      2599	80000524	e4bac6b7	lui	x13,0xe4bac	 x13=0xe4bac000
        5423000	      2611	80000528	f9e68693	addi	x13,x13,-98	 x13:0xe4bac000 x13=0xe4babf9e
        5477000	      2638	8000052c	341690f3	csrrw	x1,mepc,x13	 x13:0xe4babf9e  x1=0x5a5a5a5a
        5507000	      2653	80000530	5a5a66b7	lui	x13,0x5a5a6	 x13=0x5a5a6000
        5549000	      2674	80000534	a5a68693	addi	x13,x13,-1446	 x13:0x5a5a6000 x13=0x5a5a5a5a
        5551000	      2675	80000538	4a169c63	bne	x13,x1,800009f0	 x13:0x5a5a5a5a  x1:0x5a5a5a5a  x0=0x00000000
        5577000	      2688	8000053c	a5a5a6b7	lui	x13,0xa5a5a	 x13=0xa5a5a000
        5579000	      2689	80000540	5a568693	addi	x13,x13,1445	 x13:0xa5a5a000 x13=0xa5a5a5a5
        5619000	      2709	80000544	3416a0f3	csrrs	x1,mepc,x13	 x13:0xa5a5a5a5  x1=0xe4babf9e
        5621000	      2710	80000548	e4bac6b7	lui	x13,0xe4bac	 x13=0xe4bac000
        5643000	      2721	8000054c	f9e68693	addi	x13,x13,-98	 x13:0xe4bac000 x13=0xe4babf9e
        5645000	      2722	80000550	4a169063	bne	x13,x1,800009f0	 x13:0xe4babf9e  x1:0xe4babf9e  x0=0x00000000
        5667000	      2733	80000554	5a5a66b7	lui	x13,0x5a5a6	 x13=0x5a5a6000
        5685000	      2742	80000558	a5a68693	addi	x13,x13,-1446	 x13:0x5a5a6000 x13=0x5a5a5a5a
        5687000	      2743	8000055c	3416a0f3	csrrs	x1,mepc,x13	 x13:0x5a5a5a5a  x1=0xe5bfbfbe
        5735000	      2767	80000560	e5bfc6b7	lui	x13,0xe5bfc	 x13=0xe5bfc000
        5737000	      2768	80000564	fbe68693	addi	x13,x13,-66	 x13:0xe5bfc000 x13=0xe5bfbfbe
        5773000	      2786	80000568	48169463	bne	x13,x1,800009f0	 x13:0xe5bfbfbe  x1:0xe5bfbfbe  x0=0x00000000
        5775000	      2787	8000056c	2cd1f6b7	lui	x13,0x2cd1f	 x13=0x2cd1f000
        5787000	      2793	80000570	8ce68693	addi	x13,x13,-1842	 x13:0x2cd1f000 x13=0x2cd1e8ce
        5805000	      2802	80000574	3416a0f3	csrrs	x1,mepc,x13	 x13:0x2cd1e8ce  x1=0xfffffffe
        5827000	      2813	80000578	ffe00693	addi	x13,x0,-2	  x0:0x00000000 x13=0xfffffffe
        5829000	      2814	8000057c	46169a63	bne	x13,x1,800009f0	 x13:0xfffffffe  x1:0xfffffffe  x0=0x00000000
        5831000	      2815	80000580	a5a5a6b7	lui	x13,0xa5a5a	 x13=0xa5a5a000
        5835000	      2817	80000584	5a568693	addi	x13,x13,1445	 x13:0xa5a5a000 x13=0xa5a5a5a5
        5857000	      2828	80000588	3416b0f3	csrrc	x1,mepc,x13	 x13:0xa5a5a5a5  x1=0xfffffffe
        5891000	      2845	8000058c	ffe00693	addi	x13,x0,-2	  x0:0x00000000 x13=0xfffffffe
        5909000	      2854	80000590	46169063	bne	x13,x1,800009f0	 x13:0xfffffffe  x1:0xfffffffe  x0=0x00000000
        5933000	      2866	80000594	5a5a66b7	lui	x13,0x5a5a6	 x13=0x5a5a6000
        5937000	      2868	80000598	a5a68693	addi	x13,x13,-1446	 x13:0x5a5a6000 x13=0x5a5a5a5a
        5961000	      2880	8000059c	3416b0f3	csrrc	x1,mepc,x13	 x13:0x5a5a5a5a  x1=0x5a5a5a5a
        6015000	      2907	800005a0	5a5a66b7	lui	x13,0x5a5a6	 x13=0x5a5a6000
        6017000	      2908	800005a4	a5a68693	addi	x13,x13,-1446	 x13:0x5a5a6000 x13=0x5a5a5a5a
        6027000	      2913	800005a8	44169463	bne	x13,x1,800009f0	 x13:0x5a5a5a5a  x1:0x5a5a5a5a  x0=0x00000000
        6059000	      2929	800005ac	338446b7	lui	x13,0x33844	 x13=0x33844000
        6071000	      2935	800005b0	f6968693	addi	x13,x13,-151	 x13:0x33844000 x13=0x33843f69
        6109000	      2954	800005b4	3416b0f3	csrrc	x1,mepc,x13	 x13:0x33843f69  x1=0x00000000
        6111000	      2955	800005b8	00000693	addi	x13,x0,0	  x0:0x00000000 x13=0x00000000
        6155000	      2977	800005bc	42169a63	bne	x13,x1,800009f0	 x13:0x00000000  x1:0x00000000  x0=0x00000000
        6173000	      2986	800005c0	3412d0f3	csrrwi	x1,mepc,5	  x1=0x00000000
        6177000	      2988	800005c4	00000693	addi	x13,x0,0	  x0:0x00000000 x13=0x00000000
        6179000	      2989	800005c8	42169463	bne	x13,x1,800009f0	 x13:0x00000000  x1:0x00000000  x0=0x00000000
        6241000	      3020	800005cc	341d50f3	csrrwi	x1,mepc,26	  x1=0x00000004
        6247000	      3023	800005d0	00400693	addi	x13,x0,4	  x0:0x00000000 x13=0x00000004
        6295000	      3047	800005d4	40169e63	bne	x13,x1,800009f0	 x13:0x00000004  x1:0x00000004  x0=0x00000000
        6303000	      3051	800005d8	341fd0f3	csrrwi	x1,mepc,31	  x1=0x0000001a
        6343000	      3071	800005dc	01a00693	addi	x13,x0,26	  x0:0x00000000 x13=0x0000001a
        6345000	      3072	800005e0	40169863	bne	x13,x1,800009f0	 x13:0x0000001a  x1:0x0000001a  x0=0x00000000
        6347000	      3073	800005e4	3412e0f3	csrrsi	x1,mepc,5	  x1=0x0000001e
        6389000	      3094	800005e8	01e00693	addi	x13,x0,30	  x0:0x00000000 x13=0x0000001e
        6391000	      3095	800005ec	40169263	bne	x13,x1,800009f0	 x13:0x0000001e  x1:0x0000001e  x0=0x00000000
        6419000	      3109	800005f0	341d60f3	csrrsi	x1,mepc,26	  x1=0x0000001e
        6427000	      3113	800005f4	01e00693	addi	x13,x0,30	  x0:0x00000000 x13=0x0000001e
        6441000	      3120	800005f8	3e169c63	bne	x13,x1,800009f0	 x13:0x0000001e  x1:0x0000001e  x0=0x00000000
        6449000	      3124	800005fc	341660f3	csrrsi	x1,mepc,12	  x1=0x0000001e
        6463000	      3131	80000600	01e00693	addi	x13,x0,30	  x0:0x00000000 x13=0x0000001e
        6473000	      3136	80000604	3e169663	bne	x13,x1,800009f0	 x13:0x0000001e  x1:0x0000001e  x0=0x00000000
        6485000	      3142	80000608	3412f0f3	csrrci	x1,mepc,5	  x1=0x0000001e
        6505000	      3152	8000060c	01e00693	addi	x13,x0,30	  x0:0x00000000 x13=0x0000001e
        6537000	      3168	80000610	3e169063	bne	x13,x1,800009f0	 x13:0x0000001e  x1:0x0000001e  x0=0x00000000
        6539000	      3169	80000614	341d70f3	csrrci	x1,mepc,26	  x1=0x0000001a
        6553000	      3176	80000618	01a00693	addi	x13,x0,26	  x0:0x00000000 x13=0x0000001a
        6559000	      3179	8000061c	3c169a63	bne	x13,x1,800009f0	 x13:0x0000001a  x1:0x0000001a  x0=0x00000000
        6587000	      3193	80000620	341bf0f3	csrrci	x1,mepc,23	  x1=0x00000000
        6629000	      3214	80000624	00000693	addi	x13,x0,0	  x0:0x00000000 x13=0x00000000
        6641000	      3220	80000628	3c169463	bne	x13,x1,800009f0	 x13:0x00000000  x1:0x00000000  x0=0x00000000
        6647000	      3223	8000062c	a5a5a6b7	lui	x13,0xa5a5a	 x13=0xa5a5a000
        6665000	      3232	80000630	5a568693	addi	x13,x13,1445	 x13:0xa5a5a000 x13=0xa5a5a5a5
        6681000	      3240	80000634	342690f3	csrrw	x1,mcause,x13	 x13:0xa5a5a5a5  x1=0x00000000
        6693000	      3246	80000638	00000693	addi	x13,x0,0	  x0:0x00000000 x13=0x00000000
        6705000	      3252	8000063c	3a169a63	bne	x13,x1,800009f0	 x13:0x00000000  x1:0x00000000  x0=0x00000000
        6749000	      3274	80000640	5a5a66b7	lui	x13,0x5a5a6	 x13=0x5a5a6000
        6751000	      3275	80000644	a5a68693	addi	x13,x13,-1446	 x13:0x5a5a6000 x13=0x5a5a5a5a
        6773000	      3286	80000648	342690f3	csrrw	x1,mcause,x13	 x13:0x5a5a5a5a  x1=0x80000005
        6795000	      3297	8000064c	800006b7	lui	x13,0x80000	 x13=0x80000000
        6817000	      3308	80000650	00568693	addi	x13,x13,5	 x13:0x80000000 x13=0x80000005
        6839000	      3319	80000654	38169e63	bne	x13,x1,800009f0	 x13:0x80000005  x1:0x80000005  x0=0x00000000
        6843000	      3321	80000658	199516b7	lui	x13,0x19951	 x13=0x19951000
        6867000	      3333	8000065c	f7e68693	addi	x13,x13,-130	 x13:0x19951000 x13=0x19950f7e
        6869000	      3334	80000660	342690f3	csrrw	x1,mcause,x13	 x13:0x19950f7e  x1=0x0000001a
        6907000	      3353	80000664	01a00693	addi	x13,x0,26	  x0:0x00000000 x13=0x0000001a
        6941000	      3370	80000668	38169463	bne	x13,x1,800009f0	 x13:0x0000001a  x1:0x0000001a  x0=0x00000000
        6943000	      3371	8000066c	a5a5a6b7	lui	x13,0xa5a5a	 x13=0xa5a5a000
        6985000	      3392	80000670	5a568693	addi	x13,x13,1445	 x13:0xa5a5a000 x13=0xa5a5a5a5
        6991000	      3395	80000674	3426a0f3	csrrs	x1,mcause,x13	 x13:0xa5a5a5a5  x1=0x0000001e
        7003000	      3401	80000678	01e00693	addi	x13,x0,30	  x0:0x00000000 x13=0x0000001e
        7015000	      3407	8000067c	36169a63	bne	x13,x1,800009f0	 x13:0x0000001e  x1:0x0000001e  x0=0x00000000
        7017000	      3408	80000680	5a5a66b7	lui	x13,0x5a5a6	 x13=0x5a5a6000
        7035000	      3417	80000684	a5a68693	addi	x13,x13,-1446	 x13:0x5a5a6000 x13=0x5a5a5a5a
        7069000	      3434	80000688	3426a0f3	csrrs	x1,mcause,x13	 x13:0x5a5a5a5a  x1=0x8000001f
        7083000	      3441	8000068c	800006b7	lui	x13,0x80000	 x13=0x80000000
        7101000	      3450	80000690	01f68693	addi	x13,x13,31	 x13:0x80000000 x13=0x8000001f
        7109000	      3454	80000694	34169e63	bne	x13,x1,800009f0	 x13:0x8000001f  x1:0x8000001f  x0=0x00000000
        7135000	      3467	80000698	825c46b7	lui	x13,0x825c4	 x13=0x825c4000
        7139000	      3469	8000069c	05068693	addi	x13,x13,80	 x13:0x825c4000 x13=0x825c4050
        7155000	      3477	800006a0	3426a0f3	csrrs	x1,mcause,x13	 x13:0x825c4050  x1=0x8000001f
        7205000	      3502	800006a4	800006b7	lui	x13,0x80000	 x13=0x80000000
        7207000	      3503	800006a8	01f68693	addi	x13,x13,31	 x13:0x80000000 x13=0x8000001f
        7209000	      3504	800006ac	34169263	bne	x13,x1,800009f0	 x13:0x8000001f  x1:0x8000001f  x0=0x00000000
        7225000	      3512	800006b0	a5a5a6b7	lui	x13,0xa5a5a	 x13=0xa5a5a000
        7227000	      3513	800006b4	5a568693	addi	x13,x13,1445	 x13:0xa5a5a000 x13=0xa5a5a5a5
        7249000	      3524	800006b8	3426b0f3	csrrc	x1,mcause,x13	 x13:0xa5a5a5a5  x1=0x8000001f
        7259000	      3529	800006bc	800006b7	lui	x13,0x80000	 x13=0x80000000
        7297000	      3548	800006c0	01f68693	addi	x13,x13,31	 x13:0x80000000 x13=0x8000001f
        7299000	      3549	800006c4	32169663	bne	x13,x1,800009f0	 x13:0x8000001f  x1:0x8000001f  x0=0x00000000
        7357000	      3578	800006c8	5a5a66b7	lui	x13,0x5a5a6	 x13=0x5a5a6000
        7359000	      3579	800006cc	a5a68693	addi	x13,x13,-1446	 x13:0x5a5a6000 x13=0x5a5a5a5a
        7379000	      3589	800006d0	3426b0f3	csrrc	x1,mcause,x13	 x13:0x5a5a5a5a  x1=0x0000001a
        7391000	      3595	800006d4	01a00693	addi	x13,x0,26	  x0:0x00000000 x13=0x0000001a
        7407000	      3603	800006d8	30169c63	bne	x13,x1,800009f0	 x13:0x0000001a  x1:0x0000001a  x0=0x00000000
        7433000	      3616	800006dc	839a56b7	lui	x13,0x839a5	 x13=0x839a5000
        7479000	      3639	800006e0	de468693	addi	x13,x13,-540	 x13:0x839a5000 x13=0x839a4de4
        7521000	      3660	800006e4	3426b0f3	csrrc	x1,mcause,x13	 x13:0x839a4de4  x1=0x00000000
        7549000	      3674	800006e8	00000693	addi	x13,x0,0	  x0:0x00000000 x13=0x00000000
        7591000	      3695	800006ec	30169263	bne	x13,x1,800009f0	 x13:0x00000000  x1:0x00000000  x0=0x00000000
        7607000	      3703	800006f0	3422d0f3	csrrwi	x1,mcause,5	  x1=0x00000000
        7609000	      3704	800006f4	00000693	addi	x13,x0,0	  x0:0x00000000 x13=0x00000000
        7631000	      3715	800006f8	2e169c63	bne	x13,x1,800009f0	 x13:0x00000000  x1:0x00000000  x0=0x00000000
        7657000	      3728	800006fc	342d50f3	csrrwi	x1,mcause,26	  x1=0x00000005
        7679000	      3739	80000700	00500693	addi	x13,x0,5	  x0:0x00000000 x13=0x00000005
        7689000	      3744	80000704	2e169663	bne	x13,x1,800009f0	 x13:0x00000005  x1:0x00000005  x0=0x00000000
        7693000	      3746	80000708	342c50f3	csrrwi	x1,mcause,24	  x1=0x0000001a
        7755000	      3777	8000070c	01a00693	addi	x13,x0,26	  x0:0x00000000 x13=0x0000001a
        7795000	      3797	80000710	2e169063	bne	x13,x1,800009f0	 x13:0x0000001a  x1:0x0000001a  x0=0x00000000
        7815000	      3807	80000714	3422e0f3	csrrsi	x1,mcause,5	  x1=0x00000018
        7817000	      3808	80000718	01800693	addi	x13,x0,24	  x0:0x00000000 x13=0x00000018
        7879000	      3839	8000071c	2c169a63	bne	x13,x1,800009f0	 x13:0x00000018  x1:0x00000018  x0=0x00000000
        7893000	      3846	80000720	342d60f3	csrrsi	x1,mcause,26	  x1=0x0000001d
        7903000	      3851	80000724	01d00693	addi	x13,x0,29	  x0:0x00000000 x13=0x0000001d
        7931000	      3865	80000728	2c169463	bne	x13,x1,800009f0	 x13:0x0000001d  x1:0x0000001d  x0=0x00000000
        7947000	      3873	8000072c	342160f3	csrrsi	x1,mcause,2	  x1=0x0000001f
        8003000	      3901	80000730	01f00693	addi	x13,x0,31	  x0:0x00000000 x13=0x0000001f
        8015000	      3907	80000734	2a169e63	bne	x13,x1,800009f0	 x13:0x0000001f  x1:0x0000001f  x0=0x00000000
        8067000	      3933	80000738	3422f0f3	csrrci	x1,mcause,5	  x1=0x0000001f
        8109000	      3954	8000073c	01f00693	addi	x13,x0,31	  x0:0x00000000 x13=0x0000001f
        8111000	      3955	80000740	2a169863	bne	x13,x1,800009f0	 x13:0x0000001f  x1:0x0000001f  x0=0x00000000
        8117000	      3958	80000744	342d70f3	csrrci	x1,mcause,26	  x1=0x0000001a
        8121000	      3960	80000748	01a00693	addi	x13,x0,26	  x0:0x00000000 x13=0x0000001a
        8123000	      3961	8000074c	2a169263	bne	x13,x1,800009f0	 x13:0x0000001a  x1:0x0000001a  x0=0x00000000
        8151000	      3975	80000750	342570f3	csrrci	x1,mcause,10	  x1=0x00000000
        8153000	      3976	80000754	00000693	addi	x13,x0,0	  x0:0x00000000 x13=0x00000000
        8213000	      4006	80000758	28169c63	bne	x13,x1,800009f0	 x13:0x00000000  x1:0x00000000  x0=0x00000000
        8255000	      4027	8000075c	a5a5a6b7	lui	x13,0xa5a5a	 x13=0xa5a5a000
        8265000	      4032	80000760	5a568693	addi	x13,x13,1445	 x13:0xa5a5a000 x13=0xa5a5a5a5
        8293000	      4046	80000764	343690f3	csrrw	x1,mtval,x13	 x13:0xa5a5a5a5  x1=0x00000000
        8299000	      4049	80000768	00000693	addi	x13,x0,0	  x0:0x00000000 x13=0x00000000
        8317000	      4058	8000076c	28169263	bne	x13,x1,800009f0	 x13:0x00000000  x1:0x00000000  x0=0x00000000
        8373000	      4086	80000770	5a5a66b7	lui	x13,0x5a5a6	 x13=0x5a5a6000
        8377000	      4088	80000774	a5a68693	addi	x13,x13,-1446	 x13:0x5a5a6000 x13=0x5a5a5a5a
        8379000	      4089	80000778	343690f3	csrrw	x1,mtval,x13	 x13:0x5a5a5a5a  x1=0xa5a5a5a5
        8401000	      4100	8000077c	a5a5a6b7	lui	x13,0xa5a5a	 x13=0xa5a5a000
        8435000	      4117	80000780	5a568693	addi	x13,x13,1445	 x13:0xa5a5a000 x13=0xa5a5a5a5
        8437000	      4118	80000784	26169663	bne	x13,x1,800009f0	 x13:0xa5a5a5a5  x1:0xa5a5a5a5  x0=0x00000000
        8439000	      4119	80000788	d33af6b7	lui	x13,0xd33af	 x13=0xd33af000
        8441000	      4120	8000078c	93168693	addi	x13,x13,-1743	 x13:0xd33af000 x13=0xd33ae931
        8463000	      4131	80000790	343690f3	csrrw	x1,mtval,x13	 x13:0xd33ae931  x1=0x5a5a5a5a
        8465000	      4132	80000794	5a5a66b7	lui	x13,0x5a5a6	 x13=0x5a5a6000
        8501000	      4150	80000798	a5a68693	addi	x13,x13,-1446	 x13:0x5a5a6000 x13=0x5a5a5a5a
        8507000	      4153	8000079c	24169a63	bne	x13,x1,800009f0	 x13:0x5a5a5a5a  x1:0x5a5a5a5a  x0=0x00000000
        8523000	      4161	800007a0	a5a5a6b7	lui	x13,0xa5a5a	 x13=0xa5a5a000
        8529000	      4164	800007a4	5a568693	addi	x13,x13,1445	 x13:0xa5a5a000 x13=0xa5a5a5a5
        8547000	      4173	800007a8	3436a0f3	csrrs	x1,mtval,x13	 x13:0xa5a5a5a5  x1=0xd33ae931
        8569000	      4184	800007ac	d33af6b7	lui	x13,0xd33af	 x13=0xd33af000
        8595000	      4197	800007b0	93168693	addi	x13,x13,-1743	 x13:0xd33af000 x13=0xd33ae931
        8637000	      4218	800007b4	22169e63	bne	x13,x1,800009f0	 x13:0xd33ae931  x1:0xd33ae931  x0=0x00000000
        8639000	      4219	800007b8	5a5a66b7	lui	x13,0x5a5a6	 x13=0x5a5a6000
        8655000	      4227	800007bc	a5a68693	addi	x13,x13,-1446	 x13:0x5a5a6000 x13=0x5a5a5a5a
        8671000	      4235	800007c0	3436a0f3	csrrs	x1,mtval,x13	 x13:0x5a5a5a5a  x1=0xf7bfedb5
        8679000	      4239	800007c4	f7bff6b7	lui	x13,0xf7bff	 x13=0xf7bff000
        8687000	      4243	800007c8	db568693	addi	x13,x13,-587	 x13:0xf7bff000 x13=0xf7bfedb5
        8749000	      4274	800007cc	22169263	bne	x13,x1,800009f0	 x13:0xf7bfedb5  x1:0xf7bfedb5  x0=0x00000000
        8751000	      4275	800007d0	8cc026b7	lui	x13,0x8cc02	 x13=0x8cc02000
        8805000	      4302	800007d4	11a68693	addi	x13,x13,282	 x13:0x8cc02000 x13=0x8cc0211a
        8807000	      4303	800007d8	3436a0f3	csrrs	x1,mtval,x13	 x13:0x8cc0211a  x1=0xffffffff
        8811000	      4305	800007dc	fff00693	addi	x13,x0,-1	  x0:0x00000000 x13=0xffffffff
        8865000	      4332	800007e0	20169863	bne	x13,x1,800009f0	 x13:0xffffffff  x1:0xffffffff  x0=0x00000000
        8867000	      4333	800007e4	a5a5a6b7	lui	x13,0xa5a5a	 x13=0xa5a5a000
        8869000	      4334	800007e8	5a568693	addi	x13,x13,1445	 x13:0xa5a5a000 x13=0xa5a5a5a5
        8903000	      4351	800007ec	3436b0f3	csrrc	x1,mtval,x13	 x13:0xa5a5a5a5  x1=0xffffffff
        8937000	      4368	800007f0	fff00693	addi	x13,x0,-1	  x0:0x00000000 x13=0xffffffff
        8939000	      4369	800007f4	1e169e63	bne	x13,x1,800009f0	 x13:0xffffffff  x1:0xffffffff  x0=0x00000000
        8993000	      4396	800007f8	5a5a66b7	lui	x13,0x5a5a6	 x13=0x5a5a6000
        8995000	      4397	800007fc	a5a68693	addi	x13,x13,-1446	 x13:0x5a5a6000 x13=0x5a5a5a5a
        9003000	      4401	80000800	3436b0f3	csrrc	x1,mtval,x13	 x13:0x5a5a5a5a  x1=0x5a5a5a5a
        9019000	      4409	80000804	5a5a66b7	lui	x13,0x5a5a6	 x13=0x5a5a6000
        9065000	      4432	80000808	a5a68693	addi	x13,x13,-1446	 x13:0x5a5a6000 x13=0x5a5a5a5a
        9067000	      4433	8000080c	1e169263	bne	x13,x1,800009f0	 x13:0x5a5a5a5a  x1:0x5a5a5a5a  x0=0x00000000
        9115000	      4457	80000810	b3f4c6b7	lui	x13,0xb3f4c	 x13=0xb3f4c000
        9117000	      4458	80000814	acd68693	addi	x13,x13,-1331	 x13:0xb3f4c000 x13=0xb3f4bacd
        9165000	      4482	80000818	3436b0f3	csrrc	x1,mtval,x13	 x13:0xb3f4bacd  x1=0x00000000
        9167000	      4483	8000081c	00000693	addi	x13,x0,0	  x0:0x00000000 x13=0x00000000
        9229000	      4514	80000820	1c169863	bne	x13,x1,800009f0	 x13:0x00000000  x1:0x00000000  x0=0x00000000
        9231000	      4515	80000824	3432d0f3	csrrwi	x1,mtval,5	  x1=0x00000000
        9247000	      4523	80000828	00000693	addi	x13,x0,0	  x0:0x00000000 x13=0x00000000
        9291000	      4545	8000082c	1c169263	bne	x13,x1,800009f0	 x13:0x00000000  x1:0x00000000  x0=0x00000000
        9293000	      4546	80000830	343d50f3	csrrwi	x1,mtval,26	  x1=0x00000005
        9315000	      4557	80000834	00500693	addi	x13,x0,5	  x0:0x00000000 x13=0x00000005
        9353000	      4576	80000838	1a169c63	bne	x13,x1,800009f0	 x13:0x00000005  x1:0x00000005  x0=0x00000000
        9359000	      4579	8000083c	3437d0f3	csrrwi	x1,mtval,15	  x1=0x0000001a
        9377000	      4588	80000840	01a00693	addi	x13,x0,26	  x0:0x00000000 x13=0x0000001a
        9425000	      4612	80000844	1a169663	bne	x13,x1,800009f0	 x13:0x0000001a  x1:0x0000001a  x0=0x00000000
        9427000	      4613	80000848	3432e0f3	csrrsi	x1,mtval,5	  x1=0x0000000f
        9435000	      4617	8000084c	00f00693	addi	x13,x0,15	  x0:0x00000000 x13=0x0000000f
        9477000	      4638	80000850	1a169063	bne	x13,x1,800009f0	 x13:0x0000000f  x1:0x0000000f  x0=0x00000000
        9479000	      4639	80000854	343d60f3	csrrsi	x1,mtval,26	  x1=0x0000000f
        9509000	      4654	80000858	00f00693	addi	x13,x0,15	  x0:0x00000000 x13=0x0000000f
        9563000	      4681	8000085c	18169a63	bne	x13,x1,800009f0	 x13:0x0000000f  x1:0x0000000f  x0=0x00000000
        9573000	      4686	80000860	343360f3	csrrsi	x1,mtval,6	  x1=0x0000001f
        9605000	      4702	80000864	01f00693	addi	x13,x0,31	  x0:0x00000000 x13=0x0000001f
        9609000	      4704	80000868	18169463	bne	x13,x1,800009f0	 x13:0x0000001f  x1:0x0000001f  x0=0x00000000
        9643000	      4721	8000086c	3432f0f3	csrrci	x1,mtval,5	  x1=0x0000001f
        9685000	      4742	80000870	01f00693	addi	x13,x0,31	  x0:0x00000000 x13=0x0000001f
        9687000	      4743	80000874	16169e63	bne	x13,x1,800009f0	 x13:0x0000001f  x1:0x0000001f  x0=0x00000000
        9689000	      4744	80000878	343d70f3	csrrci	x1,mtval,26	  x1=0x0000001a
        9723000	      4761	8000087c	01a00693	addi	x13,x0,26	  x0:0x00000000 x13=0x0000001a
        9733000	      4766	80000880	16169863	bne	x13,x1,800009f0	 x13:0x0000001a  x1:0x0000001a  x0=0x00000000
        9773000	      4786	80000884	343cf0f3	csrrci	x1,mtval,25	  x1=0x00000000
        9779000	      4789	80000888	00000693	addi	x13,x0,0	  x0:0x00000000 x13=0x00000000
        9821000	      4810	8000088c	16169263	bne	x13,x1,800009f0	 x13:0x00000000  x1:0x00000000  x0=0x00000000
        9823000	      4811	80000890	a5a5a6b7	lui	x13,0xa5a5a	 x13=0xa5a5a000
        9845000	      4822	80000894	5a568693	addi	x13,x13,1445	 x13:0xa5a5a000 x13=0xa5a5a5a5
        9857000	      4828	80000898	305690f3	csrrw	x1,mtvec,x13	 x13:0xa5a5a5a5  x1=0x80000001
        9869000	      4834	8000089c	800006b7	lui	x13,0x80000	 x13=0x80000000
        9871000	      4835	800008a0	00168693	addi	x13,x13,1	 x13:0x80000000 x13=0x80000001
        9887000	      4843	800008a4	14169663	bne	x13,x1,800009f0	 x13:0x80000001  x1:0x80000001  x0=0x00000000
        9923000	      4861	800008a8	5a5a66b7	lui	x13,0x5a5a6	 x13=0x5a5a6000
        9935000	      4867	800008ac	a5a68693	addi	x13,x13,-1446	 x13:0x5a5a6000 x13=0x5a5a5a5a
        9947000	      4873	800008b0	305690f3	csrrw	x1,mtvec,x13	 x13:0x5a5a5a5a  x1=0xa5a5a501
        9961000	      4880	800008b4	a5a5a6b7	lui	x13,0xa5a5a	 x13=0xa5a5a000
        9977000	      4888	800008b8	50168693	addi	x13,x13,1281	 x13:0xa5a5a000 x13=0xa5a5a501
       10037000	      4918	800008bc	12169a63	bne	x13,x1,800009f0	 x13:0xa5a5a501  x1:0xa5a5a501  x0=0x00000000
       10053000	      4926	800008c0	e69f46b7	lui	x13,0xe69f4	 x13=0xe69f4000
       10079000	      4939	800008c4	3bb68693	addi	x13,x13,955	 x13:0xe69f4000 x13=0xe69f43bb
       10083000	      4941	800008c8	305690f3	csrrw	x1,mtvec,x13	 x13:0xe69f43bb  x1=0x5a5a5a01
       10091000	      4945	800008cc	5a5a66b7	lui	x13,0x5a5a6	 x13=0x5a5a6000
       10131000	      4965	800008d0	a0168693	addi	x13,x13,-1535	 x13:0x5a5a6000 x13=0x5a5a5a01
       10133000	      4966	800008d4	10169e63	bne	x13,x1,800009f0	 x13:0x5a5a5a01  x1:0x5a5a5a01  x0=0x00000000
       10171000	      4985	800008d8	a5a5a6b7	lui	x13,0xa5a5a	 x13=0xa5a5a000
       10181000	      4990	800008dc	5a568693	addi	x13,x13,1445	 x13:0xa5a5a000 x13=0xa5a5a5a5
       10183000	      4991	800008e0	3056a0f3	csrrs	x1,mtvec,x13	 x13:0xa5a5a5a5  x1=0xe69f4301
       10185000	      4992	800008e4	e69f46b7	lui	x13,0xe69f4	 x13=0xe69f4000
       10213000	      5006	800008e8	30168693	addi	x13,x13,769	 x13:0xe69f4000 x13=0xe69f4301
       10231000	      5015	800008ec	10169263	bne	x13,x1,800009f0	 x13:0xe69f4301  x1:0xe69f4301  x0=0x00000000
       10233000	      5016	800008f0	5a5a66b7	lui	x13,0x5a5a6	 x13=0x5a5a6000
       10265000	      5032	800008f4	a5a68693	addi	x13,x13,-1446	 x13:0x5a5a6000 x13=0x5a5a5a5a
       10267000	      5033	800008f8	3056a0f3	csrrs	x1,mtvec,x13	 x13:0x5a5a5a5a  x1=0xe7bfe701
       10275000	      5037	800008fc	e7bfe6b7	lui	x13,0xe7bfe	 x13=0xe7bfe000
       10297000	      5048	80000900	70168693	addi	x13,x13,1793	 x13:0xe7bfe000 x13=0xe7bfe701
       10299000	      5049	80000904	0e169663	bne	x13,x1,800009f0	 x13:0xe7bfe701  x1:0xe7bfe701  x0=0x00000000
       10303000	      5051	80000908	93d326b7	lui	x13,0x93d32	 x13=0x93d32000
       10305000	      5052	8000090c	9d168693	addi	x13,x13,-1583	 x13:0x93d32000 x13=0x93d319d1
       10307000	      5053	80000910	3056a0f3	csrrs	x1,mtvec,x13	 x13:0x93d319d1  x1=0xffffff01
       10337000	      5068	80000914	f0100693	addi	x13,x0,-255	  x0:0x00000000 x13=0xffffff01
       10339000	      5069	80000918	0c169c63	bne	x13,x1,800009f0	 x13:0xffffff01  x1:0xffffff01  x0=0x00000000
       10351000	      5075	8000091c	a5a5a6b7	lui	x13,0xa5a5a	 x13=0xa5a5a000
       10367000	      5083	80000920	5a568693	addi	x13,x13,1445	 x13:0xa5a5a000 x13=0xa5a5a5a5
       10385000	      5092	80000924	3056b0f3	csrrc	x1,mtvec,x13	 x13:0xa5a5a5a5  x1=0xffffff01
       10421000	      5110	80000928	f0100693	addi	x13,x0,-255	  x0:0x00000000 x13=0xffffff01
       10429000	      5114	8000092c	0c169263	bne	x13,x1,800009f0	 x13:0xffffff01  x1:0xffffff01  x0=0x00000000
       10447000	      5123	80000930	5a5a66b7	lui	x13,0x5a5a6	 x13=0x5a5a6000
       10465000	      5132	80000934	a5a68693	addi	x13,x13,-1446	 x13:0x5a5a6000 x13=0x5a5a5a5a
       10481000	      5140	80000938	3056b0f3	csrrc	x1,mtvec,x13	 x13:0x5a5a5a5a  x1=0x5a5a5a01
       10523000	      5161	8000093c	5a5a66b7	lui	x13,0x5a5a6	 x13=0x5a5a6000
       10525000	      5162	80000940	a0168693	addi	x13,x13,-1535	 x13:0x5a5a6000 x13=0x5a5a5a01
       10527000	      5163	80000944	0a169663	bne	x13,x1,800009f0	 x13:0x5a5a5a01  x1:0x5a5a5a01  x0=0x00000000
       10545000	      5172	80000948	5ca836b7	lui	x13,0x5ca83	 x13=0x5ca83000
       10551000	      5175	8000094c	6bb68693	addi	x13,x13,1723	 x13:0x5ca83000 x13=0x5ca836bb
       10553000	      5176	80000950	3056b0f3	csrrc	x1,mtvec,x13	 x13:0x5ca836bb  x1=0x00000001
       10615000	      5207	80000954	00100693	addi	x13,x0,1	  x0:0x00000000 x13=0x00000001
       10617000	      5208	80000958	08169c63	bne	x13,x1,800009f0	 x13:0x00000001  x1:0x00000001  x0=0x00000000
       10627000	      5213	8000095c	3052d0f3	csrrwi	x1,mtvec,5	  x1=0x00000001
       10647000	      5223	80000960	00100693	addi	x13,x0,1	  x0:0x00000000 x13=0x00000001
       10693000	      5246	80000964	08169663	bne	x13,x1,800009f0	 x13:0x00000001  x1:0x00000001  x0=0x00000000
       10695000	      5247	80000968	305d50f3	csrrwi	x1,mtvec,26	  x1=0x00000001
       10703000	      5251	8000096c	00100693	addi	x13,x0,1	  x0:0x00000000 x13=0x00000001
       10763000	      5281	80000970	08169063	bne	x13,x1,800009f0	 x13:0x00000001  x1:0x00000001  x0=0x00000000
       10765000	      5282	80000974	305a50f3	csrrwi	x1,mtvec,20	  x1=0x00000001
       10777000	      5288	80000978	00100693	addi	x13,x0,1	  x0:0x00000000 x13=0x00000001
       10787000	      5293	8000097c	06169a63	bne	x13,x1,800009f0	 x13:0x00000001  x1:0x00000001  x0=0x00000000
       10849000	      5324	80000980	3052e0f3	csrrsi	x1,mtvec,5	  x1=0x00000001
       10851000	      5325	80000984	00100693	addi	x13,x0,1	  x0:0x00000000 x13=0x00000001
       10877000	      5338	80000988	06169463	bne	x13,x1,800009f0	 x13:0x00000001  x1:0x00000001  x0=0x00000000
       10899000	      5349	8000098c	305d60f3	csrrsi	x1,mtvec,26	  x1=0x00000001
       10903000	      5351	80000990	00100693	addi	x13,x0,1	  x0:0x00000000 x13=0x00000001
       10941000	      5370	80000994	04169e63	bne	x13,x1,800009f0	 x13:0x00000001  x1:0x00000001  x0=0x00000000
       10957000	      5378	80000998	305ce0f3	csrrsi	x1,mtvec,25	  x1=0x00000001
       10959000	      5379	8000099c	00100693	addi	x13,x0,1	  x0:0x00000000 x13=0x00000001
       10963000	      5381	800009a0	04169863	bne	x13,x1,800009f0	 x13:0x00000001  x1:0x00000001  x0=0x00000000
       10981000	      5390	800009a4	3052f0f3	csrrci	x1,mtvec,5	  x1=0x00000001
       10983000	      5391	800009a8	00100693	addi	x13,x0,1	  x0:0x00000000 x13=0x00000001
       10985000	      5392	800009ac	04169263	bne	x13,x1,800009f0	 x13:0x00000001  x1:0x00000001  x0=0x00000000
       10989000	      5394	800009b0	305d70f3	csrrci	x1,mtvec,26	  x1=0x00000001
       11009000	      5404	800009b4	00100693	addi	x13,x0,1	  x0:0x00000000 x13=0x00000001
       11011000	      5405	800009b8	02169c63	bne	x13,x1,800009f0	 x13:0x00000001  x1:0x00000001  x0=0x00000000
       11053000	      5426	800009bc	305af0f3	csrrci	x1,mtvec,21	  x1=0x00000001
       11075000	      5437	800009c0	00100693	addi	x13,x0,1	  x0:0x00000000 x13=0x00000001
       11117000	      5458	800009c4	02169663	bne	x13,x1,800009f0	 x13:0x00000001  x1:0x00000001  x0=0x00000000
       11119000	      5459	800009c8	305020f3	csrrs	x1,mtvec,x0	  x0:0x00000000  x1=0x00000001
       11121000	      5460	800009cc	00100693	addi	x13,x0,1	  x0:0x00000000 x13=0x00000001
       11147000	      5473	800009d0	02169063	bne	x13,x1,800009f0	 x13:0x00000001  x1:0x00000001  x0=0x00000000
       11179000	      5489	800009d4	00000093	addi	x1,x0,0	  x0:0x00000000  x1=0x00000000
       11189000	      5494	800009d8	00809093	slli	x1,x1,0x8	  x1:0x00000000  x1=0x00000000
       11237000	      5518	800009dc	00108093	addi	x1,x1,1	  x1:0x00000000  x1=0x00000001
       11239000	      5519	800009e0	90000137	lui	x2,0x90000	  x2=0x90000000
       11275000	      5537	800009e4	ffc10113	addi	x2,x2,-4	  x2:0x90000000  x2=0x8ffffffc
