Command: /workspace/ibex/dv/uvm/out/rtl_sim/vcs_simv +vcs+lic+wait +signature_addr=0x8ffffffc -ucli -do /workspace/ibex/dv/uvm/vcs.tcl +ntb_random_seed=7 +require_signature_addr=1 +enable_irq_single_seq=1 +UVM_TESTNAME=core_ibex_irq_csr_test +bin=/workspace/ibex/dv/uvm/out/instr_gen/asm_tests/riscv_interrupt_csr_test_0.bin -l sim.log +UVM_VERBOSITY=UVM_MEDIUM
Chronologic VCS simulator copyright 1991-2023
Contains Synopsys proprietary information.
Compiler version VERSION; Runtime version VERSION;  Mar 19 21:19 2026
UVM_INFO $VCS_HOME/etc/uvm-1.2/base/uvm_root.svh(402) @ 0: reporter [UVM/RELNOTES] 
----------------------------------------------------------------
UVM-1.2.Synopsys
(C) 2007-2014 Mentor Graphics Corporation
(C) 2007-2014 Cadence Design Systems, Inc.
(C) 2006-2014 Synopsys, Inc.
(C) 2011-2013 Cypress Semiconductor Corp.
(C) 2013-2014 NVIDIA Corporation
----------------------------------------------------------------

  ***********       IMPORTANT RELEASE NOTES         ************

  You are using a version of the UVM library that has been compiled
  with `UVM_NO_DEPRECATED undefined.
  See http://www.eda.org/svdb/view.php?id=3313 for more details.

  You are using a version of the UVM library that has been compiled
  with `UVM_OBJECT_DO_NOT_NEED_CONSTRUCTOR undefined.
  See http://www.eda.org/svdb/view.php?id=3770 for more details.

      (Specify +UVM_NO_RELNOTES to turn off this notice)

ucli% # TCL file invoked from VCS's simv at run-time using this: -ucli -do <this file>
ucli% # Syntax: fsdbDumpfile FSDB_Name [Limit_Size]
ucli% fsdbDumpfile "waves.fsdb"
*Verdi* Loading libsscore_vcs202303.so
FSDB Dumper for VCS, Release Verdi_VERSION-T-20260213, Linux x86_64/64bit, 03/19/2026
(C) 1996 - 2026 by Synopsys, Inc.
*Verdi* : Create FSDB file 'waves.fsdb'
ucli% # Syntax: fsdbDumpvars [depth] [instance] [option]*
ucli% ##############################################################################
ucli% # Option                     Description
ucli% ##############################################################################
ucli% # +mda                       Dumps memory and MDA signals in all scopes.
ucli% # +packedmda                 Dumps packed signals
ucli% # +struct                    Dumps structs
ucli% # +skip_cell_instance=mode  Enables or disables cell dumping
ucli% # +strength                  Enables strength dumping
ucli% # +parameter                 Dumps parameters
ucli% # +power                     Dumps power-related signals
ucli% # +trace_process             Dumps VHDL processes
ucli% # +no_functions              Disables dumping of functions
ucli% # +sva                       Dumps assertions
ucli% # +Reg_Only                  Dumps only reg type signals
ucli% # +IO_Only                   Dumps only IO port signals
ucli% # +by_file=<filename>        File to specify objects to add
ucli% # +all                       Dumps memories, MDA signals, structs, unions,power, and packed structs
ucli% fsdbDumpvars 0 core_ibex_tb_top +all
*Verdi* : Begin traversing the scope (core_ibex_tb_top), layer (0).
*Verdi* : Enable +all dumping.
*Verdi* : End of traversing.
ucli% fsdbDumpSVA 0 core_ibex_tb_top.dut
*Verdi* : Begin traversing the SVA assertions under scope (core_ibex_tb_top.dut), layer (0).
*Verdi* : End of traversing the SVA assertions.
ucli% run
UVM_INFO @ 0: reporter [RNTST] Running test core_ibex_irq_csr_test...
UVM_INFO /workspace/ibex/dv/uvm/tests/core_ibex_base_test.sv(98) @ 199000: uvm_test_top [uvm_test_top] Running test : /workspace/ibex/dv/uvm/out/instr_gen/asm_tests/riscv_interrupt_csr_test_0.bin
UVM_INFO /workspace/ibex/dv/uvm/common/ibex_mem_intf_agent/ibex_mem_intf_slave_seq_lib.sv(28) @ 199000: uvm_test_top.env.instr_if_slave_agent.sequencer@@instr_intf_seq [uvm_test_top.env.instr_if_slave_agent.sequencer.instr_intf_seq] is_dmem_seq: 0x0
UVM_INFO /workspace/ibex/dv/uvm/common/ibex_mem_intf_agent/ibex_mem_intf_slave_seq_lib.sv(28) @ 199000: uvm_test_top.env.data_if_slave_agent.sequencer@@data_intf_seq [uvm_test_top.env.data_if_slave_agent.sequencer.data_intf_seq] is_dmem_seq: 0x1
core_ibex_tb_top.dut.u_ibex_tracer.printbuffer_dumpline.unnamed$$_0: Writing execution trace to trace_core_00000000.log
UVM_INFO /workspace/ibex/dv/uvm/tests/core_ibex_seq_lib.sv(39) @ 1951000: uvm_test_top.env.irq_agent.sequencer@@irq_single_seq_h [uvm_test_top.env.irq_agent.sequencer.irq_single_seq_h] Starting sequence...
UVM_INFO /workspace/ibex/dv/uvm/tests/core_ibex_seq_lib.sv(51) @ 1953000: uvm_test_top.env.irq_agent.sequencer@@irq_single_seq_h [uvm_test_top.env.irq_agent.sequencer.irq_single_seq_h] Exiting sequence
UVM_INFO /workspace/ibex/dv/uvm/tests/core_ibex_test_lib.sv(229) @ 1955000: uvm_test_top [uvm_test_top] irq: 0b10000000000000000000
"/workspace/ibex/rtl/ibex_load_store_unit.sv", 487: core_ibex_tb_top.dut.u_ibex_core.load_store_unit_i.IbexDataOffsetKnown: started at 36970000ps failed at 36970000ps
	Offending '(!$isunknown(data_offset))'
UVM_ERROR /workspace/ibex/shared/rtl/prim_assert.sv(21) @ 3697000: reporter [ASSERT FAILED] [core_ibex_tb_top.dut.u_ibex_core.load_store_unit_i.IbexDataOffsetKnown] IbexDataOffsetKnown: !$isunknown(data_offset) (/workspace/ibex/rtl/ibex_load_store_unit.sv:487)
"/workspace/ibex/rtl/ibex_cs_registers.sv", 1040: core_ibex_tb_top.dut.u_ibex_core.cs_registers_i.IbexCsrWdataIntKnown: started at 36970000ps failed at 36970000ps
	Offending '(!$isunknown(csr_wdata_int))'
UVM_ERROR /workspace/ibex/shared/rtl/prim_assert.sv(21) @ 3697000: reporter [ASSERT FAILED] [core_ibex_tb_top.dut.u_ibex_core.cs_registers_i.IbexCsrWdataIntKnown] IbexCsrWdataIntKnown: !$isunknown(csr_wdata_int) (/workspace/ibex/rtl/ibex_cs_registers.sv:1040)
"/workspace/ibex/rtl/ibex_load_store_unit.sv", 487: core_ibex_tb_top.dut.u_ibex_core.load_store_unit_i.IbexDataOffsetKnown: started at 36990000ps failed at 36990000ps
	Offending '(!$isunknown(data_offset))'
UVM_ERROR /workspace/ibex/shared/rtl/prim_assert.sv(21) @ 3699000: reporter [ASSERT FAILED] [core_ibex_tb_top.dut.u_ibex_core.load_store_unit_i.IbexDataOffsetKnown] IbexDataOffsetKnown: !$isunknown(data_offset) (/workspace/ibex/rtl/ibex_load_store_unit.sv:487)
"/workspace/ibex/rtl/ibex_cs_registers.sv", 1040: core_ibex_tb_top.dut.u_ibex_core.cs_registers_i.IbexCsrWdataIntKnown: started at 36990000ps failed at 36990000ps
	Offending '(!$isunknown(csr_wdata_int))'
UVM_ERROR /workspace/ibex/shared/rtl/prim_assert.sv(21) @ 3699000: reporter [ASSERT FAILED] [core_ibex_tb_top.dut.u_ibex_core.cs_registers_i.IbexCsrWdataIntKnown] IbexCsrWdataIntKnown: !$isunknown(csr_wdata_int) (/workspace/ibex/rtl/ibex_cs_registers.sv:1040)
"/workspace/ibex/rtl/ibex_load_store_unit.sv", 487: core_ibex_tb_top.dut.u_ibex_core.load_store_unit_i.IbexDataOffsetKnown: started at 37010000ps failed at 37010000ps
	Offending '(!$isunknown(data_offset))'
UVM_ERROR /workspace/ibex/shared/rtl/prim_assert.sv(21) @ 3701000: reporter [ASSERT FAILED] [core_ibex_tb_top.dut.u_ibex_core.load_store_unit_i.IbexDataOffsetKnown] IbexDataOffsetKnown: !$isunknown(data_offset) (/workspace/ibex/rtl/ibex_load_store_unit.sv:487)
"/workspace/ibex/rtl/ibex_cs_registers.sv", 1040: core_ibex_tb_top.dut.u_ibex_core.cs_registers_i.IbexCsrWdataIntKnown: started at 37010000ps failed at 37010000ps
	Offending '(!$isunknown(csr_wdata_int))'
UVM_ERROR /workspace/ibex/shared/rtl/prim_assert.sv(21) @ 3701000: reporter [ASSERT FAILED] [core_ibex_tb_top.dut.u_ibex_core.cs_registers_i.IbexCsrWdataIntKnown] IbexCsrWdataIntKnown: !$isunknown(csr_wdata_int) (/workspace/ibex/rtl/ibex_cs_registers.sv:1040)
"/workspace/ibex/rtl/ibex_load_store_unit.sv", 487: core_ibex_tb_top.dut.u_ibex_core.load_store_unit_i.IbexDataOffsetKnown: started at 37030000ps failed at 37030000ps
	Offending '(!$isunknown(data_offset))'
UVM_ERROR /workspace/ibex/shared/rtl/prim_assert.sv(21) @ 3703000: reporter [ASSERT FAILED] [core_ibex_tb_top.dut.u_ibex_core.load_store_unit_i.IbexDataOffsetKnown] IbexDataOffsetKnown: !$isunknown(data_offset) (/workspace/ibex/rtl/ibex_load_store_unit.sv:487)
"/workspace/ibex/rtl/ibex_cs_registers.sv", 1040: core_ibex_tb_top.dut.u_ibex_core.cs_registers_i.IbexCsrWdataIntKnown: started at 37030000ps failed at 37030000ps
	Offending '(!$isunknown(csr_wdata_int))'
UVM_ERROR /workspace/ibex/shared/rtl/prim_assert.sv(21) @ 3703000: reporter [ASSERT FAILED] [core_ibex_tb_top.dut.u_ibex_core.cs_registers_i.IbexCsrWdataIntKnown] IbexCsrWdataIntKnown: !$isunknown(csr_wdata_int) (/workspace/ibex/rtl/ibex_cs_registers.sv:1040)
"/workspace/ibex/rtl/ibex_load_store_unit.sv", 487: core_ibex_tb_top.dut.u_ibex_core.load_store_unit_i.IbexDataOffsetKnown: started at 37050000ps failed at 37050000ps
	Offending '(!$isunknown(data_offset))'
UVM_ERROR /workspace/ibex/shared/rtl/prim_assert.sv(21) @ 3705000: reporter [ASSERT FAILED] [core_ibex_tb_top.dut.u_ibex_core.load_store_unit_i.IbexDataOffsetKnown] IbexDataOffsetKnown: !$isunknown(data_offset) (/workspace/ibex/rtl/ibex_load_store_unit.sv:487)
"/workspace/ibex/rtl/ibex_cs_registers.sv", 1040: core_ibex_tb_top.dut.u_ibex_core.cs_registers_i.IbexCsrWdataIntKnown: started at 37050000ps failed at 37050000ps
	Offending '(!$isunknown(csr_wdata_int))'
UVM_ERROR /workspace/ibex/shared/rtl/prim_assert.sv(21) @ 3705000: reporter [ASSERT FAILED] [core_ibex_tb_top.dut.u_ibex_core.cs_registers_i.IbexCsrWdataIntKnown] IbexCsrWdataIntKnown: !$isunknown(csr_wdata_int) (/workspace/ibex/rtl/ibex_cs_registers.sv:1040)
"/workspace/ibex/rtl/ibex_load_store_unit.sv", 487: core_ibex_tb_top.dut.u_ibex_core.load_store_unit_i.IbexDataOffsetKnown: started at 37070000ps failed at 37070000ps
	Offending '(!$isunknown(data_offset))'
UVM_ERROR /workspace/ibex/shared/rtl/prim_assert.sv(21) @ 3707000: reporter [ASSERT FAILED] [core_ibex_tb_top.dut.u_ibex_core.load_store_unit_i.IbexDataOffsetKnown] IbexDataOffsetKnown: !$isunknown(data_offset) (/workspace/ibex/rtl/ibex_load_store_unit.sv:487)
"/workspace/ibex/rtl/ibex_cs_registers.sv", 1040: core_ibex_tb_top.dut.u_ibex_core.cs_registers_i.IbexCsrWdataIntKnown: started at 37070000ps failed at 37070000ps
	Offending '(!$isunknown(csr_wdata_int))'
UVM_ERROR /workspace/ibex/shared/rtl/prim_assert.sv(21) @ 3707000: reporter [ASSERT FAILED] [core_ibex_tb_top.dut.u_ibex_core.cs_registers_i.IbexCsrWdataIntKnown] IbexCsrWdataIntKnown: !$isunknown(csr_wdata_int) (/workspace/ibex/rtl/ibex_cs_registers.sv:1040)
"/workspace/ibex/rtl/ibex_load_store_unit.sv", 487: core_ibex_tb_top.dut.u_ibex_core.load_store_unit_i.IbexDataOffsetKnown: started at 37090000ps failed at 37090000ps
	Offending '(!$isunknown(data_offset))'
UVM_ERROR /workspace/ibex/shared/rtl/prim_assert.sv(21) @ 3709000: reporter [ASSERT FAILED] [core_ibex_tb_top.dut.u_ibex_core.load_store_unit_i.IbexDataOffsetKnown] IbexDataOffsetKnown: !$isunknown(data_offset) (/workspace/ibex/rtl/ibex_load_store_unit.sv:487)
"/workspace/ibex/rtl/ibex_cs_registers.sv", 1040: core_ibex_tb_top.dut.u_ibex_core.cs_registers_i.IbexCsrWdataIntKnown: started at 37090000ps failed at 37090000ps
	Offending '(!$isunknown(csr_wdata_int))'
UVM_ERROR /workspace/ibex/shared/rtl/prim_assert.sv(21) @ 3709000: reporter [ASSERT FAILED] [core_ibex_tb_top.dut.u_ibex_core.cs_registers_i.IbexCsrWdataIntKnown] IbexCsrWdataIntKnown: !$isunknown(csr_wdata_int) (/workspace/ibex/rtl/ibex_cs_registers.sv:1040)
"/workspace/ibex/rtl/ibex_load_store_unit.sv", 487: core_ibex_tb_top.dut.u_ibex_core.load_store_unit_i.IbexDataOffsetKnown: started at 37110000ps failed at 37110000ps
	Offending '(!$isunknown(data_offset))'
UVM_ERROR /workspace/ibex/shared/rtl/prim_assert.sv(21) @ 3711000: reporter [ASSERT FAILED] [core_ibex_tb_top.dut.u_ibex_core.load_store_unit_i.IbexDataOffsetKnown] IbexDataOffsetKnown: !$isunknown(data_offset) (/workspace/ibex/rtl/ibex_load_store_unit.sv:487)
"/workspace/ibex/rtl/ibex_cs_registers.sv", 1040: core_ibex_tb_top.dut.u_ibex_core.cs_registers_i.IbexCsrWdataIntKnown: started at 37110000ps failed at 37110000ps
	Offending '(!$isunknown(csr_wdata_int))'
UVM_ERROR /workspace/ibex/shared/rtl/prim_assert.sv(21) @ 3711000: reporter [ASSERT FAILED] [core_ibex_tb_top.dut.u_ibex_core.cs_registers_i.IbexCsrWdataIntKnown] IbexCsrWdataIntKnown: !$isunknown(csr_wdata_int) (/workspace/ibex/rtl/ibex_cs_registers.sv:1040)
"/workspace/ibex/rtl/ibex_load_store_unit.sv", 487: core_ibex_tb_top.dut.u_ibex_core.load_store_unit_i.IbexDataOffsetKnown: started at 37130000ps failed at 37130000ps
	Offending '(!$isunknown(data_offset))'
UVM_ERROR /workspace/ibex/shared/rtl/prim_assert.sv(21) @ 3713000: reporter [ASSERT FAILED] [core_ibex_tb_top.dut.u_ibex_core.load_store_unit_i.IbexDataOffsetKnown] IbexDataOffsetKnown: !$isunknown(data_offset) (/workspace/ibex/rtl/ibex_load_store_unit.sv:487)
"/workspace/ibex/rtl/ibex_cs_registers.sv", 1040: core_ibex_tb_top.dut.u_ibex_core.cs_registers_i.IbexCsrWdataIntKnown: started at 37130000ps failed at 37130000ps
	Offending '(!$isunknown(csr_wdata_int))'
UVM_ERROR /workspace/ibex/shared/rtl/prim_assert.sv(21) @ 3713000: reporter [ASSERT FAILED] [core_ibex_tb_top.dut.u_ibex_core.cs_registers_i.IbexCsrWdataIntKnown] IbexCsrWdataIntKnown: !$isunknown(csr_wdata_int) (/workspace/ibex/rtl/ibex_cs_registers.sv:1040)
"/workspace/ibex/rtl/ibex_load_store_unit.sv", 487: core_ibex_tb_top.dut.u_ibex_core.load_store_unit_i.IbexDataOffsetKnown: started at 37150000ps failed at 37150000ps
	Offending '(!$isunknown(data_offset))'
UVM_ERROR /workspace/ibex/shared/rtl/prim_assert.sv(21) @ 3715000: reporter [ASSERT FAILED] [core_ibex_tb_top.dut.u_ibex_core.load_store_unit_i.IbexDataOffsetKnown] IbexDataOffsetKnown: !$isunknown(data_offset) (/workspace/ibex/rtl/ibex_load_store_unit.sv:487)
"/workspace/ibex/rtl/ibex_cs_registers.sv", 1040: core_ibex_tb_top.dut.u_ibex_core.cs_registers_i.IbexCsrWdataIntKnown: started at 37150000ps failed at 37150000ps
	Offending '(!$isunknown(csr_wdata_int))'
UVM_ERROR /workspace/ibex/shared/rtl/prim_assert.sv(21) @ 3715000: reporter [ASSERT FAILED] [core_ibex_tb_top.dut.u_ibex_core.cs_registers_i.IbexCsrWdataIntKnown] IbexCsrWdataIntKnown: !$isunknown(csr_wdata_int) (/workspace/ibex/rtl/ibex_cs_registers.sv:1040)
"/workspace/ibex/rtl/ibex_load_store_unit.sv", 487: core_ibex_tb_top.dut.u_ibex_core.load_store_unit_i.IbexDataOffsetKnown: started at 37170000ps failed at 37170000ps
	Offending '(!$isunknown(data_offset))'
UVM_ERROR /workspace/ibex/shared/rtl/prim_assert.sv(21) @ 3717000: reporter [ASSERT FAILED] [core_ibex_tb_top.dut.u_ibex_core.load_store_unit_i.IbexDataOffsetKnown] IbexDataOffsetKnown: !$isunknown(data_offset) (/workspace/ibex/rtl/ibex_load_store_unit.sv:487)
"/workspace/ibex/rtl/ibex_cs_registers.sv", 1040: core_ibex_tb_top.dut.u_ibex_core.cs_registers_i.IbexCsrWdataIntKnown: started at 37170000ps failed at 37170000ps
	Offending '(!$isunknown(csr_wdata_int))'
UVM_ERROR /workspace/ibex/shared/rtl/prim_assert.sv(21) @ 3717000: reporter [ASSERT FAILED] [core_ibex_tb_top.dut.u_ibex_core.cs_registers_i.IbexCsrWdataIntKnown] IbexCsrWdataIntKnown: !$isunknown(csr_wdata_int) (/workspace/ibex/rtl/ibex_cs_registers.sv:1040)
"/workspace/ibex/rtl/ibex_load_store_unit.sv", 487: core_ibex_tb_top.dut.u_ibex_core.load_store_unit_i.IbexDataOffsetKnown: started at 37190000ps failed at 37190000ps
	Offending '(!$isunknown(data_offset))'
UVM_ERROR /workspace/ibex/shared/rtl/prim_assert.sv(21) @ 3719000: reporter [ASSERT FAILED] [core_ibex_tb_top.dut.u_ibex_core.load_store_unit_i.IbexDataOffsetKnown] IbexDataOffsetKnown: !$isunknown(data_offset) (/workspace/ibex/rtl/ibex_load_store_unit.sv:487)
"/workspace/ibex/rtl/ibex_cs_registers.sv", 1040: core_ibex_tb_top.dut.u_ibex_core.cs_registers_i.IbexCsrWdataIntKnown: started at 37190000ps failed at 37190000ps
	Offending '(!$isunknown(csr_wdata_int))'
UVM_ERROR /workspace/ibex/shared/rtl/prim_assert.sv(21) @ 3719000: reporter [ASSERT FAILED] [core_ibex_tb_top.dut.u_ibex_core.cs_registers_i.IbexCsrWdataIntKnown] IbexCsrWdataIntKnown: !$isunknown(csr_wdata_int) (/workspace/ibex/rtl/ibex_cs_registers.sv:1040)
"/workspace/ibex/rtl/ibex_load_store_unit.sv", 487: core_ibex_tb_top.dut.u_ibex_core.load_store_unit_i.IbexDataOffsetKnown: started at 37210000ps failed at 37210000ps
	Offending '(!$isunknown(data_offset))'
UVM_ERROR /workspace/ibex/shared/rtl/prim_assert.sv(21) @ 3721000: reporter [ASSERT FAILED] [core_ibex_tb_top.dut.u_ibex_core.load_store_unit_i.IbexDataOffsetKnown] IbexDataOffsetKnown: !$isunknown(data_offset) (/workspace/ibex/rtl/ibex_load_store_unit.sv:487)
"/workspace/ibex/rtl/ibex_cs_registers.sv", 1040: core_ibex_tb_top.dut.u_ibex_core.cs_registers_i.IbexCsrWdataIntKnown: started at 37210000ps failed at 37210000ps
	Offending '(!$isunknown(csr_wdata_int))'
UVM_ERROR /workspace/ibex/shared/rtl/prim_assert.sv(21) @ 3721000: reporter [ASSERT FAILED] [core_ibex_tb_top.dut.u_ibex_core.cs_registers_i.IbexCsrWdataIntKnown] IbexCsrWdataIntKnown: !$isunknown(csr_wdata_int) (/workspace/ibex/rtl/ibex_cs_registers.sv:1040)
"/workspace/ibex/rtl/ibex_load_store_unit.sv", 487: core_ibex_tb_top.dut.u_ibex_core.load_store_unit_i.IbexDataOffsetKnown: started at 37230000ps failed at 37230000ps
	Offending '(!$isunknown(data_offset))'
UVM_ERROR /workspace/ibex/shared/rtl/prim_assert.sv(21) @ 3723000: reporter [ASSERT FAILED] [core_ibex_tb_top.dut.u_ibex_core.load_store_unit_i.IbexDataOffsetKnown] IbexDataOffsetKnown: !$isunknown(data_offset) (/workspace/ibex/rtl/ibex_load_store_unit.sv:487)
"/workspace/ibex/rtl/ibex_cs_registers.sv", 1040: core_ibex_tb_top.dut.u_ibex_core.cs_registers_i.IbexCsrWdataIntKnown: started at 37230000ps failed at 37230000ps
	Offending '(!$isunknown(csr_wdata_int))'
UVM_ERROR /workspace/ibex/shared/rtl/prim_assert.sv(21) @ 3723000: reporter [ASSERT FAILED] [core_ibex_tb_top.dut.u_ibex_core.cs_registers_i.IbexCsrWdataIntKnown] IbexCsrWdataIntKnown: !$isunknown(csr_wdata_int) (/workspace/ibex/rtl/ibex_cs_registers.sv:1040)
"/workspace/ibex/rtl/ibex_load_store_unit.sv", 487: core_ibex_tb_top.dut.u_ibex_core.load_store_unit_i.IbexDataOffsetKnown: started at 37250000ps failed at 37250000ps
	Offending '(!$isunknown(data_offset))'
UVM_ERROR /workspace/ibex/shared/rtl/prim_assert.sv(21) @ 3725000: reporter [ASSERT FAILED] [core_ibex_tb_top.dut.u_ibex_core.load_store_unit_i.IbexDataOffsetKnown] IbexDataOffsetKnown: !$isunknown(data_offset) (/workspace/ibex/rtl/ibex_load_store_unit.sv:487)
"/workspace/ibex/rtl/ibex_cs_registers.sv", 1040: core_ibex_tb_top.dut.u_ibex_core.cs_registers_i.IbexCsrWdataIntKnown: started at 37250000ps failed at 37250000ps
	Offending '(!$isunknown(csr_wdata_int))'
UVM_ERROR /workspace/ibex/shared/rtl/prim_assert.sv(21) @ 3725000: reporter [ASSERT FAILED] [core_ibex_tb_top.dut.u_ibex_core.cs_registers_i.IbexCsrWdataIntKnown] IbexCsrWdataIntKnown: !$isunknown(csr_wdata_int) (/workspace/ibex/rtl/ibex_cs_registers.sv:1040)
"/workspace/ibex/rtl/ibex_load_store_unit.sv", 487: core_ibex_tb_top.dut.u_ibex_core.load_store_unit_i.IbexDataOffsetKnown: started at 37270000ps failed at 37270000ps
	Offending '(!$isunknown(data_offset))'
UVM_ERROR /workspace/ibex/shared/rtl/prim_assert.sv(21) @ 3727000: reporter [ASSERT FAILED] [core_ibex_tb_top.dut.u_ibex_core.load_store_unit_i.IbexDataOffsetKnown] IbexDataOffsetKnown: !$isunknown(data_offset) (/workspace/ibex/rtl/ibex_load_store_unit.sv:487)
"/workspace/ibex/rtl/ibex_cs_registers.sv", 1040: core_ibex_tb_top.dut.u_ibex_core.cs_registers_i.IbexCsrWdataIntKnown: started at 37270000ps failed at 37270000ps
	Offending '(!$isunknown(csr_wdata_int))'
UVM_ERROR /workspace/ibex/shared/rtl/prim_assert.sv(21) @ 3727000: reporter [ASSERT FAILED] [core_ibex_tb_top.dut.u_ibex_core.cs_registers_i.IbexCsrWdataIntKnown] IbexCsrWdataIntKnown: !$isunknown(csr_wdata_int) (/workspace/ibex/rtl/ibex_cs_registers.sv:1040)
"/workspace/ibex/rtl/ibex_load_store_unit.sv", 487: core_ibex_tb_top.dut.u_ibex_core.load_store_unit_i.IbexDataOffsetKnown: started at 37290000ps failed at 37290000ps
	Offending '(!$isunknown(data_offset))'
UVM_ERROR /workspace/ibex/shared/rtl/prim_assert.sv(21) @ 3729000: reporter [ASSERT FAILED] [core_ibex_tb_top.dut.u_ibex_core.load_store_unit_i.IbexDataOffsetKnown] IbexDataOffsetKnown: !$isunknown(data_offset) (/workspace/ibex/rtl/ibex_load_store_unit.sv:487)
"/workspace/ibex/rtl/ibex_cs_registers.sv", 1040: core_ibex_tb_top.dut.u_ibex_core.cs_registers_i.IbexCsrWdataIntKnown: started at 37290000ps failed at 37290000ps
	Offending '(!$isunknown(csr_wdata_int))'
UVM_ERROR /workspace/ibex/shared/rtl/prim_assert.sv(21) @ 3729000: reporter [ASSERT FAILED] [core_ibex_tb_top.dut.u_ibex_core.cs_registers_i.IbexCsrWdataIntKnown] IbexCsrWdataIntKnown: !$isunknown(csr_wdata_int) (/workspace/ibex/rtl/ibex_cs_registers.sv:1040)
"/workspace/ibex/rtl/ibex_load_store_unit.sv", 487: core_ibex_tb_top.dut.u_ibex_core.load_store_unit_i.IbexDataOffsetKnown: started at 37310000ps failed at 37310000ps
	Offending '(!$isunknown(data_offset))'
UVM_ERROR /workspace/ibex/shared/rtl/prim_assert.sv(21) @ 3731000: reporter [ASSERT FAILED] [core_ibex_tb_top.dut.u_ibex_core.load_store_unit_i.IbexDataOffsetKnown] IbexDataOffsetKnown: !$isunknown(data_offset) (/workspace/ibex/rtl/ibex_load_store_unit.sv:487)
"/workspace/ibex/rtl/ibex_cs_registers.sv", 1040: core_ibex_tb_top.dut.u_ibex_core.cs_registers_i.IbexCsrWdataIntKnown: started at 37310000ps failed at 37310000ps
	Offending '(!$isunknown(csr_wdata_int))'
UVM_ERROR /workspace/ibex/shared/rtl/prim_assert.sv(21) @ 3731000: reporter [ASSERT FAILED] [core_ibex_tb_top.dut.u_ibex_core.cs_registers_i.IbexCsrWdataIntKnown] IbexCsrWdataIntKnown: !$isunknown(csr_wdata_int) (/workspace/ibex/rtl/ibex_cs_registers.sv:1040)
"/workspace/ibex/rtl/ibex_load_store_unit.sv", 487: core_ibex_tb_top.dut.u_ibex_core.load_store_unit_i.IbexDataOffsetKnown: started at 37330000ps failed at 37330000ps
	Offending '(!$isunknown(data_offset))'
UVM_ERROR /workspace/ibex/shared/rtl/prim_assert.sv(21) @ 3733000: reporter [ASSERT FAILED] [core_ibex_tb_top.dut.u_ibex_core.load_store_unit_i.IbexDataOffsetKnown] IbexDataOffsetKnown: !$isunknown(data_offset) (/workspace/ibex/rtl/ibex_load_store_unit.sv:487)
"/workspace/ibex/rtl/ibex_cs_registers.sv", 1040: core_ibex_tb_top.dut.u_ibex_core.cs_registers_i.IbexCsrWdataIntKnown: started at 37330000ps failed at 37330000ps
	Offending '(!$isunknown(csr_wdata_int))'
UVM_ERROR /workspace/ibex/shared/rtl/prim_assert.sv(21) @ 3733000: reporter [ASSERT FAILED] [core_ibex_tb_top.dut.u_ibex_core.cs_registers_i.IbexCsrWdataIntKnown] IbexCsrWdataIntKnown: !$isunknown(csr_wdata_int) (/workspace/ibex/rtl/ibex_cs_registers.sv:1040)
"/workspace/ibex/rtl/ibex_load_store_unit.sv", 487: core_ibex_tb_top.dut.u_ibex_core.load_store_unit_i.IbexDataOffsetKnown: started at 37350000ps failed at 37350000ps
	Offending '(!$isunknown(data_offset))'
UVM_ERROR /workspace/ibex/shared/rtl/prim_assert.sv(21) @ 3735000: reporter [ASSERT FAILED] [core_ibex_tb_top.dut.u_ibex_core.load_store_unit_i.IbexDataOffsetKnown] IbexDataOffsetKnown: !$isunknown(data_offset) (/workspace/ibex/rtl/ibex_load_store_unit.sv:487)
"/workspace/ibex/rtl/ibex_cs_registers.sv", 1040: core_ibex_tb_top.dut.u_ibex_core.cs_registers_i.IbexCsrWdataIntKnown: started at 37350000ps failed at 37350000ps
	Offending '(!$isunknown(csr_wdata_int))'
UVM_ERROR /workspace/ibex/shared/rtl/prim_assert.sv(21) @ 3735000: reporter [ASSERT FAILED] [core_ibex_tb_top.dut.u_ibex_core.cs_registers_i.IbexCsrWdataIntKnown] IbexCsrWdataIntKnown: !$isunknown(csr_wdata_int) (/workspace/ibex/rtl/ibex_cs_registers.sv:1040)
"/workspace/ibex/rtl/ibex_load_store_unit.sv", 487: core_ibex_tb_top.dut.u_ibex_core.load_store_unit_i.IbexDataOffsetKnown: started at 37370000ps failed at 37370000ps
	Offending '(!$isunknown(data_offset))'
UVM_ERROR /workspace/ibex/shared/rtl/prim_assert.sv(21) @ 3737000: reporter [ASSERT FAILED] [core_ibex_tb_top.dut.u_ibex_core.load_store_unit_i.IbexDataOffsetKnown] IbexDataOffsetKnown: !$isunknown(data_offset) (/workspace/ibex/rtl/ibex_load_store_unit.sv:487)
"/workspace/ibex/rtl/ibex_cs_registers.sv", 1040: core_ibex_tb_top.dut.u_ibex_core.cs_registers_i.IbexCsrWdataIntKnown: started at 37370000ps failed at 37370000ps
	Offending '(!$isunknown(csr_wdata_int))'
UVM_ERROR /workspace/ibex/shared/rtl/prim_assert.sv(21) @ 3737000: reporter [ASSERT FAILED] [core_ibex_tb_top.dut.u_ibex_core.cs_registers_i.IbexCsrWdataIntKnown] IbexCsrWdataIntKnown: !$isunknown(csr_wdata_int) (/workspace/ibex/rtl/ibex_cs_registers.sv:1040)
UVM_INFO /workspace/ibex/dv/uvm/tests/core_ibex_seq_lib.sv(39) @ 3819000: uvm_test_top.env.irq_agent.sequencer@@irq_drop_seq_h [uvm_test_top.env.irq_agent.sequencer.irq_drop_seq_h] Starting sequence...
UVM_INFO /workspace/ibex/dv/uvm/tests/core_ibex_seq_lib.sv(51) @ 3821000: uvm_test_top.env.irq_agent.sequencer@@irq_drop_seq_h [uvm_test_top.env.irq_agent.sequencer.irq_drop_seq_h] Exiting sequence
UVM_INFO /workspace/ibex/dv/uvm/tests/core_ibex_seq_lib.sv(39) @ 4755000: uvm_test_top.env.irq_agent.sequencer@@irq_single_seq_h [uvm_test_top.env.irq_agent.sequencer.irq_single_seq_h] Starting sequence...
UVM_INFO /workspace/ibex/dv/uvm/tests/core_ibex_seq_lib.sv(51) @ 4757000: uvm_test_top.env.irq_agent.sequencer@@irq_single_seq_h [uvm_test_top.env.irq_agent.sequencer.irq_single_seq_h] Exiting sequence
UVM_INFO /workspace/ibex/dv/uvm/tests/core_ibex_test_lib.sv(229) @ 4759000: uvm_test_top [uvm_test_top] irq: 0b10000000000000000
"/workspace/ibex/rtl/ibex_load_store_unit.sv", 487: core_ibex_tb_top.dut.u_ibex_core.load_store_unit_i.IbexDataOffsetKnown: started at 64490000ps failed at 64490000ps
	Offending '(!$isunknown(data_offset))'
UVM_ERROR /workspace/ibex/shared/rtl/prim_assert.sv(21) @ 6449000: reporter [ASSERT FAILED] [core_ibex_tb_top.dut.u_ibex_core.load_store_unit_i.IbexDataOffsetKnown] IbexDataOffsetKnown: !$isunknown(data_offset) (/workspace/ibex/rtl/ibex_load_store_unit.sv:487)
"/workspace/ibex/rtl/ibex_cs_registers.sv", 1040: core_ibex_tb_top.dut.u_ibex_core.cs_registers_i.IbexCsrWdataIntKnown: started at 64490000ps failed at 64490000ps
	Offending '(!$isunknown(csr_wdata_int))'
UVM_ERROR /workspace/ibex/shared/rtl/prim_assert.sv(21) @ 6449000: reporter [ASSERT FAILED] [core_ibex_tb_top.dut.u_ibex_core.cs_registers_i.IbexCsrWdataIntKnown] IbexCsrWdataIntKnown: !$isunknown(csr_wdata_int) (/workspace/ibex/rtl/ibex_cs_registers.sv:1040)
"/workspace/ibex/rtl/ibex_load_store_unit.sv", 487: core_ibex_tb_top.dut.u_ibex_core.load_store_unit_i.IbexDataOffsetKnown: started at 64510000ps failed at 64510000ps
	Offending '(!$isunknown(data_offset))'
UVM_ERROR /workspace/ibex/shared/rtl/prim_assert.sv(21) @ 6451000: reporter [ASSERT FAILED] [core_ibex_tb_top.dut.u_ibex_core.load_store_unit_i.IbexDataOffsetKnown] IbexDataOffsetKnown: !$isunknown(data_offset) (/workspace/ibex/rtl/ibex_load_store_unit.sv:487)
"/workspace/ibex/rtl/ibex_cs_registers.sv", 1040: core_ibex_tb_top.dut.u_ibex_core.cs_registers_i.IbexCsrWdataIntKnown: started at 64510000ps failed at 64510000ps
	Offending '(!$isunknown(csr_wdata_int))'
UVM_ERROR /workspace/ibex/shared/rtl/prim_assert.sv(21) @ 6451000: reporter [ASSERT FAILED] [core_ibex_tb_top.dut.u_ibex_core.cs_registers_i.IbexCsrWdataIntKnown] IbexCsrWdataIntKnown: !$isunknown(csr_wdata_int) (/workspace/ibex/rtl/ibex_cs_registers.sv:1040)
"/workspace/ibex/rtl/ibex_load_store_unit.sv", 487: core_ibex_tb_top.dut.u_ibex_core.load_store_unit_i.IbexDataOffsetKnown: started at 64530000ps failed at 64530000ps
	Offending '(!$isunknown(data_offset))'
UVM_ERROR /workspace/ibex/shared/rtl/prim_assert.sv(21) @ 6453000: reporter [ASSERT FAILED] [core_ibex_tb_top.dut.u_ibex_core.load_store_unit_i.IbexDataOffsetKnown] IbexDataOffsetKnown: !$isunknown(data_offset) (/workspace/ibex/rtl/ibex_load_store_unit.sv:487)
"/workspace/ibex/rtl/ibex_cs_registers.sv", 1040: core_ibex_tb_top.dut.u_ibex_core.cs_registers_i.IbexCsrWdataIntKnown: started at 64530000ps failed at 64530000ps
	Offending '(!$isunknown(csr_wdata_int))'
UVM_ERROR /workspace/ibex/shared/rtl/prim_assert.sv(21) @ 6453000: reporter [ASSERT FAILED] [core_ibex_tb_top.dut.u_ibex_core.cs_registers_i.IbexCsrWdataIntKnown] IbexCsrWdataIntKnown: !$isunknown(csr_wdata_int) (/workspace/ibex/rtl/ibex_cs_registers.sv:1040)
"/workspace/ibex/rtl/ibex_load_store_unit.sv", 487: core_ibex_tb_top.dut.u_ibex_core.load_store_unit_i.IbexDataOffsetKnown: started at 64550000ps failed at 64550000ps
	Offending '(!$isunknown(data_offset))'
UVM_ERROR /workspace/ibex/shared/rtl/prim_assert.sv(21) @ 6455000: reporter [ASSERT FAILED] [core_ibex_tb_top.dut.u_ibex_core.load_store_unit_i.IbexDataOffsetKnown] IbexDataOffsetKnown: !$isunknown(data_offset) (/workspace/ibex/rtl/ibex_load_store_unit.sv:487)
"/workspace/ibex/rtl/ibex_cs_registers.sv", 1040: core_ibex_tb_top.dut.u_ibex_core.cs_registers_i.IbexCsrWdataIntKnown: started at 64550000ps failed at 64550000ps
	Offending '(!$isunknown(csr_wdata_int))'
UVM_ERROR /workspace/ibex/shared/rtl/prim_assert.sv(21) @ 6455000: reporter [ASSERT FAILED] [core_ibex_tb_top.dut.u_ibex_core.cs_registers_i.IbexCsrWdataIntKnown] IbexCsrWdataIntKnown: !$isunknown(csr_wdata_int) (/workspace/ibex/rtl/ibex_cs_registers.sv:1040)
"/workspace/ibex/rtl/ibex_load_store_unit.sv", 487: core_ibex_tb_top.dut.u_ibex_core.load_store_unit_i.IbexDataOffsetKnown: started at 64570000ps failed at 64570000ps
	Offending '(!$isunknown(data_offset))'
UVM_ERROR /workspace/ibex/shared/rtl/prim_assert.sv(21) @ 6457000: reporter [ASSERT FAILED] [core_ibex_tb_top.dut.u_ibex_core.load_store_unit_i.IbexDataOffsetKnown] IbexDataOffsetKnown: !$isunknown(data_offset) (/workspace/ibex/rtl/ibex_load_store_unit.sv:487)
"/workspace/ibex/rtl/ibex_cs_registers.sv", 1040: core_ibex_tb_top.dut.u_ibex_core.cs_registers_i.IbexCsrWdataIntKnown: started at 64570000ps failed at 64570000ps
	Offending '(!$isunknown(csr_wdata_int))'
UVM_ERROR /workspace/ibex/shared/rtl/prim_assert.sv(21) @ 6457000: reporter [ASSERT FAILED] [core_ibex_tb_top.dut.u_ibex_core.cs_registers_i.IbexCsrWdataIntKnown] IbexCsrWdataIntKnown: !$isunknown(csr_wdata_int) (/workspace/ibex/rtl/ibex_cs_registers.sv:1040)
"/workspace/ibex/rtl/ibex_load_store_unit.sv", 487: core_ibex_tb_top.dut.u_ibex_core.load_store_unit_i.IbexDataOffsetKnown: started at 64590000ps failed at 64590000ps
	Offending '(!$isunknown(data_offset))'
UVM_ERROR /workspace/ibex/shared/rtl/prim_assert.sv(21) @ 6459000: reporter [ASSERT FAILED] [core_ibex_tb_top.dut.u_ibex_core.load_store_unit_i.IbexDataOffsetKnown] IbexDataOffsetKnown: !$isunknown(data_offset) (/workspace/ibex/rtl/ibex_load_store_unit.sv:487)
"/workspace/ibex/rtl/ibex_cs_registers.sv", 1040: core_ibex_tb_top.dut.u_ibex_core.cs_registers_i.IbexCsrWdataIntKnown: started at 64590000ps failed at 64590000ps
	Offending '(!$isunknown(csr_wdata_int))'
UVM_ERROR /workspace/ibex/shared/rtl/prim_assert.sv(21) @ 6459000: reporter [ASSERT FAILED] [core_ibex_tb_top.dut.u_ibex_core.cs_registers_i.IbexCsrWdataIntKnown] IbexCsrWdataIntKnown: !$isunknown(csr_wdata_int) (/workspace/ibex/rtl/ibex_cs_registers.sv:1040)
"/workspace/ibex/rtl/ibex_load_store_unit.sv", 487: core_ibex_tb_top.dut.u_ibex_core.load_store_unit_i.IbexDataOffsetKnown: started at 64610000ps failed at 64610000ps
	Offending '(!$isunknown(data_offset))'
UVM_ERROR /workspace/ibex/shared/rtl/prim_assert.sv(21) @ 6461000: reporter [ASSERT FAILED] [core_ibex_tb_top.dut.u_ibex_core.load_store_unit_i.IbexDataOffsetKnown] IbexDataOffsetKnown: !$isunknown(data_offset) (/workspace/ibex/rtl/ibex_load_store_unit.sv:487)
"/workspace/ibex/rtl/ibex_cs_registers.sv", 1040: core_ibex_tb_top.dut.u_ibex_core.cs_registers_i.IbexCsrWdataIntKnown: started at 64610000ps failed at 64610000ps
	Offending '(!$isunknown(csr_wdata_int))'
UVM_ERROR /workspace/ibex/shared/rtl/prim_assert.sv(21) @ 6461000: reporter [ASSERT FAILED] [core_ibex_tb_top.dut.u_ibex_core.cs_registers_i.IbexCsrWdataIntKnown] IbexCsrWdataIntKnown: !$isunknown(csr_wdata_int) (/workspace/ibex/rtl/ibex_cs_registers.sv:1040)
"/workspace/ibex/rtl/ibex_load_store_unit.sv", 487: core_ibex_tb_top.dut.u_ibex_core.load_store_unit_i.IbexDataOffsetKnown: started at 64630000ps failed at 64630000ps
	Offending '(!$isunknown(data_offset))'
UVM_ERROR /workspace/ibex/shared/rtl/prim_assert.sv(21) @ 6463000: reporter [ASSERT FAILED] [core_ibex_tb_top.dut.u_ibex_core.load_store_unit_i.IbexDataOffsetKnown] IbexDataOffsetKnown: !$isunknown(data_offset) (/workspace/ibex/rtl/ibex_load_store_unit.sv:487)
"/workspace/ibex/rtl/ibex_cs_registers.sv", 1040: core_ibex_tb_top.dut.u_ibex_core.cs_registers_i.IbexCsrWdataIntKnown: started at 64630000ps failed at 64630000ps
	Offending '(!$isunknown(csr_wdata_int))'
UVM_ERROR /workspace/ibex/shared/rtl/prim_assert.sv(21) @ 6463000: reporter [ASSERT FAILED] [core_ibex_tb_top.dut.u_ibex_core.cs_registers_i.IbexCsrWdataIntKnown] IbexCsrWdataIntKnown: !$isunknown(csr_wdata_int) (/workspace/ibex/rtl/ibex_cs_registers.sv:1040)
"/workspace/ibex/rtl/ibex_load_store_unit.sv", 487: core_ibex_tb_top.dut.u_ibex_core.load_store_unit_i.IbexDataOffsetKnown: started at 64650000ps failed at 64650000ps
	Offending '(!$isunknown(data_offset))'
UVM_ERROR /workspace/ibex/shared/rtl/prim_assert.sv(21) @ 6465000: reporter [ASSERT FAILED] [core_ibex_tb_top.dut.u_ibex_core.load_store_unit_i.IbexDataOffsetKnown] IbexDataOffsetKnown: !$isunknown(data_offset) (/workspace/ibex/rtl/ibex_load_store_unit.sv:487)
"/workspace/ibex/rtl/ibex_cs_registers.sv", 1040: core_ibex_tb_top.dut.u_ibex_core.cs_registers_i.IbexCsrWdataIntKnown: started at 64650000ps failed at 64650000ps
	Offending '(!$isunknown(csr_wdata_int))'
UVM_ERROR /workspace/ibex/shared/rtl/prim_assert.sv(21) @ 6465000: reporter [ASSERT FAILED] [core_ibex_tb_top.dut.u_ibex_core.cs_registers_i.IbexCsrWdataIntKnown] IbexCsrWdataIntKnown: !$isunknown(csr_wdata_int) (/workspace/ibex/rtl/ibex_cs_registers.sv:1040)
"/workspace/ibex/rtl/ibex_load_store_unit.sv", 487: core_ibex_tb_top.dut.u_ibex_core.load_store_unit_i.IbexDataOffsetKnown: started at 64670000ps failed at 64670000ps
	Offending '(!$isunknown(data_offset))'
UVM_ERROR /workspace/ibex/shared/rtl/prim_assert.sv(21) @ 6467000: reporter [ASSERT FAILED] [core_ibex_tb_top.dut.u_ibex_core.load_store_unit_i.IbexDataOffsetKnown] IbexDataOffsetKnown: !$isunknown(data_offset) (/workspace/ibex/rtl/ibex_load_store_unit.sv:487)
"/workspace/ibex/rtl/ibex_cs_registers.sv", 1040: core_ibex_tb_top.dut.u_ibex_core.cs_registers_i.IbexCsrWdataIntKnown: started at 64670000ps failed at 64670000ps
	Offending '(!$isunknown(csr_wdata_int))'
UVM_ERROR /workspace/ibex/shared/rtl/prim_assert.sv(21) @ 6467000: reporter [ASSERT FAILED] [core_ibex_tb_top.dut.u_ibex_core.cs_registers_i.IbexCsrWdataIntKnown] IbexCsrWdataIntKnown: !$isunknown(csr_wdata_int) (/workspace/ibex/rtl/ibex_cs_registers.sv:1040)
"/workspace/ibex/rtl/ibex_load_store_unit.sv", 487: core_ibex_tb_top.dut.u_ibex_core.load_store_unit_i.IbexDataOffsetKnown: started at 64690000ps failed at 64690000ps
	Offending '(!$isunknown(data_offset))'
UVM_ERROR /workspace/ibex/shared/rtl/prim_assert.sv(21) @ 6469000: reporter [ASSERT FAILED] [core_ibex_tb_top.dut.u_ibex_core.load_store_unit_i.IbexDataOffsetKnown] IbexDataOffsetKnown: !$isunknown(data_offset) (/workspace/ibex/rtl/ibex_load_store_unit.sv:487)
"/workspace/ibex/rtl/ibex_cs_registers.sv", 1040: core_ibex_tb_top.dut.u_ibex_core.cs_registers_i.IbexCsrWdataIntKnown: started at 64690000ps failed at 64690000ps
	Offending '(!$isunknown(csr_wdata_int))'
UVM_ERROR /workspace/ibex/shared/rtl/prim_assert.sv(21) @ 6469000: reporter [ASSERT FAILED] [core_ibex_tb_top.dut.u_ibex_core.cs_registers_i.IbexCsrWdataIntKnown] IbexCsrWdataIntKnown: !$isunknown(csr_wdata_int) (/workspace/ibex/rtl/ibex_cs_registers.sv:1040)
UVM_INFO /workspace/ibex/dv/uvm/tests/core_ibex_seq_lib.sv(39) @ 6549000: uvm_test_top.env.irq_agent.sequencer@@irq_drop_seq_h [uvm_test_top.env.irq_agent.sequencer.irq_drop_seq_h] Starting sequence...
UVM_INFO /workspace/ibex/dv/uvm/tests/core_ibex_seq_lib.sv(51) @ 6549000: uvm_test_top.env.irq_agent.sequencer@@irq_drop_seq_h [uvm_test_top.env.irq_agent.sequencer.irq_drop_seq_h] Exiting sequence
UVM_INFO /workspace/ibex/dv/uvm/tests/core_ibex_seq_lib.sv(60) @ 32907000: uvm_test_top.env.irq_agent.sequencer@@irq_single_seq_h [uvm_test_top.env.irq_agent.sequencer.irq_single_seq_h] Stopping sequence
UVM_INFO /workspace/ibex/dv/uvm/tests/core_ibex_seq_lib.sv(60) @ 32907000: uvm_test_top.env.irq_agent.sequencer@@irq_drop_seq_h [uvm_test_top.env.irq_agent.sequencer.irq_drop_seq_h] Stopping sequence
UVM_INFO /workspace/ibex/dv/uvm/tests/core_ibex_base_test.sv(114) @ 32907000: uvm_test_top [uvm_test_top] ECALL instruction is detected, test done
UVM_INFO $VCS_HOME/etc/uvm-1.2/base/uvm_objection.svh(1276) @ 38905000: reporter [TEST_DONE] 'run' phase is ready to proceed to the 'extract' phase

--- RISC-V UVM TEST FAILED ---

UVM_INFO $VCS_HOME/etc/uvm-1.2/base/uvm_report_catcher.svh(705) @ 38905000: reporter [UVM/REPORT/CATCHER] 
--- UVM Report catcher Summary ---


Number of demoted UVM_FATAL reports  :    0
Number of demoted UVM_ERROR reports  :    0
Number of demoted UVM_WARNING reports:    0
Number of caught UVM_FATAL reports   :    0
Number of caught UVM_ERROR reports   :    0
Number of caught UVM_WARNING reports :    0

UVM_INFO $VCS_HOME/etc/uvm-1.2/base/uvm_report_server.svh(904) @ 38905000: reporter [UVM/REPORT/SERVER] 
--- UVM Report Summary ---

** Report counts by severity
UVM_INFO :   20
UVM_WARNING :    0
UVM_ERROR :   64
UVM_FATAL :    0
** Report counts by id
[ASSERT FAILED]    64
[RNTST]     1
[TEST_DONE]     1
[UVM/RELNOTES]     1
[UVM/REPORT/CATCHER]     1
[uvm_test_top]     4
[uvm_test_top.env.data_if_slave_agent.sequencer.data_intf_seq]     1
[uvm_test_top.env.instr_if_slave_agent.sequencer.instr_intf_seq]     1
[uvm_test_top.env.irq_agent.sequencer.irq_drop_seq_h]     5
[uvm_test_top.env.irq_agent.sequencer.irq_single_seq_h]     5

$finish called from file "$VCS_HOME/etc/uvm-1.2/base/uvm_root.svh", line 527.
$finish at simulation time             38905000
           V C S   S i m u l a t i o n   R e p o r t 
Time: 389050000 ps
CPU Time:      3.000 seconds;       Data structure size:   0.8Mb
Thu Mar 19 21:19:12 2026
